Archive member included because of file (symbol)

C:\Users\umar.hassan\AppData\Local\arduino15\packages\arduino\hardware\sam\1.6.11\variants\arduino_due_x/libsam_sam3x8e_gcc_rel.a(pio.o)
                              Wire\Wire.cpp.o (PIO_Configure)
C:\Users\umar.hassan\AppData\Local\arduino15\packages\arduino\hardware\sam\1.6.11\variants\arduino_due_x/libsam_sam3x8e_gcc_rel.a(pmc.o)
                              Wire\Wire.cpp.o (pmc_enable_periph_clk)
C:\Users\umar.hassan\AppData\Local\arduino15\packages\arduino\hardware\sam\1.6.11\variants\arduino_due_x/libsam_sam3x8e_gcc_rel.a(twi.o)
                              Wire\Wire.cpp.o (TWI_SetClock)
C:\Users\umar.hassan\AppData\Local\arduino15\packages\arduino\hardware\sam\1.6.11\variants\arduino_due_x/libsam_sam3x8e_gcc_rel.a(system_sam3xa.o)
                              C:\Users\umar.hassan\AppData\Local\Temp\VMBCore\arduino16x\96064b3bf0c28eb0b92f819e82d46fb7\variant\variant.cpp.o (SystemInit)
C:\Users\umar.hassan\AppData\Local\arduino15\packages\arduino\hardware\sam\1.6.11\variants\arduino_due_x/libsam_sam3x8e_gcc_rel.a(startup_sam3xa.o)
                              (Reset_Handler)
C:\Users\umar.hassan\AppData\Local\arduino15\packages\arduino\hardware\sam\1.6.11\variants\arduino_due_x/libsam_sam3x8e_gcc_rel.a(adc.o)
                              C:\Users\umar.hassan\AppData\Local\Temp\VMBCore\arduino16x\96064b3bf0c28eb0b92f819e82d46fb7\variant\variant.cpp.o (adc_init)
C:\Users\umar.hassan\AppData\Local\arduino15\packages\arduino\hardware\sam\1.6.11\variants\arduino_due_x/libsam_sam3x8e_gcc_rel.a(uotghs.o)
                              C:\Users\umar.hassan\AppData\Local\arduino15\packages\arduino\hardware\sam\1.6.11\variants\arduino_due_x/libsam_sam3x8e_gcc_rel.a(startup_sam3xa.o) (UOTGHS_Handler)
C:\Users\umar.hassan\AppData\Local\Temp\VMBuilds\PhysLoggerFW\arduino_due_x_dbg\Release/core.a(cortex_handlers.c.o)
                              C:\Users\umar.hassan\AppData\Local\arduino15\packages\arduino\hardware\sam\1.6.11\variants\arduino_due_x/libsam_sam3x8e_gcc_rel.a(startup_sam3xa.o) (NMI_Handler)
C:\Users\umar.hassan\AppData\Local\Temp\VMBuilds\PhysLoggerFW\arduino_due_x_dbg\Release/core.a(hooks.c.o)
                              C:\Users\umar.hassan\AppData\Local\Temp\VMBuilds\PhysLoggerFW\arduino_due_x_dbg\Release/core.a(cortex_handlers.c.o) (sysTickHook)
C:\Users\umar.hassan\AppData\Local\Temp\VMBuilds\PhysLoggerFW\arduino_due_x_dbg\Release/core.a(syscalls_sam3.c.o)
                              (_sbrk)
C:\Users\umar.hassan\AppData\Local\Temp\VMBuilds\PhysLoggerFW\arduino_due_x_dbg\Release/core.a(wiring.c.o)
                              PacketCommands.cpp.o (millis)
C:\Users\umar.hassan\AppData\Local\Temp\VMBuilds\PhysLoggerFW\arduino_due_x_dbg\Release/core.a(wiring_analog.c.o)
                              C:\Users\umar.hassan\AppData\Local\Temp\VMBCore\arduino16x\96064b3bf0c28eb0b92f819e82d46fb7\variant\variant.cpp.o (analogOutputInit)
C:\Users\umar.hassan\AppData\Local\Temp\VMBuilds\PhysLoggerFW\arduino_due_x_dbg\Release/core.a(wiring_digital.c.o)
                              C:\Users\umar.hassan\AppData\Local\Temp\VMBuilds\PhysLoggerFW\arduino_due_x_dbg\Release/core.a(wiring_analog.c.o) (pinMode)
C:\Users\umar.hassan\AppData\Local\Temp\VMBuilds\PhysLoggerFW\arduino_due_x_dbg\Release/core.a(abi.cpp.o)
                              Wire\Wire.cpp.o (__cxa_pure_virtual)
C:\Users\umar.hassan\AppData\Local\Temp\VMBuilds\PhysLoggerFW\arduino_due_x_dbg\Release/core.a(main.cpp.o)
                              c:/users/umar.hassan/appdata/local/arduino15/packages/arduino/tools/arm-none-eabi-gcc/4.8.3-2014q1/bin/../lib/gcc/arm-none-eabi/4.8.3/../../../../arm-none-eabi/lib/armv7-m/crt0.o (main)
C:\Users\umar.hassan\AppData\Local\Temp\VMBuilds\PhysLoggerFW\arduino_due_x_dbg\Release/core.a(new.cpp.o)
                              i2cInstrument.cpp.o (operator new[](unsigned int))
C:\Users\umar.hassan\AppData\Local\Temp\VMBuilds\PhysLoggerFW\arduino_due_x_dbg\Release/core.a(Print.cpp.o)
                              Wire\Wire.cpp.o (Print::write(unsigned char const*, unsigned int))
C:\Users\umar.hassan\AppData\Local\Temp\VMBuilds\PhysLoggerFW\arduino_due_x_dbg\Release/core.a(Reset.cpp.o)
                              C:\Users\umar.hassan\AppData\Local\Temp\VMBuilds\PhysLoggerFW\arduino_due_x_dbg\Release/core.a(cortex_handlers.c.o) (tickReset)
C:\Users\umar.hassan\AppData\Local\Temp\VMBuilds\PhysLoggerFW\arduino_due_x_dbg\Release/core.a(RingBuffer.cpp.o)
                              C:\Users\umar.hassan\AppData\Local\Temp\VMBCore\arduino16x\96064b3bf0c28eb0b92f819e82d46fb7\variant\variant.cpp.o (RingBuffer::RingBuffer())
C:\Users\umar.hassan\AppData\Local\Temp\VMBuilds\PhysLoggerFW\arduino_due_x_dbg\Release/core.a(Stream.cpp.o)
                              PacketCommands.cpp.o (Stream::readBytes(char*, unsigned int))
C:\Users\umar.hassan\AppData\Local\Temp\VMBuilds\PhysLoggerFW\arduino_due_x_dbg\Release/core.a(UARTClass.cpp.o)
[...]
Memory Configuration

Name             Origin             Length             Attributes
rom              0x00080000         0x00080000         xr
sram0            0x20000000         0x00010000         xrw
sram1            0x20080000         0x00008000         xrw
ram              0x20070000         0x00018000         xrw
*default*        0x00000000         0xffffffff

Linker script and memory map

LOAD c:/users/umar.hassan/appdata/local/arduino15/packages/arduino/tools/arm-none-eabi-gcc/4.8.3-2014q1/bin/../lib/gcc/arm-none-eabi/4.8.3/armv7-m/crti.o
LOAD c:/users/umar.hassan/appdata/local/arduino15/packages/arduino/tools/arm-none-eabi-gcc/4.8.3-2014q1/bin/../lib/gcc/arm-none-eabi/4.8.3/armv7-m/crtbegin.o
LOAD c:/users/umar.hassan/appdata/local/arduino15/packages/arduino/tools/arm-none-eabi-gcc/4.8.3-2014q1/bin/../lib/gcc/arm-none-eabi/4.8.3/../../../../arm-none-eabi/lib/armv7-m/crt0.o
START GROUP
LOAD PhysLoggerFW.cpp.o
LOAD commonMethods.cpp.o
LOAD i2cInstrument.cpp.o
LOAD PacketCommands.cpp.o
LOAD Wire\Wire.cpp.o
LOAD C:\Users\umar.hassan\AppData\Local\Temp\VMBCore\arduino16x\96064b3bf0c28eb0b92f819e82d46fb7\variant\variant.cpp.o
LOAD C:\Users\umar.hassan\AppData\Local\arduino15\packages\arduino\hardware\sam\1.6.11\variants\arduino_due_x/libsam_sam3x8e_gcc_rel.a
LOAD C:\Users\umar.hassan\AppData\Local\Temp\VMBuilds\PhysLoggerFW\arduino_due_x_dbg\Release/core.a
END GROUP
LOAD c:/users/umar.hassan/appdata/local/arduino15/packages/arduino/tools/arm-none-eabi-gcc/4.8.3-2014q1/bin/../lib/gcc/arm-none-eabi/4.8.3/../../../../arm-none-eabi/lib/armv7-m\libm.a
START GROUP
LOAD c:/users/umar.hassan/appdata/local/arduino15/packages/arduino/tools/arm-none-eabi-gcc/4.8.3-2014q1/bin/../lib/gcc/arm-none-eabi/4.8.3/armv7-m\libgcc.a
LOAD c:/users/umar.hassan/appdata/local/arduino15/packages/arduino/tools/arm-none-eabi-gcc/4.8.3-2014q1/bin/../lib/gcc/arm-none-eabi/4.8.3/../../../../arm-none-eabi/lib/armv7-m\libg.a
LOAD c:/users/umar.hassan/appdata/local/arduino15/packages/arduino/tools/arm-none-eabi-gcc/4.8.3-2014q1/bin/../lib/gcc/arm-none-eabi/4.8.3/../../../../arm-none-eabi/lib/armv7-m\libc.a
END GROUP
LOAD c:/users/umar.hassan/appdata/local/arduino15/packages/arduino/tools/arm-none-eabi-gcc/4.8.3-2014q1/bin/../lib/gcc/arm-none-eabi/4.8.3/armv7-m/crtend.o
LOAD c:/users/umar.hassan/appdata/local/arduino15/packages/arduino/tools/arm-none-eabi-gcc/4.8.3-2014q1/bin/../lib/gcc/arm-none-eabi/4.8.3/armv7-m/crtn.o

.text           0x00080000     0x5c60
                0x00080000                . = ALIGN (0x4)
                0x00080000                _sfixed = .
 *(.vectors .vectors.*)
 .vectors       0x00080000       0xf4 C:\Users\umar.hassan\AppData\Local\arduino15\packages\arduino\hardware\sam\1.6.11\variants\arduino_due_x/libsam_sam3x8e_gcc_rel.a(startup_sam3xa.o)
                0x00080000                exception_table
 *(.text .text.* .gnu.linkonce.t.*)
 .text          0x000800f4       0x54 c:/users/umar.hassan/appdata/local/arduino15/packages/arduino/tools/arm-none-eabi-gcc/4.8.3-2014q1/bin/../lib/gcc/arm-none-eabi/4.8.3/armv7-m/crtbegin.o
 .text.setup    0x00080148       0x24 PhysLoggerFW.cpp.o
                0x00080148                setup
 .text.loop     0x0008016c       0x3c PhysLoggerFW.cpp.o
                0x0008016c                loop
 .text._ZN7TwoWire5writeEPKhj
                0x000801a8       0x50 Wire\Wire.cpp.o
                0x000801a8                TwoWire::write(unsigned char const*, unsigned int)
 .text._ZN7TwoWire9availableEv
                0x000801f8        0xc Wire\Wire.cpp.o
                0x000801f8                TwoWire::available()
 .text._ZN7TwoWire4readEv
                0x00080204       0x1e Wire\Wire.cpp.o
                0x00080204                TwoWire::read()
 .text._ZN7TwoWire4peekEv
                0x00080222       0x16 Wire\Wire.cpp.o
                0x00080222                TwoWire::peek()
 .text._ZN7TwoWire5flushEv
                0x00080238        0x2 Wire\Wire.cpp.o
                0x00080238                TwoWire::flush()
 .text._ZN7TwoWire5writeEh
                0x0008023a       0x3a Wire\Wire.cpp.o
                0x0008023a                TwoWire::write(unsigned char)
 .text._ZL9Wire_Initv
                0x00080274       0x54 Wire\Wire.cpp.o
 .text._ZL12Wire1_Deinitv
                0x000802c8       0x18 Wire\Wire.cpp.o
 .text._ZL11Wire_Deinitv
                0x000802e0       0x18 Wire\Wire.cpp.o
 .text._ZL10Wire1_Initv
                0x000802f8       0x54 Wire\Wire.cpp.o
 .text._ZN7TwoWireC2EP3TwiPFvvES3_
                0x0008034c       0x48 Wire\Wire.cpp.o
                0x0008034c                TwoWire::TwoWire(Twi*, void (*)(), void (*)())
                0x0008034c                TwoWire::TwoWire(Twi*, void (*)(), void (*)())
 .text._ZN7TwoWire9onServiceEv
                0x00080394      0x118 Wire\Wire.cpp.o
                0x00080394                TwoWire::onService()
 .text.TWI1_Handler
                0x000804ac        0xc Wire\Wire.cpp.o
                0x000804ac                TWI1_Handler
 .text.TWI0_Handler
                0x000804b8        0xc Wire\Wire.cpp.o
                0x000804b8                TWI0_Handler
 .text.startup._GLOBAL__sub_I__ZN7TwoWireC2EP3TwiPFvvES3_
                0x000804c4       0x40 Wire\Wire.cpp.o
 .text._Z11serialEventv
                0x00080504        0x2 C:\Users\umar.hassan\AppData\Local\Temp\VMBCore\arduino16x\96064b3bf0c28eb0b92f819e82d46fb7\variant\variant.cpp.o
                0x00080504                serialEvent()
 *fill*         0x00080506        0x2 
 .text.UART_Handler
                0x00080508        0xc C:\Users\umar.hassan\AppData\Local\Temp\VMBCore\arduino16x\96064b3bf0c28eb0b92f819e82d46fb7\variant\variant.cpp.o
                0x00080508                UART_Handler
 .text._Z12serialEvent1v
                0x00080514        0x2 C:\Users\umar.hassan\AppData\Local\Temp\VMBCore\arduino16x\96064b3bf0c28eb0b92f819e82d46fb7\variant\variant.cpp.o
                0x00080514                serialEvent1()
 .text._Z12serialEvent2v
                0x00080516        0x2 C:\Users\umar.hassan\AppData\Local\Temp\VMBCore\arduino16x\96064b3bf0c28eb0b92f819e82d46fb7\variant\variant.cpp.o
                0x00080516                serialEvent2()
 .text._Z12serialEvent3v
                0x00080518        0x2 C:\Users\umar.hassan\AppData\Local\Temp\VMBCore\arduino16x\96064b3bf0c28eb0b92f819e82d46fb7\variant\variant.cpp.o
                0x00080518                serialEvent3()
 *fill*         0x0008051a        0x2 
 .text.USART0_Handler
                0x0008051c        0xc C:\Users\umar.hassan\AppData\Local\Temp\VMBCore\arduino16x\96064b3bf0c28eb0b92f819e82d46fb7\variant\variant.cpp.o
                0x0008051c                USART0_Handler
 .text.USART1_Handler
                0x00080528        0xc C:\Users\umar.hassan\AppData\Local\Temp\VMBCore\arduino16x\96064b3bf0c28eb0b92f819e82d46fb7\variant\variant.cpp.o
                0x00080528                USART1_Handler
 .text.USART3_Handler
                0x00080534        0xc C:\Users\umar.hassan\AppData\Local\Temp\VMBCore\arduino16x\96064b3bf0c28eb0b92f819e82d46fb7\variant\variant.cpp.o
                0x00080534                USART3_Handler
 .text.init     0x00080540      0x128 C:\Users\umar.hassan\AppData\Local\Temp\VMBCore\arduino16x\96064b3bf0c28eb0b92f819e82d46fb7\variant\variant.cpp.o
                0x00080540                init
 .text.startup._GLOBAL__sub_I_g_APinDescription
                0x00080668       0xd4 C:\Users\umar.hassan\AppData\Local\Temp\VMBCore\arduino16x\96064b3bf0c28eb0b92f819e82d46fb7\variant\variant.cpp.o
 .text._Z14serialEventRunv
                0x0008073c       0x44 C:\Users\umar.hassan\AppData\Local\Temp\VMBCore\arduino16x\96064b3bf0c28eb0b92f819e82d46fb7\variant\variant.cpp.o
                0x0008073c                serialEventRun()
 .text.PIO_PullUp
                0x00080780        0xa C:\Users\umar.hassan\AppData\Local\arduino15\packages\arduino\hardware\sam\1.6.11\variants\arduino_due_x/libsam_sam3x8e_gcc_rel.a(pio.o)
                0x00080780                PIO_PullUp
 .text.PIO_SetPeripheral
                0x0008078a       0x26 C:\Users\umar.hassan\AppData\Local\arduino15\packages\arduino\hardware\sam\1.6.11\variants\arduino_due_x/libsam_sam3x8e_gcc_rel.a(pio.o)
                0x0008078a                PIO_SetPeripheral
 .text.PIO_SetInput
                0x000807b0       0x26 C:\Users\umar.hassan\AppData\Local\arduino15\packages\arduino\hardware\sam\1.6.11\variants\arduino_due_x/libsam_sam3x8e_gcc_rel.a(pio.o)
                0x000807b0                PIO_SetInput
 .text.PIO_SetOutput
                0x000807d6       0x24 C:\Users\umar.hassan\AppData\Local\arduino15\packages\arduino\hardware\sam\1.6.11\variants\arduino_due_x/libsam_sam3x8e_gcc_rel.a(pio.o)
                0x000807d6                PIO_SetOutput
 *fill*         0x000807fa        0x2 
 .text.PIO_Configure
                0x000807fc       0x64 C:\Users\umar.hassan\AppData\Local\arduino15\packages\arduino\hardware\sam\1.6.11\variants\arduino_due_x/libsam_sam3x8e_gcc_rel.a(pio.o)
                0x000807fc                PIO_Configure
 .text.PIO_GetOutputDataStatus
                0x00080860       0x14 C:\Users\umar.hassan\AppData\Local\arduino15\packages\arduino\hardware\sam\1.6.11\variants\arduino_due_x/libsam_sam3x8e_gcc_rel.a(pio.o)
                0x00080860                PIO_GetOutputDataStatus
 .text.pmc_enable_upll_clock
                0x00080874       0x14 C:\Users\umar.hassan\AppData\Local\arduino15\packages\arduino\hardware\sam\1.6.11\variants\arduino_due_x/libsam_sam3x8e_gcc_rel.a(pmc.o)
                0x00080874                pmc_enable_upll_clock
 .text.pmc_enable_periph_clk
                0x00080888       0x44 C:\Users\umar.hassan\AppData\Local\arduino15\packages\arduino\hardware\sam\1.6.11\variants\arduino_due_x/libsam_sam3x8e_gcc_rel.a(pmc.o)
                0x00080888                pmc_enable_periph_clk
 .text.pmc_disable_periph_clk
                0x000808cc       0x40 C:\Users\umar.hassan\AppData\Local\arduino15\packages\arduino\hardware\sam\1.6.11\variants\arduino_due_x/libsam_sam3x8e_gcc_rel.a(pmc.o)
                0x000808cc                pmc_disable_periph_clk
 .text.pmc_switch_udpck_to_upllck
                0x0008090c       0x14 C:\Users\umar.hassan\AppData\Local\arduino15\packages\arduino\hardware\sam\1.6.11\variants\arduino_due_x/libsam_sam3x8e_gcc_rel.a(pmc.o)
                0x0008090c                pmc_switch_udpck_to_upllck
 .text.pmc_enable_udpck
                0x00080920        0xc C:\Users\umar.hassan\AppData\Local\arduino15\packages\arduino\hardware\sam\1.6.11\variants\arduino_due_x/libsam_sam3x8e_gcc_rel.a(pmc.o)
                0x00080920                pmc_enable_udpck
 .text.TWI_ReadByte
                0x0008092c       0x28 C:\Users\umar.hassan\AppData\Local\arduino15\packages\arduino\hardware\sam\1.6.11\variants\arduino_due_x/libsam_sam3x8e_gcc_rel.a(twi.o)
                0x0008092c                TWI_ReadByte
 .text.TWI_WriteByte
                0x00080954       0x24 C:\Users\umar.hassan\AppData\Local\arduino15\packages\arduino\hardware\sam\1.6.11\variants\arduino_due_x/libsam_sam3x8e_gcc_rel.a(twi.o)
                0x00080954                TWI_WriteByte
 .text.TWI_EnableIt
                0x00080978       0x40 C:\Users\umar.hassan\AppData\Local\arduino15\packages\arduino\hardware\sam\1.6.11\variants\arduino_due_x/libsam_sam3x8e_gcc_rel.a(twi.o)
                0x00080978                TWI_EnableIt
 .text.TWI_DisableIt
                0x000809b8       0x40 C:\Users\umar.hassan\AppData\Local\arduino15\packages\arduino\hardware\sam\1.6.11\variants\arduino_due_x/libsam_sam3x8e_gcc_rel.a(twi.o)
                0x000809b8                TWI_DisableIt
 .text.TWI_GetStatus
                0x000809f8       0x28 C:\Users\umar.hassan\AppData\Local\arduino15\packages\arduino\hardware\sam\1.6.11\variants\arduino_due_x/libsam_sam3x8e_gcc_rel.a(twi.o)
                0x000809f8                TWI_GetStatus
 .text.SystemInit
                0x00080a20       0x88 C:\Users\umar.hassan\AppData\Local\arduino15\packages\arduino\hardware\sam\1.6.11\variants\arduino_due_x/libsam_sam3x8e_gcc_rel.a(system_sam3xa.o)
                0x00080a20                SystemInit
 .text.Reset_Handler
                0x00080aa8       0x78 C:\Users\umar.hassan\AppData\Local\arduino15\packages\arduino\hardware\sam\1.6.11\variants\arduino_due_x/libsam_sam3x8e_gcc_rel.a(startup_sam3xa.o)
                0x00080aa8                Reset_Handler
 .text.adc_init
                0x00080b20       0x98 C:\Users\umar.hassan\AppData\Local\arduino15\packages\arduino\hardware\sam\1.6.11\variants\arduino_due_x/libsam_sam3x8e_gcc_rel.a(adc.o)
                0x00080b20                adc_init
 .text.adc_configure_trigger
                0x00080bb8        0xe C:\Users\umar.hassan\AppData\Local\arduino15\packages\arduino\hardware\sam\1.6.11\variants\arduino_due_x/libsam_sam3x8e_gcc_rel.a(adc.o)
                0x00080bb8                adc_configure_trigger
 .text.adc_configure_timing
                0x00080bc6       0x1a C:\Users\umar.hassan\AppData\Local\arduino15\packages\arduino\hardware\sam\1.6.11\variants\arduino_due_x/libsam_sam3x8e_gcc_rel.a(adc.o)
                0x00080bc6                adc_configure_timing
 .text.adc_disable_channel
                0x00080be0        0xa C:\Users\umar.hassan\AppData\Local\arduino15\packages\arduino\hardware\sam\1.6.11\variants\arduino_due_x/libsam_sam3x8e_gcc_rel.a(adc.o)
                0x00080be0                adc_disable_channel
 .text.adc_disable_all_channel
                0x00080bea        0x8 C:\Users\umar.hassan\AppData\Local\arduino15\packages\arduino\hardware\sam\1.6.11\variants\arduino_due_x/libsam_sam3x8e_gcc_rel.a(adc.o)
                0x00080bea                adc_disable_all_channel
 .text.adc_disable_interrupt
                0x00080bf2        0x4 C:\Users\umar.hassan\AppData\Local\arduino15\packages\arduino\hardware\sam\1.6.11\variants\arduino_due_x/libsam_sam3x8e_gcc_rel.a(adc.o)
                0x00080bf2                adc_disable_interrupt
 *fill*         0x00080bf6        0x2 
 .text.UOTGHS_Handler
                0x00080bf8       0x10 C:\Users\umar.hassan\AppData\Local\arduino15\packages\arduino\hardware\sam\1.6.11\variants\arduino_due_x/libsam_sam3x8e_gcc_rel.a(uotghs.o)
                0x00080bf8                UOTGHS_Handler
 .text.__halt   0x00080c08        0x2 C:\Users\umar.hassan\AppData\Local\Temp\VMBuilds\PhysLoggerFW\arduino_due_x_dbg\Release/core.a(cortex_handlers.c.o)
                0x00080c08                DACC_Handler
                0x00080c08                DebugMon_Handler
                0x00080c08                DMAC_Handler
                0x00080c08                TRNG_Handler
                0x00080c08                HardFault_Handler
                0x00080c08                TC2_Handler
                0x00080c08                NMI_Handler
                0x00080c08                TC7_Handler
                0x00080c08                ADC_Handler
                0x00080c08                SMC_Handler
                0x00080c08                RTT_Handler
                0x00080c08                EFC1_Handler
                0x00080c08                PIOB_Handler
                0x00080c08                RTC_Handler
                0x00080c08                UsageFault_Handler
                0x00080c08                TC6_Handler
                0x00080c08                WDT_Handler
                0x00080c08                CAN0_Handler
                0x00080c08                TC4_Handler
                0x00080c08                TC1_Handler
                0x00080c08                HSMCI_Handler
                0x00080c08                TC3_Handler
                0x00080c08                PIOA_Handler
                0x00080c08                SSC_Handler
                0x00080c08                EFC0_Handler
                0x00080c08                PMC_Handler
                0x00080c08                PWM_Handler
                0x00080c08                CAN1_Handler
                0x00080c08                MemManage_Handler
                0x00080c08                SUPC_Handler
                0x00080c08                TC8_Handler
                0x00080c08                USART2_Handler
                0x00080c08                PIOD_Handler
                0x00080c08                EMAC_Handler
                0x00080c08                PIOC_Handler
                0x00080c08                BusFault_Handler
                0x00080c08                RSTC_Handler
                0x00080c08                TC0_Handler
                0x00080c08                TC5_Handler
                0x00080c08                SPI0_Handler
 .text.SVC_Handler
                0x00080c0a        0x4 C:\Users\umar.hassan\AppData\Local\Temp\VMBuilds\PhysLoggerFW\arduino_due_x_dbg\Release/core.a(cortex_handlers.c.o)
                0x00080c0a                SVC_Handler
 .text.PendSV_Handler
                0x00080c0e        0x4 C:\Users\umar.hassan\AppData\Local\Temp\VMBuilds\PhysLoggerFW\arduino_due_x_dbg\Release/core.a(cortex_handlers.c.o)
                0x00080c0e                PendSV_Handler
 .text.SysTick_Handler
                0x00080c12       0x16 C:\Users\umar.hassan\AppData\Local\Temp\VMBuilds\PhysLoggerFW\arduino_due_x_dbg\Release/core.a(cortex_handlers.c.o)
                0x00080c12                SysTick_Handler
 .text.__empty  0x00080c28        0x2 C:\Users\umar.hassan\AppData\Local\Temp\VMBuilds\PhysLoggerFW\arduino_due_x_dbg\Release/core.a(hooks.c.o)
                0x00080c28                yield
 .text.__false  0x00080c2a        0x4 C:\Users\umar.hassan\AppData\Local\Temp\VMBuilds\PhysLoggerFW\arduino_due_x_dbg\Release/core.a(hooks.c.o)
                0x00080c2a                sysTickHook
 .text.__halt   0x00080c2e        0x2 C:\Users\umar.hassan\AppData\Local\Temp\VMBuilds\PhysLoggerFW\arduino_due_x_dbg\Release/core.a(hooks.c.o)
                0x00080c2e                svcHook
                0x00080c2e                pendSVHook
 .text._sbrk    0x00080c30       0x1c C:\Users\umar.hassan\AppData\Local\Temp\VMBuilds\PhysLoggerFW\arduino_due_x_dbg\Release/core.a(syscalls_sam3.c.o)
                0x00080c30                _sbrk
 .text.link     0x00080c4c        0x6 C:\Users\umar.hassan\AppData\Local\Temp\VMBuilds\PhysLoggerFW\arduino_due_x_dbg\Release/core.a(syscalls_sam3.c.o)
                0x00080c4c                link
 .text._close   0x00080c52        0x6 C:\Users\umar.hassan\AppData\Local\Temp\VMBuilds\PhysLoggerFW\arduino_due_x_dbg\Release/core.a(syscalls_sam3.c.o)
                0x00080c52                _close
 .text._fstat   0x00080c58        0xa C:\Users\umar.hassan\AppData\Local\Temp\VMBuilds\PhysLoggerFW\arduino_due_x_dbg\Release/core.a(syscalls_sam3.c.o)
                0x00080c58                _fstat
 .text._isatty  0x00080c62        0x4 C:\Users\umar.hassan\AppData\Local\Temp\VMBuilds\PhysLoggerFW\arduino_due_x_dbg\Release/core.a(syscalls_sam3.c.o)
                0x00080c62                _isatty
 .text._lseek   0x00080c66        0x4 C:\Users\umar.hassan\AppData\Local\Temp\VMBuilds\PhysLoggerFW\arduino_due_x_dbg\Release/core.a(syscalls_sam3.c.o)
                0x00080c66                _lseek
 .text._read    0x00080c6a        0x4 C:\Users\umar.hassan\AppData\Local\Temp\VMBuilds\PhysLoggerFW\arduino_due_x_dbg\Release/core.a(syscalls_sam3.c.o)
                0x00080c6a                _read
 *fill*         0x00080c6e        0x2 
 .text._write   0x00080c70       0x24 C:\Users\umar.hassan\AppData\Local\Temp\VMBuilds\PhysLoggerFW\arduino_due_x_dbg\Release/core.a(syscalls_sam3.c.o)
                0x00080c70                _write
 .text._exit    0x00080c94       0x10 C:\Users\umar.hassan\AppData\Local\Temp\VMBuilds\PhysLoggerFW\arduino_due_x_dbg\Release/core.a(syscalls_sam3.c.o)
                0x00080c94                _exit
 .text._kill    0x00080ca4        0x2 C:\Users\umar.hassan\AppData\Local\Temp\VMBuilds\PhysLoggerFW\arduino_due_x_dbg\Release/core.a(syscalls_sam3.c.o)
                0x00080ca4                _kill
 .text._getpid  0x00080ca6        0x6 C:\Users\umar.hassan\AppData\Local\Temp\VMBuilds\PhysLoggerFW\arduino_due_x_dbg\Release/core.a(syscalls_sam3.c.o)
                0x00080ca6                _getpid
 .text.delay    0x00080cac       0x1c C:\Users\umar.hassan\AppData\Local\Temp\VMBuilds\PhysLoggerFW\arduino_due_x_dbg\Release/core.a(wiring.c.o)
                0x00080cac                delay
 .text.analogOutputInit
                0x00080cc8        0x2 C:\Users\umar.hassan\AppData\Local\Temp\VMBuilds\PhysLoggerFW\arduino_due_x_dbg\Release/core.a(wiring_analog.c.o)
                0x00080cc8                analogOutputInit
 *fill*         0x00080cca        0x2 
 .text.pinMode  0x00080ccc      0x108 C:\Users\umar.hassan\AppData\Local\Temp\VMBuilds\PhysLoggerFW\arduino_due_x_dbg\Release/core.a(wiring_digital.c.o)
                0x00080ccc                pinMode
 .text.digitalWrite
                0x00080dd4       0x70 C:\Users\umar.hassan\AppData\Local\Temp\VMBuilds\PhysLoggerFW\arduino_due_x_dbg\Release/core.a(wiring_digital.c.o)
                0x00080dd4                digitalWrite
 .text.initVariant
                0x00080e44        0x2 C:\Users\umar.hassan\AppData\Local\Temp\VMBuilds\PhysLoggerFW\arduino_due_x_dbg\Release/core.a(main.cpp.o)
                0x00080e44                initVariant
 *fill*         0x00080e46        0x2 
 .text.startup.main
                0x00080e48       0x38 C:\Users\umar.hassan\AppData\Local\Temp\VMBuilds\PhysLoggerFW\arduino_due_x_dbg\Release/core.a(main.cpp.o)
                0x00080e48                main
 .text._ZN5Print5writeEPKhj
                0x00080e80       0x22 C:\Users\umar.hassan\AppData\Local\Temp\VMBuilds\PhysLoggerFW\arduino_due_x_dbg\Release/core.a(Print.cpp.o)
                0x00080e80                Print::write(unsigned char const*, unsigned int)
 *fill*         0x00080ea2        0x2 
 .text.initiateReset
                0x00080ea4        0xc C:\Users\umar.hassan\AppData\Local\Temp\VMBuilds\PhysLoggerFW\arduino_due_x_dbg\Release/core.a(Reset.cpp.o)
                0x00080ea4                initiateReset
 .text.cancelReset
                0x00080eb0       0x10 C:\Users\umar.hassan\AppData\Local\Temp\VMBuilds\PhysLoggerFW\arduino_due_x_dbg\Release/core.a(Reset.cpp.o)
                0x00080eb0                cancelReset
 .text.tickReset
                0x00080ec0       0x20 C:\Users\umar.hassan\AppData\Local\Temp\VMBuilds\PhysLoggerFW\arduino_due_x_dbg\Release/core.a(Reset.cpp.o)
                0x00080ec0                tickReset
 .text._ZN10RingBufferC2Ev
                0x00080ee0       0x1a C:\Users\umar.hassan\AppData\Local\Temp\VMBuilds\PhysLoggerFW\arduino_due_x_dbg\Release/core.a(RingBuffer.cpp.o)
                0x00080ee0                RingBuffer::RingBuffer()
                0x00080ee0                RingBuffer::RingBuffer()
 .text._ZN10RingBuffer10store_charEh
                0x00080efa       0x1e C:\Users\umar.hassan\AppData\Local\Temp\VMBuilds\PhysLoggerFW\arduino_due_x_dbg\Release/core.a(RingBuffer.cpp.o)
                0x00080efa                RingBuffer::store_char(unsigned char)
 .text._ZN9UARTClasscvbEv
                0x00080f18        0x4 C:\Users\umar.hassan\AppData\Local\Temp\VMBuilds\PhysLoggerFW\arduino_due_x_dbg\Release/core.a(UARTClass.cpp.o)
                0x00080f18                UARTClass::operator bool()
 .text._ZN9UARTClass9availableEv
                0x00080f1c       0x12 C:\Users\umar.hassan\AppData\Local\Temp\VMBuilds\PhysLoggerFW\arduino_due_x_dbg\Release/core.a(UARTClass.cpp.o)
                0x00080f1c                UARTClass::available()
 .text._ZN9UARTClass4peekEv
                0x00080f2e       0x1c C:\Users\umar.hassan\AppData\Local\Temp\VMBuilds\PhysLoggerFW\arduino_due_x_dbg\Release/core.a(UARTClass.cpp.o)
                0x00080f2e                UARTClass::peek()
 .text._ZN9UARTClass4readEv
                0x00080f4a       0x2a C:\Users\umar.hassan\AppData\Local\Temp\VMBuilds\PhysLoggerFW\arduino_due_x_dbg\Release/core.a(UARTClass.cpp.o)
                0x00080f4a                UARTClass::read()
 .text._ZN9UARTClass5flushEv
                0x00080f74       0x18 C:\Users\umar.hassan\AppData\Local\Temp\VMBuilds\PhysLoggerFW\arduino_due_x_dbg\Release/core.a(UARTClass.cpp.o)
                0x00080f74                UARTClass::flush()
 .text._ZN9UARTClass5writeEh
                0x00080f8c       0x54 C:\Users\umar.hassan\AppData\Local\Temp\VMBuilds\PhysLoggerFW\arduino_due_x_dbg\Release/core.a(UARTClass.cpp.o)
                0x00080f8c                UARTClass::write(unsigned char)
 .text._ZN9UARTClass3endEv
                0x00080fe0       0x3c C:\Users\umar.hassan\AppData\Local\Temp\VMBuilds\PhysLoggerFW\arduino_due_x_dbg\Release/core.a(UARTClass.cpp.o)
                0x00080fe0                UARTClass::end()
 .text._ZN9UARTClassC2EP4Uart4IRQnmP10RingBufferS4_
                0x0008101c       0x24 C:\Users\umar.hassan\AppData\Local\Temp\VMBuilds\PhysLoggerFW\arduino_due_x_dbg\Release/core.a(UARTClass.cpp.o)
                0x0008101c                UARTClass::UARTClass(Uart*, IRQn, unsigned long, RingBuffer*, RingBuffer*)
                0x0008101c                UARTClass::UARTClass(Uart*, IRQn, unsigned long, RingBuffer*, RingBuffer*)
 .text._ZN9UARTClass4initEmm
                0x00081040       0x70 C:\Users\umar.hassan\AppData\Local\Temp\VMBuilds\PhysLoggerFW\arduino_due_x_dbg\Release/core.a(UARTClass.cpp.o)
                0x00081040                UARTClass::init(unsigned long, unsigned long)
 .text._ZN9UARTClass5beginEm
                0x000810b0        0x8 C:\Users\umar.hassan\AppData\Local\Temp\VMBuilds\PhysLoggerFW\arduino_due_x_dbg\Release/core.a(UARTClass.cpp.o)
                0x000810b0                UARTClass::begin(unsigned long)
 .text._ZN9UARTClass10IrqHandlerEv
                0x000810b8       0x5a C:\Users\umar.hassan\AppData\Local\Temp\VMBuilds\PhysLoggerFW\arduino_due_x_dbg\Release/core.a(UARTClass.cpp.o)
                0x000810b8                UARTClass::IrqHandler()
 .text._ZN10USARTClass5beginEm
                0x00081112        0x8 C:\Users\umar.hassan\AppData\Local\Temp\VMBuilds\PhysLoggerFW\arduino_due_x_dbg\Release/core.a(USARTClass.cpp.o)
                0x00081112                USARTClass::begin(unsigned long)
 *fill*         0x0008111a        0x2 
 .text._ZN10USARTClassC2EP5Usart4IRQnmP10RingBufferS4_
                0x0008111c       0x24 C:\Users\umar.hassan\AppData\Local\Temp\VMBuilds\PhysLoggerFW\arduino_due_x_dbg\Release/core.a(USARTClass.cpp.o)
                0x0008111c                USARTClass::USARTClass(Usart*, IRQn, unsigned long, RingBuffer*, RingBuffer*)
                0x0008111c                USARTClass::USARTClass(Usart*, IRQn, unsigned long, RingBuffer*, RingBuffer*)
 .text._watchdogDefaultSetup
                0x00081140        0xc C:\Users\umar.hassan\AppData\Local\Temp\VMBuilds\PhysLoggerFW\arduino_due_x_dbg\Release/core.a(watchdog.cpp.o)
                0x00081140                _watchdogDefaultSetup
                0x00081140                watchdogSetup()
 .text.unlikely._ZL11USB_SendZlpv
                0x0008114c       0x20 C:\Users\umar.hassan\AppData\Local\Temp\VMBuilds\PhysLoggerFW\arduino_due_x_dbg\Release/core.a(USBCore.cpp.o)
 .text._Z14USBD_Availablem
                0x0008116c       0x2c C:\Users\umar.hassan\AppData\Local\Temp\VMBuilds\PhysLoggerFW\arduino_due_x_dbg\Release/core.a(USBCore.cpp.o)
                0x0008116c                USBD_Available(unsigned long)
 .text._Z9USBD_RecvmPvm
                0x00081198       0x7c C:\Users\umar.hassan\AppData\Local\Temp\VMBuilds\PhysLoggerFW\arduino_due_x_dbg\Release/core.a(USBCore.cpp.o)
                0x00081198                USBD_Recv(unsigned long, void*, unsigned long)
 .text._Z9USBD_Recvm
                0x00081214       0x22 C:\Users\umar.hassan\AppData\Local\Temp\VMBuilds\PhysLoggerFW\arduino_due_x_dbg\Release/core.a(USBCore.cpp.o)
                0x00081214                USBD_Recv(unsigned long)
 *fill*         0x00081236        0x2 
 .text._Z9USBD_SendmPKvm
                0x00081238       0x4c C:\Users\umar.hassan\AppData\Local\Temp\VMBuilds\PhysLoggerFW\arduino_due_x_dbg\Release/core.a(USBCore.cpp.o)
                0x00081238                USBD_Send(unsigned long, void const*, unsigned long)
 .text._Z16USBD_SendControlhPKvm
                0x00081284       0x40 C:\Users\umar.hassan\AppData\Local\Temp\VMBuilds\PhysLoggerFW\arduino_due_x_dbg\Release/core.a(USBCore.cpp.o)
                0x00081284                USBD_SendControl(unsigned char, void const*, unsigned long)
 .text.unlikely._ZL24USB_SendStringDescriptorPKhi
                0x000812c4       0x64 C:\Users\umar.hassan\AppData\Local\Temp\VMBuilds\PhysLoggerFW\arduino_due_x_dbg\Release/core.a(USBCore.cpp.o)
 .text._Z16USBD_RecvControlPvm
                0x00081328       0x1c C:\Users\umar.hassan\AppData\Local\Temp\VMBuilds\PhysLoggerFW\arduino_due_x_dbg\Release/core.a(USBCore.cpp.o)
                0x00081328                USBD_RecvControl(void*, unsigned long)
 .text._Z26USBD_ClassInterfaceRequestR8USBSetup
                0x00081344       0x1e C:\Users\umar.hassan\AppData\Local\Temp\VMBuilds\PhysLoggerFW\arduino_due_x_dbg\Release/core.a(USBCore.cpp.o)
                0x00081344                USBD_ClassInterfaceRequest(USBSetup&)
 .text._Z19USBD_SendInterfacesv
                0x00081362       0x22 C:\Users\umar.hassan\AppData\Local\Temp\VMBuilds\PhysLoggerFW\arduino_due_x_dbg\Release/core.a(USBCore.cpp.o)
                0x00081362                USBD_SendInterfaces()
 .text._Z24USBD_SendOtherInterfacesv
                0x00081384       0x22 C:\Users\umar.hassan\AppData\Local\Temp\VMBuilds\PhysLoggerFW\arduino_due_x_dbg\Release/core.a(USBCore.cpp.o)
                0x00081384                USBD_SendOtherInterfaces()
 .text._Z10USBD_Flushm
                0x000813a6       0x16 C:\Users\umar.hassan\AppData\Local\Temp\VMBuilds\PhysLoggerFW\arduino_due_x_dbg\Release/core.a(USBCore.cpp.o)
                0x000813a6                USBD_Flush(unsigned long)
 .text._ZN10USBDevice_C2Ev
                0x000813bc       0x24 C:\Users\umar.hassan\AppData\Local\Temp\VMBuilds\PhysLoggerFW\arduino_due_x_dbg\Release/core.a(USBCore.cpp.o)
                0x000813bc                USBDevice_::USBDevice_()
                0x000813bc                USBDevice_::USBDevice_()
 .text._ZN10USBDevice_6attachEv
                0x000813e0       0x20 C:\Users\umar.hassan\AppData\Local\Temp\VMBuilds\PhysLoggerFW\arduino_due_x_dbg\Release/core.a(USBCore.cpp.o)
                0x000813e0                USBDevice_::attach()
 .text.startup._GLOBAL__sub_I_EndPoints
                0x00081400        0xc C:\Users\umar.hassan\AppData\Local\Temp\VMBuilds\PhysLoggerFW\arduino_due_x_dbg\Release/core.a(USBCore.cpp.o)
 .text._ZL7USB_ISRv
                0x0008140c      0x454 C:\Users\umar.hassan\AppData\Local\Temp\VMBuilds\PhysLoggerFW\arduino_due_x_dbg\Release/core.a(USBCore.cpp.o)
 .text._ZN7Serial_9availableEv
                0x00081860       0x18 C:\Users\umar.hassan\AppData\Local\Temp\VMBuilds\PhysLoggerFW\arduino_due_x_dbg\Release/core.a(CDC.cpp.o)
                0x00081860                Serial_::available()
 .text._ZN7Serial_17availableForWriteEv
                0x00081878        0x6 C:\Users\umar.hassan\AppData\Local\Temp\VMBuilds\PhysLoggerFW\arduino_due_x_dbg\Release/core.a(CDC.cpp.o)
                0x00081878                Serial_::availableForWrite()
 *fill*         0x0008187e        0x2 
 .text._ZN7Serial_4peekEv
                0x00081880       0x20 C:\Users\umar.hassan\AppData\Local\Temp\VMBuilds\PhysLoggerFW\arduino_due_x_dbg\Release/core.a(CDC.cpp.o)
                0x00081880                Serial_::peek()
 .text._ZN7Serial_5writeEh
                0x000818a0       0x16 C:\Users\umar.hassan\AppData\Local\Temp\VMBuilds\PhysLoggerFW\arduino_due_x_dbg\Release/core.a(CDC.cpp.o)
                0x000818a0                Serial_::write(unsigned char)
 *fill*         0x000818b6        0x2 
 .text._ZN7Serial_4readEv
                0x000818b8       0x44 C:\Users\umar.hassan\AppData\Local\Temp\VMBuilds\PhysLoggerFW\arduino_due_x_dbg\Release/core.a(CDC.cpp.o)
                0x000818b8                Serial_::read()
 .text._ZN7Serial_5flushEv
                0x000818fc        0x6 C:\Users\umar.hassan\AppData\Local\Temp\VMBuilds\PhysLoggerFW\arduino_due_x_dbg\Release/core.a(CDC.cpp.o)
                0x000818fc                Serial_::flush()
 *fill*         0x00081902        0x2 
 .text._ZN7Serial_6acceptEv
                0x00081904       0x70 C:\Users\umar.hassan\AppData\Local\Temp\VMBuilds\PhysLoggerFW\arduino_due_x_dbg\Release/core.a(CDC.cpp.o)
                0x00081904                Serial_::accept()
 .text._ZN7Serial_5writeEPKhj
                0x00081974       0x2c C:\Users\umar.hassan\AppData\Local\Temp\VMBuilds\PhysLoggerFW\arduino_due_x_dbg\Release/core.a(CDC.cpp.o)
                0x00081974                Serial_::write(unsigned char const*, unsigned int)
 .text._Z16CDC_GetInterfacePh
                0x000819a0       0x14 C:\Users\umar.hassan\AppData\Local\Temp\VMBuilds\PhysLoggerFW\arduino_due_x_dbg\Release/core.a(CDC.cpp.o)
                0x000819a0                CDC_GetInterface(unsigned char*)
 .text._Z21CDC_GetOtherInterfacePh
                0x000819b4       0x14 C:\Users\umar.hassan\AppData\Local\Temp\VMBuilds\PhysLoggerFW\arduino_due_x_dbg\Release/core.a(CDC.cpp.o)
                0x000819b4                CDC_GetOtherInterface(unsigned char*)
 .text._Z9CDC_SetupR8USBSetup
                0x000819c8       0x78 C:\Users\umar.hassan\AppData\Local\Temp\VMBuilds\PhysLoggerFW\arduino_due_x_dbg\Release/core.a(CDC.cpp.o)
                0x000819c8                CDC_Setup(USBSetup&)
 .text.startup._GLOBAL__sub_I_cdc_rx_buffer
                0x00081a40       0x1c C:\Users\umar.hassan\AppData\Local\Temp\VMBuilds\PhysLoggerFW\arduino_due_x_dbg\Release/core.a(CDC.cpp.o)
 .text._ZN13PluggableUSB_12getInterfaceEPh
                0x00081a5c       0x28 C:\Users\umar.hassan\AppData\Local\Temp\VMBuilds\PhysLoggerFW\arduino_due_x_dbg\Release/core.a(PluggableUSB.cpp.o)
                0x00081a5c                PluggableUSB_::getInterface(unsigned char*)
 .text._ZN13PluggableUSB_13getDescriptorER8USBSetup
                0x00081a84       0x1c C:\Users\umar.hassan\AppData\Local\Temp\VMBuilds\PhysLoggerFW\arduino_due_x_dbg\Release/core.a(PluggableUSB.cpp.o)
                0x00081a84                PluggableUSB_::getDescriptor(USBSetup&)
 .text._ZN13PluggableUSB_12getShortNameEPc
                0x00081aa0       0x1c C:\Users\umar.hassan\AppData\Local\Temp\VMBuilds\PhysLoggerFW\arduino_due_x_dbg\Release/core.a(PluggableUSB.cpp.o)
                0x00081aa0                PluggableUSB_::getShortName(char*)
 .text._ZN13PluggableUSB_5setupER8USBSetup
                0x00081abc       0x20 C:\Users\umar.hassan\AppData\Local\Temp\VMBuilds\PhysLoggerFW\arduino_due_x_dbg\Release/core.a(PluggableUSB.cpp.o)
                0x00081abc                PluggableUSB_::setup(USBSetup&)
 .text._Z12PluggableUSBv
                0x00081adc       0x28 C:\Users\umar.hassan\AppData\Local\Temp\VMBuilds\PhysLoggerFW\arduino_due_x_dbg\Release/core.a(PluggableUSB.cpp.o)
                0x00081adc                PluggableUSB()
 .text.TimeTick_Increment
                0x00081b04       0x10 C:\Users\umar.hassan\AppData\Local\arduino15\packages\arduino\hardware\sam\1.6.11\variants\arduino_due_x/libsam_sam3x8e_gcc_rel.a(timetick.o)
                0x00081b04                TimeTick_Increment
 .text.GetTickCount
                0x00081b14        0xc C:\Users\umar.hassan\AppData\Local\arduino15\packages\arduino\hardware\sam\1.6.11\variants\arduino_due_x/libsam_sam3x8e_gcc_rel.a(timetick.o)
                0x00081b14                GetTickCount
 .text.WDT_Disable
                0x00081b20        0x8 C:\Users\umar.hassan\AppData\Local\arduino15\packages\arduino\hardware\sam\1.6.11\variants\arduino_due_x/libsam_sam3x8e_gcc_rel.a(wdt.o)
                0x00081b20                WDT_Disable
 .text.UDD_SetStack
                0x00081b28        0xc C:\Users\umar.hassan\AppData\Local\arduino15\packages\arduino\hardware\sam\1.6.11\variants\arduino_due_x/libsam_sam3x8e_gcc_rel.a(uotghs_device.o)
                0x00081b28                UDD_SetStack
 .text.UDD_Init
                0x00081b34       0xd0 C:\Users\umar.hassan\AppData\Local\arduino15\packages\arduino\hardware\sam\1.6.11\variants\arduino_due_x/libsam_sam3x8e_gcc_rel.a(uotghs_device.o)
                0x00081b34                UDD_Init
 .text.UDD_Attach
                0x00081c04       0x50 C:\Users\umar.hassan\AppData\Local\arduino15\packages\arduino\hardware\sam\1.6.11\variants\arduino_due_x/libsam_sam3x8e_gcc_rel.a(uotghs_device.o)
                0x00081c04                UDD_Attach
 .text.UDD_InitEP
                0x00081c54       0x2c C:\Users\umar.hassan\AppData\Local\arduino15\packages\arduino\hardware\sam\1.6.11\variants\arduino_due_x/libsam_sam3x8e_gcc_rel.a(uotghs_device.o)
                0x00081c54                UDD_InitEP
 .text.UDD_InitEndpoints
                0x00081c80       0x3c C:\Users\umar.hassan\AppData\Local\arduino15\packages\arduino\hardware\sam\1.6.11\variants\arduino_due_x/libsam_sam3x8e_gcc_rel.a(uotghs_device.o)
                0x00081c80                UDD_InitEndpoints
 .text.UDD_WaitIN
                0x00081cbc       0x10 C:\Users\umar.hassan\AppData\Local\arduino15\packages\arduino\hardware\sam\1.6.11\variants\arduino_due_x/libsam_sam3x8e_gcc_rel.a(uotghs_device.o)
                0x00081cbc                UDD_WaitIN
 .text.UDD_WaitOUT
                0x00081ccc       0x10 C:\Users\umar.hassan\AppData\Local\arduino15\packages\arduino\hardware\sam\1.6.11\variants\arduino_due_x/libsam_sam3x8e_gcc_rel.a(uotghs_device.o)
                0x00081ccc                UDD_WaitOUT
 .text.UDD_ClearIN
                0x00081cdc       0x18 C:\Users\umar.hassan\AppData\Local\arduino15\packages\arduino\hardware\sam\1.6.11\variants\arduino_due_x/libsam_sam3x8e_gcc_rel.a(uotghs_device.o)
                0x00081cdc                UDD_ClearIN
 .text.UDD_ClearOUT
                0x00081cf4       0x18 C:\Users\umar.hassan\AppData\Local\arduino15\packages\arduino\hardware\sam\1.6.11\variants\arduino_due_x/libsam_sam3x8e_gcc_rel.a(uotghs_device.o)
                0x00081cf4                UDD_ClearOUT
 .text.UDD_ReceivedSetupInt
                0x00081d0c       0x10 C:\Users\umar.hassan\AppData\Local\arduino15\packages\arduino\hardware\sam\1.6.11\variants\arduino_due_x/libsam_sam3x8e_gcc_rel.a(uotghs_device.o)
                0x00081d0c                UDD_ReceivedSetupInt
 .text.UDD_ClearSetupInt
                0x00081d1c       0x10 C:\Users\umar.hassan\AppData\Local\arduino15\packages\arduino\hardware\sam\1.6.11\variants\arduino_due_x/libsam_sam3x8e_gcc_rel.a(uotghs_device.o)
                0x00081d1c                UDD_ClearSetupInt
 .text.UDD_Send
                0x00081d2c       0x88 C:\Users\umar.hassan\AppData\Local\arduino15\packages\arduino\hardware\sam\1.6.11\variants\arduino_due_x/libsam_sam3x8e_gcc_rel.a(uotghs_device.o)
                0x00081d2c                UDD_Send
 .text.UDD_Send8
                0x00081db4       0x24 C:\Users\umar.hassan\AppData\Local\arduino15\packages\arduino\hardware\sam\1.6.11\variants\arduino_due_x/libsam_sam3x8e_gcc_rel.a(uotghs_device.o)
                0x00081db4                UDD_Send8
 .text.UDD_Recv8
                0x00081dd8       0x28 C:\Users\umar.hassan\AppData\Local\arduino15\packages\arduino\hardware\sam\1.6.11\variants\arduino_due_x/libsam_sam3x8e_gcc_rel.a(uotghs_device.o)
                0x00081dd8                UDD_Recv8
 .text.UDD_Recv
                0x00081e00       0x34 C:\Users\umar.hassan\AppData\Local\arduino15\packages\arduino\hardware\sam\1.6.11\variants\arduino_due_x/libsam_sam3x8e_gcc_rel.a(uotghs_device.o)
                0x00081e00                UDD_Recv
 .text.UDD_Stall
                0x00081e34       0x14 C:\Users\umar.hassan\AppData\Local\arduino15\packages\arduino\hardware\sam\1.6.11\variants\arduino_due_x/libsam_sam3x8e_gcc_rel.a(uotghs_device.o)
                0x00081e34                UDD_Stall
 .text.UDD_FifoByteCount
                0x00081e48       0x14 C:\Users\umar.hassan\AppData\Local\arduino15\packages\arduino\hardware\sam\1.6.11\variants\arduino_due_x/libsam_sam3x8e_gcc_rel.a(uotghs_device.o)
                0x00081e48                UDD_FifoByteCount
 .text.UDD_ReleaseRX
                0x00081e5c       0x28 C:\Users\umar.hassan\AppData\Local\arduino15\packages\arduino\hardware\sam\1.6.11\variants\arduino_due_x/libsam_sam3x8e_gcc_rel.a(uotghs_device.o)
                0x00081e5c                UDD_ReleaseRX
 .text.UDD_ReleaseTX
                0x00081e84       0x28 C:\Users\umar.hassan\AppData\Local\arduino15\packages\arduino\hardware\sam\1.6.11\variants\arduino_due_x/libsam_sam3x8e_gcc_rel.a(uotghs_device.o)
                0x00081e84                UDD_ReleaseTX
 .text.UDD_SetAddress
                0x00081eac       0x20 C:\Users\umar.hassan\AppData\Local\arduino15\packages\arduino\hardware\sam\1.6.11\variants\arduino_due_x/libsam_sam3x8e_gcc_rel.a(uotghs_device.o)
                0x00081eac                UDD_SetAddress
 .text.__assert_func
                0x00081ecc       0x3c c:/users/umar.hassan/appdata/local/arduino15/packages/arduino/tools/arm-none-eabi-gcc/4.8.3-2014q1/bin/../lib/gcc/arm-none-eabi/4.8.3/../../../../arm-none-eabi/lib/armv7-m\libg.a(lib_a-assert.o)
                0x00081ecc                __assert_func
 .text.fiprintf
                0x00081f08       0x28 c:/users/umar.hassan/appdata/local/arduino15/packages/arduino/tools/arm-none-eabi-gcc/4.8.3-2014q1/bin/../lib/gcc/arm-none-eabi/4.8.3/../../../../arm-none-eabi/lib/armv7-m\libg.a(lib_a-fiprintf.o)
                0x00081f08                fiprintf
 .text.__libc_init_array
                0x00081f30       0x50 c:/users/umar.hassan/appdata/local/arduino15/packages/arduino/tools/arm-none-eabi-gcc/4.8.3-2014q1/bin/../lib/gcc/arm-none-eabi/4.8.3/../../../../arm-none-eabi/lib/armv7-m\libg.a(lib_a-init.o)
                0x00081f30                __libc_init_array
 .text.iprintf  0x00081f80       0x28 c:/users/umar.hassan/appdata/local/arduino15/packages/arduino/tools/arm-none-eabi-gcc/4.8.3-2014q1/bin/../lib/gcc/arm-none-eabi/4.8.3/../../../../arm-none-eabi/lib/armv7-m\libg.a(lib_a-iprintf.o)
                0x00081f80                iprintf
 .text.malloc   0x00081fa8       0x10 c:/users/umar.hassan/appdata/local/arduino15/packages/arduino/tools/arm-none-eabi-gcc/4.8.3-2014q1/bin/../lib/gcc/arm-none-eabi/4.8.3/../../../../arm-none-eabi/lib/armv7-m\libg.a(lib_a-malloc.o)
                0x00081fa8                malloc
 .text._malloc_r
                0x00081fb8      0x538 c:/users/umar.hassan/appdata/local/arduino15/packages/arduino/tools/arm-none-eabi-gcc/4.8.3-2014q1/bin/../lib/gcc/arm-none-eabi/4.8.3/../../../../arm-none-eabi/lib/armv7-m\libg.a(lib_a-mallocr.o)
                0x00081fb8                _malloc_r
 .text          0x000824f0       0xec c:/users/umar.hassan/appdata/local/arduino15/packages/arduino/tools/arm-none-eabi-gcc/4.8.3-2014q1/bin/../lib/gcc/arm-none-eabi/4.8.3/../../../../arm-none-eabi/lib/armv7-m\libg.a(lib_a-memcpy.o)
                0x000824f0                memcpy
 .text.memmove  0x000825dc       0xcc c:/users/umar.hassan/appdata/local/arduino15/packages/arduino/tools/arm-none-eabi-gcc/4.8.3-2014q1/bin/../lib/gcc/arm-none-eabi/4.8.3/../../../../arm-none-eabi/lib/armv7-m\libg.a(lib_a-memmove.o)
                0x000825dc                memmove
 .text.memset   0x000826a8       0x94 c:/users/umar.hassan/appdata/local/arduino15/packages/arduino/tools/arm-none-eabi-gcc/4.8.3-2014q1/bin/../lib/gcc/arm-none-eabi/4.8.3/../../../../arm-none-eabi/lib/armv7-m\libg.a(lib_a-memset.o)
                0x000826a8                memset
 .text.__malloc_lock
                0x0008273c        0x4 c:/users/umar.hassan/appdata/local/arduino15/packages/arduino/tools/arm-none-eabi-gcc/4.8.3-2014q1/bin/../lib/gcc/arm-none-eabi/4.8.3/../../../../arm-none-eabi/lib/armv7-m\libg.a(lib_a-mlock.o)
                0x0008273c                __malloc_lock
 .text.__malloc_unlock
                0x00082740        0x4 c:/users/umar.hassan/appdata/local/arduino15/packages/arduino/tools/arm-none-eabi-gcc/4.8.3-2014q1/bin/../lib/gcc/arm-none-eabi/4.8.3/../../../../arm-none-eabi/lib/armv7-m\libg.a(lib_a-mlock.o)
                0x00082740                __malloc_unlock
 .text._realloc_r
                0x00082744      0x3c0 c:/users/umar.hassan/appdata/local/arduino15/packages/arduino/tools/arm-none-eabi-gcc/4.8.3-2014q1/bin/../lib/gcc/arm-none-eabi/4.8.3/../../../../arm-none-eabi/lib/armv7-m\libg.a(lib_a-reallocr.o)
                0x00082744                _realloc_r
 .text._sbrk_r  0x00082b04       0x24 c:/users/umar.hassan/appdata/local/arduino15/packages/arduino/tools/arm-none-eabi-gcc/4.8.3-2014q1/bin/../lib/gcc/arm-none-eabi/4.8.3/../../../../arm-none-eabi/lib/armv7-m\libg.a(lib_a-sbrkr.o)
                0x00082b04                _sbrk_r
 .text.strlen   0x00082b28       0x60 c:/users/umar.hassan/appdata/local/arduino15/packages/arduino/tools/arm-none-eabi-gcc/4.8.3-2014q1/bin/../lib/gcc/arm-none-eabi/4.8.3/../../../../arm-none-eabi/lib/armv7-m\libg.a(lib_a-strlen.o)
                0x00082b28                strlen
 .text.kill     0x00082b88       0x10 c:/users/umar.hassan/appdata/local/arduino15/packages/arduino/tools/arm-none-eabi-gcc/4.8.3-2014q1/bin/../lib/gcc/arm-none-eabi/4.8.3/../../../../arm-none-eabi/lib/armv7-m\libg.a(lib_a-syskill.o)
                0x00082b88                kill
 .text.__sprint_r.part.0
                0x00082b98       0x78 c:/users/umar.hassan/appdata/local/arduino15/packages/arduino/tools/arm-none-eabi-gcc/4.8.3-2014q1/bin/../lib/gcc/arm-none-eabi/4.8.3/../../../../arm-none-eabi/lib/armv7-m\libg.a(lib_a-vfiprintf.o)
 .text._vfiprintf_r
                0x00082c10      0xc54 c:/users/umar.hassan/appdata/local/arduino15/packages/arduino/tools/arm-none-eabi-gcc/4.8.3-2014q1/bin/../lib/gcc/arm-none-eabi/4.8.3/../../../../arm-none-eabi/lib/armv7-m\libg.a(lib_a-vfiprintf.o)
                0x00082c10                _vfiprintf_r
 .text.__sbprintf
                0x00083864       0x7c c:/users/umar.hassan/appdata/local/arduino15/packages/arduino/tools/arm-none-eabi-gcc/4.8.3-2014q1/bin/../lib/gcc/arm-none-eabi/4.8.3/../../../../arm-none-eabi/lib/armv7-m\libg.a(lib_a-vfiprintf.o)
 .text.__swsetup_r
                0x000838e0       0xc4 c:/users/umar.hassan/appdata/local/arduino15/packages/arduino/tools/arm-none-eabi-gcc/4.8.3-2014q1/bin/../lib/gcc/arm-none-eabi/4.8.3/../../../../arm-none-eabi/lib/armv7-m\libg.a(lib_a-wsetup.o)
                0x000838e0                __swsetup_r
 .text.startup.register_fini
                0x000839a4       0x14 c:/users/umar.hassan/appdata/local/arduino15/packages/arduino/tools/arm-none-eabi-gcc/4.8.3-2014q1/bin/../lib/gcc/arm-none-eabi/4.8.3/../../../../arm-none-eabi/lib/armv7-m\libg.a(lib_a-__call_atexit.o)
 .text.abort    0x000839b8       0x10 c:/users/umar.hassan/appdata/local/arduino15/packages/arduino/tools/arm-none-eabi-gcc/4.8.3-2014q1/bin/../lib/gcc/arm-none-eabi/4.8.3/../../../../arm-none-eabi/lib/armv7-m\libg.a(lib_a-abort.o)
                0x000839b8                abort
 .text.atexit   0x000839c8        0xc c:/users/umar.hassan/appdata/local/arduino15/packages/arduino/tools/arm-none-eabi-gcc/4.8.3-2014q1/bin/../lib/gcc/arm-none-eabi/4.8.3/../../../../arm-none-eabi/lib/armv7-m\libg.a(lib_a-atexit.o)
                0x000839c8                atexit
 .text.__sflush_r
                0x000839d4      0x148 c:/users/umar.hassan/appdata/local/arduino15/packages/arduino/tools/arm-none-eabi-gcc/4.8.3-2014q1/bin/../lib/gcc/arm-none-eabi/4.8.3/../../../../arm-none-eabi/lib/armv7-m\libg.a(lib_a-fflush.o)
                0x000839d4                __sflush_r
 .text._fflush_r
                0x00083b1c       0x2c c:/users/umar.hassan/appdata/local/arduino15/packages/arduino/tools/arm-none-eabi-gcc/4.8.3-2014q1/bin/../lib/gcc/arm-none-eabi/4.8.3/../../../../arm-none-eabi/lib/armv7-m\libg.a(lib_a-fflush.o)
                0x00083b1c                _fflush_r
 .text._cleanup_r
                0x00083b48        0xc c:/users/umar.hassan/appdata/local/arduino15/packages/arduino/tools/arm-none-eabi-gcc/4.8.3-2014q1/bin/../lib/gcc/arm-none-eabi/4.8.3/../../../../arm-none-eabi/lib/armv7-m\libg.a(lib_a-findfp.o)
                0x00083b48                _cleanup_r
 .text.__sinit  0x00083b54       0xf4 c:/users/umar.hassan/appdata/local/arduino15/packages/arduino/tools/arm-none-eabi-gcc/4.8.3-2014q1/bin/../lib/gcc/arm-none-eabi/4.8.3/../../../../arm-none-eabi/lib/armv7-m\libg.a(lib_a-findfp.o)
                0x00083b54                __sinit
 .text.__sfp_lock_acquire
                0x00083c48        0x4 c:/users/umar.hassan/appdata/local/arduino15/packages/arduino/tools/arm-none-eabi-gcc/4.8.3-2014q1/bin/../lib/gcc/arm-none-eabi/4.8.3/../../../../arm-none-eabi/lib/armv7-m\libg.a(lib_a-findfp.o)
                0x00083c48                __sfp_lock_acquire
 .text.__sfp_lock_release
                0x00083c4c        0x4 c:/users/umar.hassan/appdata/local/arduino15/packages/arduino/tools/arm-none-eabi-gcc/4.8.3-2014q1/bin/../lib/gcc/arm-none-eabi/4.8.3/../../../../arm-none-eabi/lib/armv7-m\libg.a(lib_a-findfp.o)
                0x00083c4c                __sfp_lock_release
 .text.__libc_fini_array
                0x00083c50       0x30 c:/users/umar.hassan/appdata/local/arduino15/packages/arduino/tools/arm-none-eabi-gcc/4.8.3-2014q1/bin/../lib/gcc/arm-none-eabi/4.8.3/../../../../arm-none-eabi/lib/armv7-m\libg.a(lib_a-fini.o)
                0x00083c50                __libc_fini_array
 .text._fputwc_r
                0x00083c80       0xc0 c:/users/umar.hassan/appdata/local/arduino15/packages/arduino/tools/arm-none-eabi-gcc/4.8.3-2014q1/bin/../lib/gcc/arm-none-eabi/4.8.3/../../../../arm-none-eabi/lib/armv7-m\libg.a(lib_a-fputwc.o)
                0x00083c80                _fputwc_r
 .text._malloc_trim_r
                0x00083d40       0x9c c:/users/umar.hassan/appdata/local/arduino15/packages/arduino/tools/arm-none-eabi-gcc/4.8.3-2014q1/bin/../lib/gcc/arm-none-eabi/4.8.3/../../../../arm-none-eabi/lib/armv7-m\libg.a(lib_a-freer.o)
                0x00083d40                _malloc_trim_r
 .text._free_r  0x00083ddc      0x198 c:/users/umar.hassan/appdata/local/arduino15/packages/arduino/tools/arm-none-eabi-gcc/4.8.3-2014q1/bin/../lib/gcc/arm-none-eabi/4.8.3/../../../../arm-none-eabi/lib/armv7-m\libg.a(lib_a-freer.o)
                0x00083ddc                _free_r
 .text.__sfvwrite_r
                0x00083f74      0x314 c:/users/umar.hassan/appdata/local/arduino15/packages/arduino/tools/arm-none-eabi-gcc/4.8.3-2014q1/bin/../lib/gcc/arm-none-eabi/4.8.3/../../../../arm-none-eabi/lib/armv7-m\libg.a(lib_a-fvwrite.o)
                0x00083f74                __sfvwrite_r
 .text._fwalk   0x00084288       0x48 c:/users/umar.hassan/appdata/local/arduino15/packages/arduino/tools/arm-none-eabi-gcc/4.8.3-2014q1/bin/../lib/gcc/arm-none-eabi/4.8.3/../../../../arm-none-eabi/lib/armv7-m\libg.a(lib_a-fwalk.o)
                0x00084288                _fwalk
 .text.__locale_charset
                0x000842d0        0x8 c:/users/umar.hassan/appdata/local/arduino15/packages/arduino/tools/arm-none-eabi-gcc/4.8.3-2014q1/bin/../lib/gcc/arm-none-eabi/4.8.3/../../../../arm-none-eabi/lib/armv7-m\libg.a(lib_a-locale.o)
                0x000842d0                __locale_charset
 .text.__locale_mb_cur_max
                0x000842d8        0xc c:/users/umar.hassan/appdata/local/arduino15/packages/arduino/tools/arm-none-eabi-gcc/4.8.3-2014q1/bin/../lib/gcc/arm-none-eabi/4.8.3/../../../../arm-none-eabi/lib/armv7-m\libg.a(lib_a-locale.o)
                0x000842d8                __locale_mb_cur_max
 .text.__smakebuf_r
                0x000842e4       0xe0 c:/users/umar.hassan/appdata/local/arduino15/packages/arduino/tools/arm-none-eabi-gcc/4.8.3-2014q1/bin/../lib/gcc/arm-none-eabi/4.8.3/../../../../arm-none-eabi/lib/armv7-m\libg.a(lib_a-makebuf.o)
                0x000842e4                __smakebuf_r
 .text.memchr   0x000843c4       0x94 c:/users/umar.hassan/appdata/local/arduino15/packages/arduino/tools/arm-none-eabi-gcc/4.8.3-2014q1/bin/../lib/gcc/arm-none-eabi/4.8.3/../../../../arm-none-eabi/lib/armv7-m\libg.a(lib_a-memchr-stub.o)
                0x000843c4                memchr
 .text._raise_r
                0x00084458       0x58 c:/users/umar.hassan/appdata/local/arduino15/packages/arduino/tools/arm-none-eabi-gcc/4.8.3-2014q1/bin/../lib/gcc/arm-none-eabi/4.8.3/../../../../arm-none-eabi/lib/armv7-m\libg.a(lib_a-signal.o)
                0x00084458                _raise_r
 .text.raise    0x000844b0       0x10 c:/users/umar.hassan/appdata/local/arduino15/packages/arduino/tools/arm-none-eabi-gcc/4.8.3-2014q1/bin/../lib/gcc/arm-none-eabi/4.8.3/../../../../arm-none-eabi/lib/armv7-m\libg.a(lib_a-signal.o)
                0x000844b0                raise
 .text._kill_r  0x000844c0       0x28 c:/users/umar.hassan/appdata/local/arduino15/packages/arduino/tools/arm-none-eabi-gcc/4.8.3-2014q1/bin/../lib/gcc/arm-none-eabi/4.8.3/../../../../arm-none-eabi/lib/armv7-m\libg.a(lib_a-signalr.o)
                0x000844c0                _kill_r
 .text._getpid_r
                0x000844e8        0x4 c:/users/umar.hassan/appdata/local/arduino15/packages/arduino/tools/arm-none-eabi-gcc/4.8.3-2014q1/bin/../lib/gcc/arm-none-eabi/4.8.3/../../../../arm-none-eabi/lib/armv7-m\libg.a(lib_a-signalr.o)
                0x000844e8                _getpid_r
 .text.__sread  0x000844ec       0x24 c:/users/umar.hassan/appdata/local/arduino15/packages/arduino/tools/arm-none-eabi-gcc/4.8.3-2014q1/bin/../lib/gcc/arm-none-eabi/4.8.3/../../../../arm-none-eabi/lib/armv7-m\libg.a(lib_a-stdio.o)
                0x000844ec                __sread
 .text.__swrite
                0x00084510       0x38 c:/users/umar.hassan/appdata/local/arduino15/packages/arduino/tools/arm-none-eabi-gcc/4.8.3-2014q1/bin/../lib/gcc/arm-none-eabi/4.8.3/../../../../arm-none-eabi/lib/armv7-m\libg.a(lib_a-stdio.o)
                0x00084510                __swrite
 .text.__sseek  0x00084548       0x20 c:/users/umar.hassan/appdata/local/arduino15/packages/arduino/tools/arm-none-eabi-gcc/4.8.3-2014q1/bin/../lib/gcc/arm-none-eabi/4.8.3/../../../../arm-none-eabi/lib/armv7-m\libg.a(lib_a-stdio.o)
                0x00084548                __sseek
 .text.__sclose
                0x00084568        0x8 c:/users/umar.hassan/appdata/local/arduino15/packages/arduino/tools/arm-none-eabi-gcc/4.8.3-2014q1/bin/../lib/gcc/arm-none-eabi/4.8.3/../../../../arm-none-eabi/lib/armv7-m\libg.a(lib_a-stdio.o)
                0x00084568                __sclose
 .text.__swbuf_r
                0x00084570       0xa8 c:/users/umar.hassan/appdata/local/arduino15/packages/arduino/tools/arm-none-eabi-gcc/4.8.3-2014q1/bin/../lib/gcc/arm-none-eabi/4.8.3/../../../../arm-none-eabi/lib/armv7-m\libg.a(lib_a-wbuf.o)
                0x00084570                __swbuf_r
 .text._wcrtomb_r
                0x00084618       0x50 c:/users/umar.hassan/appdata/local/arduino15/packages/arduino/tools/arm-none-eabi-gcc/4.8.3-2014q1/bin/../lib/gcc/arm-none-eabi/4.8.3/../../../../arm-none-eabi/lib/armv7-m\libg.a(lib_a-wcrtomb.o)
                0x00084618                _wcrtomb_r
 .text.__ascii_wctomb
                0x00084668       0x1c c:/users/umar.hassan/appdata/local/arduino15/packages/arduino/tools/arm-none-eabi-gcc/4.8.3-2014q1/bin/../lib/gcc/arm-none-eabi/4.8.3/../../../../arm-none-eabi/lib/armv7-m\libg.a(lib_a-wctomb_r.o)
                0x00084668                __ascii_wctomb
 .text._write_r
                0x00084684       0x28 c:/users/umar.hassan/appdata/local/arduino15/packages/arduino/tools/arm-none-eabi-gcc/4.8.3-2014q1/bin/../lib/gcc/arm-none-eabi/4.8.3/../../../../arm-none-eabi/lib/armv7-m\libg.a(lib_a-writer.o)
                0x00084684                _write_r
 .text.__register_exitproc
                0x000846ac       0xa8 c:/users/umar.hassan/appdata/local/arduino15/packages/arduino/tools/arm-none-eabi-gcc/4.8.3-2014q1/bin/../lib/gcc/arm-none-eabi/4.8.3/../../../../arm-none-eabi/lib/armv7-m\libg.a(lib_a-__atexit.o)
                0x000846ac                __register_exitproc
 .text._close_r
                0x00084754       0x24 c:/users/umar.hassan/appdata/local/arduino15/packages/arduino/tools/arm-none-eabi-gcc/4.8.3-2014q1/bin/../lib/gcc/arm-none-eabi/4.8.3/../../../../arm-none-eabi/lib/armv7-m\libg.a(lib_a-closer.o)
                0x00084754                _close_r
 .text._fclose_r
                0x00084778       0x80 c:/users/umar.hassan/appdata/local/arduino15/packages/arduino/tools/arm-none-eabi-gcc/4.8.3-2014q1/bin/../lib/gcc/arm-none-eabi/4.8.3/../../../../arm-none-eabi/lib/armv7-m\libg.a(lib_a-fclose.o)
                0x00084778                _fclose_r
 .text.fclose   0x000847f8       0x10 c:/users/umar.hassan/appdata/local/arduino15/packages/arduino/tools/arm-none-eabi-gcc/4.8.3-2014q1/bin/../lib/gcc/arm-none-eabi/4.8.3/../../../../arm-none-eabi/lib/armv7-m\libg.a(lib_a-fclose.o)
                0x000847f8                fclose
 .text._fstat_r
                0x00084808       0x28 c:/users/umar.hassan/appdata/local/arduino15/packages/arduino/tools/arm-none-eabi-gcc/4.8.3-2014q1/bin/../lib/gcc/arm-none-eabi/4.8.3/../../../../arm-none-eabi/lib/armv7-m\libg.a(lib_a-fstatr.o)
                0x00084808                _fstat_r
 .text._isatty_r
                0x00084830       0x24 c:/users/umar.hassan/appdata/local/arduino15/packages/arduino/tools/arm-none-eabi-gcc/4.8.3-2014q1/bin/../lib/gcc/arm-none-eabi/4.8.3/../../../../arm-none-eabi/lib/armv7-m\libg.a(lib_a-isattyr.o)
                0x00084830                _isatty_r
 .text._lseek_r
                0x00084854       0x28 c:/users/umar.hassan/appdata/local/arduino15/packages/arduino/tools/arm-none-eabi-gcc/4.8.3-2014q1/bin/../lib/gcc/arm-none-eabi/4.8.3/../../../../arm-none-eabi/lib/armv7-m\libg.a(lib_a-lseekr.o)
                0x00084854                _lseek_r
 .text._read_r  0x0008487c       0x28 c:/users/umar.hassan/appdata/local/arduino15/packages/arduino/tools/arm-none-eabi-gcc/4.8.3-2014q1/bin/../lib/gcc/arm-none-eabi/4.8.3/../../../../arm-none-eabi/lib/armv7-m\libg.a(lib_a-readr.o)
                0x0008487c                _read_r
 .text          0x000848a4       0x2c c:/users/umar.hassan/appdata/local/arduino15/packages/arduino/tools/arm-none-eabi-gcc/4.8.3-2014q1/bin/../lib/gcc/arm-none-eabi/4.8.3/armv7-m\libgcc.a(_aeabi_uldivmod.o)
                0x000848a4                __aeabi_uldivmod
 .text          0x000848d0       0x60 c:/users/umar.hassan/appdata/local/arduino15/packages/arduino/tools/arm-none-eabi-gcc/4.8.3-2014q1/bin/../lib/gcc/arm-none-eabi/4.8.3/armv7-m\libgcc.a(bpabi.o)
                0x000848d0                __gnu_ldivmod_helper
                0x00084900                __gnu_uldivmod_helper
 .text          0x00084930        0x4 c:/users/umar.hassan/appdata/local/arduino15/packages/arduino/tools/arm-none-eabi-gcc/4.8.3-2014q1/bin/../lib/gcc/arm-none-eabi/4.8.3/armv7-m\libgcc.a(_dvmd_tls.o)
                0x00084930                __aeabi_idiv0
                0x00084930                __aeabi_ldiv0
 .text          0x00084934      0x2a0 c:/users/umar.hassan/appdata/local/arduino15/packages/arduino/tools/arm-none-eabi-gcc/4.8.3-2014q1/bin/../lib/gcc/arm-none-eabi/4.8.3/armv7-m\libgcc.a(_divdi3.o)
                0x00084934                __divdi3
 .text          0x00084bd4      0x290 c:/users/umar.hassan/appdata/local/arduino15/packages/arduino/tools/arm-none-eabi-gcc/4.8.3-2014q1/bin/../lib/gcc/arm-none-eabi/4.8.3/armv7-m\libgcc.a(_udivdi3.o)
                0x00084bd4                __udivdi3
 *(.glue_7t)
 .glue_7t       0x00000000        0x0 linker stubs
 *(.glue_7)
 .glue_7        0x00000000        0x0 linker stubs
 *(.rodata .rodata* .gnu.linkonce.r.*)
 *fill*         0x00084e64        0x4 
 .rodata._ZTV7TwoWire
                0x00084e68       0x20 Wire\Wire.cpp.o
                0x00084e68                vtable for TwoWire
 .rodata.g_APinDescription
                0x00084e88      0xa2c C:\Users\umar.hassan\AppData\Local\Temp\VMBCore\arduino16x\96064b3bf0c28eb0b92f819e82d46fb7\variant\variant.cpp.o
                0x00084e88                g_APinDescription
 .rodata.__func__.7227
                0x000858b4        0xe C:\Users\umar.hassan\AppData\Local\arduino15\packages\arduino\hardware\sam\1.6.11\variants\arduino_due_x/libsam_sam3x8e_gcc_rel.a(twi.o)
 .rodata.str1.1
                0x000858c2       0xb4 C:\Users\umar.hassan\AppData\Local\arduino15\packages\arduino\hardware\sam\1.6.11\variants\arduino_due_x/libsam_sam3x8e_gcc_rel.a(twi.o)
 .rodata.__func__.7231
                0x00085976        0xe C:\Users\umar.hassan\AppData\Local\arduino15\packages\arduino\hardware\sam\1.6.11\variants\arduino_due_x/libsam_sam3x8e_gcc_rel.a(twi.o)
 .rodata.__func__.7195
                0x00085984        0xd C:\Users\umar.hassan\AppData\Local\arduino15\packages\arduino\hardware\sam\1.6.11\variants\arduino_due_x/libsam_sam3x8e_gcc_rel.a(twi.o)
 .rodata.__func__.7222
                0x00085991        0xd C:\Users\umar.hassan\AppData\Local\arduino15\packages\arduino\hardware\sam\1.6.11\variants\arduino_due_x/libsam_sam3x8e_gcc_rel.a(twi.o)
 .rodata.__func__.7200
                0x0008599e        0xe C:\Users\umar.hassan\AppData\Local\arduino15\packages\arduino\hardware\sam\1.6.11\variants\arduino_due_x/libsam_sam3x8e_gcc_rel.a(twi.o)
 .rodata        0x000859ac       0x40 C:\Users\umar.hassan\AppData\Local\arduino15\packages\arduino\hardware\sam\1.6.11\variants\arduino_due_x/libsam_sam3x8e_gcc_rel.a(adc.o)
 .rodata.str1.1
                0x000859ec       0x19 C:\Users\umar.hassan\AppData\Local\Temp\VMBuilds\PhysLoggerFW\arduino_due_x_dbg\Release/core.a(syscalls_sam3.c.o)
 *fill*         0x00085a05        0x3 
 .rodata._ZTV9UARTClass
                0x00085a08       0x30 C:\Users\umar.hassan\AppData\Local\Temp\VMBuilds\PhysLoggerFW\arduino_due_x_dbg\Release/core.a(UARTClass.cpp.o)
                0x00085a08                vtable for UARTClass
 .rodata._ZTV10USARTClass
                0x00085a38       0x30 C:\Users\umar.hassan\AppData\Local\Temp\VMBuilds\PhysLoggerFW\arduino_due_x_dbg\Release/core.a(USARTClass.cpp.o)
                0x00085a38                vtable for USARTClass
 .rodata.STRING_PRODUCT
                0x00085a68        0xc C:\Users\umar.hassan\AppData\Local\Temp\VMBuilds\PhysLoggerFW\arduino_due_x_dbg\Release/core.a(USBCore.cpp.o)
                0x00085a68                STRING_PRODUCT
 .rodata.USB_DeviceDescriptor
                0x00085a74       0x12 C:\Users\umar.hassan\AppData\Local\Temp\VMBuilds\PhysLoggerFW\arduino_due_x_dbg\Release/core.a(USBCore.cpp.o)
                0x00085a74                USB_DeviceDescriptor
 .rodata.STRING_LANGUAGE
                0x00085a86        0x4 C:\Users\umar.hassan\AppData\Local\Temp\VMBuilds\PhysLoggerFW\arduino_due_x_dbg\Release/core.a(USBCore.cpp.o)
                0x00085a86                STRING_LANGUAGE
 .rodata._ZL18test_packet_buffer
                0x00085a8a       0x35 C:\Users\umar.hassan\AppData\Local\Temp\VMBuilds\PhysLoggerFW\arduino_due_x_dbg\Release/core.a(USBCore.cpp.o)
 .rodata.STRING_MANUFACTURER
                0x00085abf        0xc C:\Users\umar.hassan\AppData\Local\Temp\VMBuilds\PhysLoggerFW\arduino_due_x_dbg\Release/core.a(USBCore.cpp.o)
                0x00085abf                STRING_MANUFACTURER
 .rodata.USB_DeviceDescriptorA
                0x00085acb       0x12 C:\Users\umar.hassan\AppData\Local\Temp\VMBuilds\PhysLoggerFW\arduino_due_x_dbg\Release/core.a(USBCore.cpp.o)
                0x00085acb                USB_DeviceDescriptorA
 .rodata._ZL19USB_DeviceQualifier
                0x00085add        0x9 C:\Users\umar.hassan\AppData\Local\Temp\VMBuilds\PhysLoggerFW\arduino_due_x_dbg\Release/core.a(USBCore.cpp.o)
 *fill*         0x00085ae6        0x2 
 .rodata._ZTV7Serial_
                0x00085ae8       0x28 C:\Users\umar.hassan\AppData\Local\Temp\VMBuilds\PhysLoggerFW\arduino_due_x_dbg\Release/core.a(CDC.cpp.o)
                0x00085ae8                vtable for Serial_
 .rodata._ZL18_cdcOtherInterface
                0x00085b10       0x42 C:\Users\umar.hassan\AppData\Local\Temp\VMBuilds\PhysLoggerFW\arduino_due_x_dbg\Release/core.a(CDC.cpp.o)
 .rodata._ZL13_cdcInterface
                0x00085b52       0x42 C:\Users\umar.hassan\AppData\Local\Temp\VMBuilds\PhysLoggerFW\arduino_due_x_dbg\Release/core.a(CDC.cpp.o)
 .rodata.str1.4
                0x00085b94       0x3f c:/users/umar.hassan/appdata/local/arduino15/packages/arduino/tools/arm-none-eabi-gcc/4.8.3-2014q1/bin/../lib/gcc/arm-none-eabi/4.8.3/../../../../arm-none-eabi/lib/armv7-m\libg.a(lib_a-assert.o)
                                 0x44 (size before relaxing)
 *fill*         0x00085bd3        0x1 
 .rodata.str1.4
                0x00085bd4        0x2 c:/users/umar.hassan/appdata/local/arduino15/packages/arduino/tools/arm-none-eabi-gcc/4.8.3-2014q1/bin/../lib/gcc/arm-none-eabi/4.8.3/../../../../arm-none-eabi/lib/armv7-m\libg.a(lib_a-impure.o)
                                  0x4 (size before relaxing)
 *fill*         0x00085bd6        0x2 
 .rodata._global_impure_ptr
                0x00085bd8        0x4 c:/users/umar.hassan/appdata/local/arduino15/packages/arduino/tools/arm-none-eabi-gcc/4.8.3-2014q1/bin/../lib/gcc/arm-none-eabi/4.8.3/../../../../arm-none-eabi/lib/armv7-m\libg.a(lib_a-impure.o)
                0x00085bd8                _global_impure_ptr
 .rodata.blanks.6717
                0x00085bdc       0x10 c:/users/umar.hassan/appdata/local/arduino15/packages/arduino/tools/arm-none-eabi-gcc/4.8.3-2014q1/bin/../lib/gcc/arm-none-eabi/4.8.3/../../../../arm-none-eabi/lib/armv7-m\libg.a(lib_a-vfiprintf.o)
 .rodata.str1.4
                0x00085bec       0x30 c:/users/umar.hassan/appdata/local/arduino15/packages/arduino/tools/arm-none-eabi-gcc/4.8.3-2014q1/bin/../lib/gcc/arm-none-eabi/4.8.3/../../../../arm-none-eabi/lib/armv7-m\libg.a(lib_a-vfiprintf.o)
 .rodata.zeroes.6718
                0x00085c1c       0x10 c:/users/umar.hassan/appdata/local/arduino15/packages/arduino/tools/arm-none-eabi-gcc/4.8.3-2014q1/bin/../lib/gcc/arm-none-eabi/4.8.3/../../../../arm-none-eabi/lib/armv7-m\libg.a(lib_a-vfiprintf.o)
 *(.ARM.extab* .gnu.linkonce.armextab.*)
                0x00085c2c                . = ALIGN (0x4)
 *(.init)
 .init          0x00085c2c        0x4 c:/users/umar.hassan/appdata/local/arduino15/packages/arduino/tools/arm-none-eabi-gcc/4.8.3-2014q1/bin/../lib/gcc/arm-none-eabi/4.8.3/armv7-m/crti.o
                0x00085c2c                _init
 .init          0x00085c30        0x8 c:/users/umar.hassan/appdata/local/arduino15/packages/arduino/tools/arm-none-eabi-gcc/4.8.3-2014q1/bin/../lib/gcc/arm-none-eabi/4.8.3/armv7-m/crtn.o
                0x00085c38                . = ALIGN (0x4)
                0x00085c38                __preinit_array_start = .
 *(.preinit_array)
                0x00085c38                __preinit_array_end = .
                0x00085c38                . = ALIGN (0x4)
                0x00085c38                __init_array_start = .
 *(SORT(.init_array.*))
 .init_array.00000
                0x00085c38        0x4 c:/users/umar.hassan/appdata/local/arduino15/packages/arduino/tools/arm-none-eabi-gcc/4.8.3-2014q1/bin/../lib/gcc/arm-none-eabi/4.8.3/../../../../arm-none-eabi/lib/armv7-m\libg.a(lib_a-__call_atexit.o)
 *(.init_array)
 .init_array    0x00085c3c        0x4 c:/users/umar.hassan/appdata/local/arduino15/packages/arduino/tools/arm-none-eabi-gcc/4.8.3-2014q1/bin/../lib/gcc/arm-none-eabi/4.8.3/armv7-m/crtbegin.o
 .init_array    0x00085c40        0x4 Wire\Wire.cpp.o
 .init_array    0x00085c44        0x4 C:\Users\umar.hassan\AppData\Local\Temp\VMBCore\arduino16x\96064b3bf0c28eb0b92f819e82d46fb7\variant\variant.cpp.o
 .init_array    0x00085c48        0x4 C:\Users\umar.hassan\AppData\Local\Temp\VMBuilds\PhysLoggerFW\arduino_due_x_dbg\Release/core.a(USBCore.cpp.o)
 .init_array    0x00085c4c        0x4 C:\Users\umar.hassan\AppData\Local\Temp\VMBuilds\PhysLoggerFW\arduino_due_x_dbg\Release/core.a(CDC.cpp.o)
                0x00085c50                __init_array_end = .
                0x00085c50                . = ALIGN (0x4)
 *crtbegin.o(.ctors)
 *(EXCLUDE_FILE(*crtend.o) .ctors)
 *(SORT(.ctors.*))
 *crtend.o(.ctors)
                0x00085c50                . = ALIGN (0x4)
 *(.fini)
 .fini          0x00085c50        0x4 c:/users/umar.hassan/appdata/local/arduino15/packages/arduino/tools/arm-none-eabi-gcc/4.8.3-2014q1/bin/../lib/gcc/arm-none-eabi/4.8.3/armv7-m/crti.o
                0x00085c50                _fini
 .fini          0x00085c54        0x8 c:/users/umar.hassan/appdata/local/arduino15/packages/arduino/tools/arm-none-eabi-gcc/4.8.3-2014q1/bin/../lib/gcc/arm-none-eabi/4.8.3/armv7-m/crtn.o
                0x00085c5c                . = ALIGN (0x4)
                0x00085c5c                __fini_array_start = .
 *(.fini_array)
 .fini_array    0x00085c5c        0x4 c:/users/umar.hassan/appdata/local/arduino15/packages/arduino/tools/arm-none-eabi-gcc/4.8.3-2014q1/bin/../lib/gcc/arm-none-eabi/4.8.3/armv7-m/crtbegin.o
 *(SORT(.fini_array.*))
                0x00085c60                __fini_array_end = .
 *crtbegin.o(.dtors)
 *(EXCLUDE_FILE(*crtend.o) .dtors)
 *(SORT(.dtors.*))
 *crtend.o(.dtors)
                0x00085c60                . = ALIGN (0x4)
                0x00085c60                _efixed = .
                0x00085c60                PROVIDE (__exidx_start, .)

.vfp11_veneer   0x00085c60        0x0
 .vfp11_veneer  0x00000000        0x0 linker stubs

.v4_bx          0x00085c60        0x0
 .v4_bx         0x00000000        0x0 linker stubs

.iplt           0x00085c60        0x0
 .iplt          0x00000000        0x0 c:/users/umar.hassan/appdata/local/arduino15/packages/arduino/tools/arm-none-eabi-gcc/4.8.3-2014q1/bin/../lib/gcc/arm-none-eabi/4.8.3/armv7-m/crtbegin.o

.ARM.exidx      0x00085c60        0x8
 *(.ARM.exidx* .gnu.linkonce.armexidx.*)
 .ARM.exidx     0x00085c60        0x8 c:/users/umar.hassan/appdata/local/arduino15/packages/arduino/tools/arm-none-eabi-gcc/4.8.3-2014q1/bin/../lib/gcc/arm-none-eabi/4.8.3/armv7-m\libgcc.a(_divdi3.o)
 .ARM.exidx     0x00085c68        0x0 c:/users/umar.hassan/appdata/local/arduino15/packages/arduino/tools/arm-none-eabi-gcc/4.8.3-2014q1/bin/../lib/gcc/arm-none-eabi/4.8.3/armv7-m\libgcc.a(_udivdi3.o)
                                  0x8 (size before relaxing)
                0x00085c68                PROVIDE (__exidx_end, .)

.eh_frame       0x00085c68        0x0
 .eh_frame      0x00085c68        0x0 c:/users/umar.hassan/appdata/local/arduino15/packages/arduino/tools/arm-none-eabi-gcc/4.8.3-2014q1/bin/../lib/gcc/arm-none-eabi/4.8.3/armv7-m/crtbegin.o

.rel.dyn        0x00085c68        0x0
 .rel.iplt      0x00000000        0x0 c:/users/umar.hassan/appdata/local/arduino15/packages/arduino/tools/arm-none-eabi-gcc/4.8.3-2014q1/bin/../lib/gcc/arm-none-eabi/4.8.3/armv7-m/crtbegin.o

.jcr            0x00085c68        0x0
 .jcr           0x00085c68        0x0 c:/users/umar.hassan/appdata/local/arduino15/packages/arduino/tools/arm-none-eabi-gcc/4.8.3-2014q1/bin/../lib/gcc/arm-none-eabi/4.8.3/armv7-m/crtbegin.o

.igot.plt       0x00085c68        0x0
 .igot.plt      0x00000000        0x0 c:/users/umar.hassan/appdata/local/arduino15/packages/arduino/tools/arm-none-eabi-gcc/4.8.3-2014q1/bin/../lib/gcc/arm-none-eabi/4.8.3/armv7-m/crtbegin.o
                0x00085c68                . = ALIGN (0x4)
                0x00085c68                _etext = .

.relocate       0x20070000      0x8d4 load address 0x00085c68
                0x20070000                . = ALIGN (0x4)
                0x20070000                _srelocate = .
 *(.ramfunc .ramfunc.*)
 .ramfunc       0x20070000       0x2c C:\Users\umar.hassan\AppData\Local\Temp\VMBuilds\PhysLoggerFW\arduino_due_x_dbg\Release/core.a(Reset.cpp.o)
                0x20070000                banzai
 *(.data .data.*)
 .data.SystemCoreClock
                0x2007002c        0x4 C:\Users\umar.hassan\AppData\Local\arduino15\packages\arduino\hardware\sam\1.6.11\variants\arduino_due_x/libsam_sam3x8e_gcc_rel.a(system_sam3xa.o)
                0x2007002c                SystemCoreClock
 .data._ZL5ticks
                0x20070030        0x4 C:\Users\umar.hassan\AppData\Local\Temp\VMBuilds\PhysLoggerFW\arduino_due_x_dbg\Release/core.a(Reset.cpp.o)
 .data.EndPoints
                0x20070034       0x28 C:\Users\umar.hassan\AppData\Local\Temp\VMBuilds\PhysLoggerFW\arduino_due_x_dbg\Release/core.a(USBCore.cpp.o)
                0x20070034                EndPoints
 .data._ZL10breakValue
                0x2007005c        0x4 C:\Users\umar.hassan\AppData\Local\Temp\VMBuilds\PhysLoggerFW\arduino_due_x_dbg\Release/core.a(CDC.cpp.o)
 .data._ZL12_usbLineInfo
                0x20070060        0x8 C:\Users\umar.hassan\AppData\Local\Temp\VMBuilds\PhysLoggerFW\arduino_due_x_dbg\Release/core.a(CDC.cpp.o)
 .data.g_interrupt_enabled
                0x20070068        0x4 C:\Users\umar.hassan\AppData\Local\arduino15\packages\arduino\hardware\sam\1.6.11\variants\arduino_due_x/libsam_sam3x8e_gcc_rel.a(interrupt_sam_nvic.o)
                0x20070068                g_interrupt_enabled
 *fill*         0x2007006c        0x4 
 .data.impure_data
                0x20070070      0x428 c:/users/umar.hassan/appdata/local/arduino15/packages/arduino/tools/arm-none-eabi-gcc/4.8.3-2014q1/bin/../lib/gcc/arm-none-eabi/4.8.3/../../../../arm-none-eabi/lib/armv7-m\libg.a(lib_a-impure.o)
 .data._impure_ptr
                0x20070498        0x4 c:/users/umar.hassan/appdata/local/arduino15/packages/arduino/tools/arm-none-eabi-gcc/4.8.3-2014q1/bin/../lib/gcc/arm-none-eabi/4.8.3/../../../../arm-none-eabi/lib/armv7-m\libg.a(lib_a-impure.o)
                0x20070498                _impure_ptr
 .data.__malloc_av_
                0x2007049c      0x408 c:/users/umar.hassan/appdata/local/arduino15/packages/arduino/tools/arm-none-eabi-gcc/4.8.3-2014q1/bin/../lib/gcc/arm-none-eabi/4.8.3/../../../../arm-none-eabi/lib/armv7-m\libg.a(lib_a-mallocr.o)
                0x2007049c                __malloc_av_
 .data.__malloc_trim_threshold
                0x200708a4        0x4 c:/users/umar.hassan/appdata/local/arduino15/packages/arduino/tools/arm-none-eabi-gcc/4.8.3-2014q1/bin/../lib/gcc/arm-none-eabi/4.8.3/../../../../arm-none-eabi/lib/armv7-m\libg.a(lib_a-mallocr.o)
                0x200708a4                __malloc_trim_threshold
 .data.__malloc_sbrk_base
                0x200708a8        0x4 c:/users/umar.hassan/appdata/local/arduino15/packages/arduino/tools/arm-none-eabi-gcc/4.8.3-2014q1/bin/../lib/gcc/arm-none-eabi/4.8.3/../../../../arm-none-eabi/lib/armv7-m\libg.a(lib_a-mallocr.o)
                0x200708a8                __malloc_sbrk_base
 .data.lc_ctype_charset
                0x200708ac       0x20 c:/users/umar.hassan/appdata/local/arduino15/packages/arduino/tools/arm-none-eabi-gcc/4.8.3-2014q1/bin/../lib/gcc/arm-none-eabi/4.8.3/../../../../arm-none-eabi/lib/armv7-m\libg.a(lib_a-locale.o)
 .data.__mb_cur_max
                0x200708cc        0x4 c:/users/umar.hassan/appdata/local/arduino15/packages/arduino/tools/arm-none-eabi-gcc/4.8.3-2014q1/bin/../lib/gcc/arm-none-eabi/4.8.3/../../../../arm-none-eabi/lib/armv7-m\libg.a(lib_a-locale.o)
                0x200708cc                __mb_cur_max
 .data.__wctomb
                0x200708d0        0x4 c:/users/umar.hassan/appdata/local/arduino15/packages/arduino/tools/arm-none-eabi-gcc/4.8.3-2014q1/bin/../lib/gcc/arm-none-eabi/4.8.3/../../../../arm-none-eabi/lib/armv7-m\libg.a(lib_a-wctomb_r.o)
                0x200708d0                __wctomb
                0x200708d4                . = ALIGN (0x4)
                0x200708d4                _erelocate = .

.bss            0x200708d4      0x950 load address 0x0008653c
                0x200708d4                . = ALIGN (0x4)
                0x200708d4                _sbss = .
                0x200708d4                _szero = .
 *(.bss .bss.*)
 .bss           0x200708d4       0x1c c:/users/umar.hassan/appdata/local/arduino15/packages/arduino/tools/arm-none-eabi-gcc/4.8.3-2014q1/bin/../lib/gcc/arm-none-eabi/4.8.3/armv7-m/crtbegin.o
 .bss.Wire1     0x200708f0       0x94 Wire\Wire.cpp.o
                0x200708f0                Wire1
 .bss.Wire      0x20070984       0x94 Wire\Wire.cpp.o
                0x20070984                Wire
 .bss.tx_buffer2
                0x20070a18       0x88 C:\Users\umar.hassan\AppData\Local\Temp\VMBCore\arduino16x\96064b3bf0c28eb0b92f819e82d46fb7\variant\variant.cpp.o
                0x20070a18                tx_buffer2
 .bss.tx_buffer1
                0x20070aa0       0x88 C:\Users\umar.hassan\AppData\Local\Temp\VMBCore\arduino16x\96064b3bf0c28eb0b92f819e82d46fb7\variant\variant.cpp.o
                0x20070aa0                tx_buffer1
 .bss.Serial    0x20070b28       0x24 C:\Users\umar.hassan\AppData\Local\Temp\VMBCore\arduino16x\96064b3bf0c28eb0b92f819e82d46fb7\variant\variant.cpp.o
                0x20070b28                Serial
 .bss.rx_buffer1
                0x20070b4c       0x88 C:\Users\umar.hassan\AppData\Local\Temp\VMBCore\arduino16x\96064b3bf0c28eb0b92f819e82d46fb7\variant\variant.cpp.o
                0x20070b4c                rx_buffer1
 .bss.Serial1   0x20070bd4       0x28 C:\Users\umar.hassan\AppData\Local\Temp\VMBCore\arduino16x\96064b3bf0c28eb0b92f819e82d46fb7\variant\variant.cpp.o
                0x20070bd4                Serial1
 .bss.Serial2   0x20070bfc       0x28 C:\Users\umar.hassan\AppData\Local\Temp\VMBCore\arduino16x\96064b3bf0c28eb0b92f819e82d46fb7\variant\variant.cpp.o
                0x20070bfc                Serial2
 .bss.Serial3   0x20070c24       0x28 C:\Users\umar.hassan\AppData\Local\Temp\VMBCore\arduino16x\96064b3bf0c28eb0b92f819e82d46fb7\variant\variant.cpp.o
                0x20070c24                Serial3
 .bss.tx_buffer3
                0x20070c4c       0x88 C:\Users\umar.hassan\AppData\Local\Temp\VMBCore\arduino16x\96064b3bf0c28eb0b92f819e82d46fb7\variant\variant.cpp.o
                0x20070c4c                tx_buffer3
 .bss.tx_buffer4
                0x20070cd4       0x88 C:\Users\umar.hassan\AppData\Local\Temp\VMBCore\arduino16x\96064b3bf0c28eb0b92f819e82d46fb7\variant\variant.cpp.o
                0x20070cd4                tx_buffer4
 .bss.g_pinStatus
                0x20070d5c       0x4f C:\Users\umar.hassan\AppData\Local\Temp\VMBCore\arduino16x\96064b3bf0c28eb0b92f819e82d46fb7\variant\variant.cpp.o
                0x20070d5c                g_pinStatus
 *fill*         0x20070dab        0x1 
 .bss.rx_buffer2
                0x20070dac       0x88 C:\Users\umar.hassan\AppData\Local\Temp\VMBCore\arduino16x\96064b3bf0c28eb0b92f819e82d46fb7\variant\variant.cpp.o
                0x20070dac                rx_buffer2
 .bss.rx_buffer3
                0x20070e34       0x88 C:\Users\umar.hassan\AppData\Local\Temp\VMBCore\arduino16x\96064b3bf0c28eb0b92f819e82d46fb7\variant\variant.cpp.o
                0x20070e34                rx_buffer3
 .bss.rx_buffer4
                0x20070ebc       0x88 C:\Users\umar.hassan\AppData\Local\Temp\VMBCore\arduino16x\96064b3bf0c28eb0b92f819e82d46fb7\variant\variant.cpp.o
                0x20070ebc                rx_buffer4
 .bss.gpf_isr   0x20070f44        0x4 C:\Users\umar.hassan\AppData\Local\arduino15\packages\arduino\hardware\sam\1.6.11\variants\arduino_due_x/libsam_sam3x8e_gcc_rel.a(uotghs.o)
                0x20070f44                gpf_isr
 .bss.heap.6420
                0x20070f48        0x4 C:\Users\umar.hassan\AppData\Local\Temp\VMBuilds\PhysLoggerFW\arduino_due_x_dbg\Release/core.a(syscalls_sam3.c.o)
 .bss._cmark    0x20070f4c        0x2 C:\Users\umar.hassan\AppData\Local\Temp\VMBuilds\PhysLoggerFW\arduino_due_x_dbg\Release/core.a(USBCore.cpp.o)
                0x20070f4c                _cmark
 .bss._ZL14isEndpointHalt
                0x20070f4e        0x1 C:\Users\umar.hassan\AppData\Local\Temp\VMBuilds\PhysLoggerFW\arduino_due_x_dbg\Release/core.a(USBCore.cpp.o)
 *fill*         0x20070f4f        0x1 
 .bss._cdcComposite
                0x20070f50        0x4 C:\Users\umar.hassan\AppData\Local\Temp\VMBuilds\PhysLoggerFW\arduino_due_x_dbg\Release/core.a(USBCore.cpp.o)
                0x20070f50                _cdcComposite
 .bss._ZL21isRemoteWakeUpEnabled
                0x20070f54        0x1 C:\Users\umar.hassan\AppData\Local\Temp\VMBuilds\PhysLoggerFW\arduino_due_x_dbg\Release/core.a(USBCore.cpp.o)
 *fill*         0x20070f55        0x3 
 .bss._usbInitialized
                0x20070f58        0x4 C:\Users\umar.hassan\AppData\Local\Temp\VMBuilds\PhysLoggerFW\arduino_due_x_dbg\Release/core.a(USBCore.cpp.o)
                0x20070f58                _usbInitialized
 .bss.USBDevice
                0x20070f5c        0x1 C:\Users\umar.hassan\AppData\Local\Temp\VMBuilds\PhysLoggerFW\arduino_due_x_dbg\Release/core.a(USBCore.cpp.o)
                0x20070f5c                USBDevice
 *fill*         0x20070f5d        0x3 
 .bss._usbSetInterface
                0x20070f60        0x4 C:\Users\umar.hassan\AppData\Local\Temp\VMBuilds\PhysLoggerFW\arduino_due_x_dbg\Release/core.a(USBCore.cpp.o)
                0x20070f60                _usbSetInterface
 .bss._cend     0x20070f64        0x2 C:\Users\umar.hassan\AppData\Local\Temp\VMBuilds\PhysLoggerFW\arduino_due_x_dbg\Release/core.a(USBCore.cpp.o)
                0x20070f64                _cend
 *fill*         0x20070f66        0x2 
 .bss._usbConfiguration
                0x20070f68        0x4 C:\Users\umar.hassan\AppData\Local\Temp\VMBuilds\PhysLoggerFW\arduino_due_x_dbg\Release/core.a(USBCore.cpp.o)
                0x20070f68                _usbConfiguration
 .bss.cdc_rx_buffer
                0x20070f6c      0x208 C:\Users\umar.hassan\AppData\Local\Temp\VMBuilds\PhysLoggerFW\arduino_due_x_dbg\Release/core.a(CDC.cpp.o)
                0x20070f6c                cdc_rx_buffer
 .bss._ZZN7Serial_6acceptEvE5guard
                0x20071174        0x4 C:\Users\umar.hassan\AppData\Local\Temp\VMBuilds\PhysLoggerFW\arduino_due_x_dbg\Release/core.a(CDC.cpp.o)
 .bss.SerialUSB
                0x20071178       0x14 C:\Users\umar.hassan\AppData\Local\Temp\VMBuilds\PhysLoggerFW\arduino_due_x_dbg\Release/core.a(CDC.cpp.o)
                0x20071178                SerialUSB
 .bss._ZZ12PluggableUSBvE3obj
                0x2007118c        0x8 C:\Users\umar.hassan\AppData\Local\Temp\VMBuilds\PhysLoggerFW\arduino_due_x_dbg\Release/core.a(PluggableUSB.cpp.o)
 .bss._ZGVZ12PluggableUSBvE3obj
                0x20071194        0x4 C:\Users\umar.hassan\AppData\Local\Temp\VMBuilds\PhysLoggerFW\arduino_due_x_dbg\Release/core.a(PluggableUSB.cpp.o)
 .bss._dwTickCount
                0x20071198        0x4 C:\Users\umar.hassan\AppData\Local\arduino15\packages\arduino\hardware\sam\1.6.11\variants\arduino_due_x/libsam_sam3x8e_gcc_rel.a(timetick.o)
 .bss.ul_recv_fifo_ptr
                0x2007119c       0x28 C:\Users\umar.hassan\AppData\Local\arduino15\packages\arduino\hardware\sam\1.6.11\variants\arduino_due_x/libsam_sam3x8e_gcc_rel.a(uotghs_device.o)
 .bss.ul_send_fifo_ptr
                0x200711c4       0x28 C:\Users\umar.hassan\AppData\Local\arduino15\packages\arduino\hardware\sam\1.6.11\variants\arduino_due_x/libsam_sam3x8e_gcc_rel.a(uotghs_device.o)
 .bss.__malloc_max_total_mem
                0x200711ec        0x4 c:/users/umar.hassan/appdata/local/arduino15/packages/arduino/tools/arm-none-eabi-gcc/4.8.3-2014q1/bin/../lib/gcc/arm-none-eabi/4.8.3/../../../../arm-none-eabi/lib/armv7-m\libg.a(lib_a-mallocr.o)
                0x200711ec                __malloc_max_total_mem
 .bss.__malloc_max_sbrked_mem
                0x200711f0        0x4 c:/users/umar.hassan/appdata/local/arduino15/packages/arduino/tools/arm-none-eabi-gcc/4.8.3-2014q1/bin/../lib/gcc/arm-none-eabi/4.8.3/../../../../arm-none-eabi/lib/armv7-m\libg.a(lib_a-mallocr.o)
                0x200711f0                __malloc_max_sbrked_mem
 .bss.__malloc_top_pad
                0x200711f4        0x4 c:/users/umar.hassan/appdata/local/arduino15/packages/arduino/tools/arm-none-eabi-gcc/4.8.3-2014q1/bin/../lib/gcc/arm-none-eabi/4.8.3/../../../../arm-none-eabi/lib/armv7-m\libg.a(lib_a-mallocr.o)
                0x200711f4                __malloc_top_pad
 .bss.__malloc_current_mallinfo
                0x200711f8       0x28 c:/users/umar.hassan/appdata/local/arduino15/packages/arduino/tools/arm-none-eabi-gcc/4.8.3-2014q1/bin/../lib/gcc/arm-none-eabi/4.8.3/../../../../arm-none-eabi/lib/armv7-m\libg.a(lib_a-mallocr.o)
                0x200711f8                __malloc_current_mallinfo
 *(COMMON)
 COMMON         0x20071220        0x4 c:/users/umar.hassan/appdata/local/arduino15/packages/arduino/tools/arm-none-eabi-gcc/4.8.3-2014q1/bin/../lib/gcc/arm-none-eabi/4.8.3/../../../../arm-none-eabi/lib/armv7-m\libg.a(lib_a-reent.o)
                0x20071220                errno
                0x20071224                . = ALIGN (0x4)
                0x20071224                _ebss = .
                0x20071224                _ezero = .
                0x20071224                . = ALIGN (0x4)
                0x20071224                _end = .

.stack_dummy    0x20071224        0x0
 *(.stack*)
                0x20088000                __StackTop = (ORIGIN (ram) + 0x18000)
                0x20088000                __StackLimit = (__StackTop - SIZEOF (.stack_dummy))
                0x20088000                PROVIDE (_sstack, __StackLimit)
                0x20088000                PROVIDE (_estack, __StackTop)
OUTPUT(C:\Users\umar.hassan\AppData\Local\Temp\VMBuilds\PhysLoggerFW\arduino_due_x_dbg\Release/PhysLoggerFW.ino.elf elf32-littlearm)

.ARM.attributes
                0x00000000       0x29
 .ARM.attributes
                0x00000000       0x1d c:/users/umar.hassan/appdata/local/arduino15/packages/arduino/tools/arm-none-eabi-gcc/4.8.3-2014q1/bin/../lib/gcc/arm-none-eabi/4.8.3/armv7-m/crti.o
 .ARM.attributes
                0x0000001d       0x2d c:/users/umar.hassan/appdata/local/arduino15/packages/arduino/tools/arm-none-eabi-gcc/4.8.3-2014q1/bin/../lib/gcc/arm-none-eabi/4.8.3/armv7-m/crtbegin.o
 .ARM.attributes
                0x0000004a       0x33 PhysLoggerFW.cpp.o
 .ARM.attributes
                0x0000007d       0x33 Wire\Wire.cpp.o
 .ARM.attributes
                0x000000b0       0x33 C:\Users\umar.hassan\AppData\Local\Temp\VMBCore\arduino16x\96064b3bf0c28eb0b92f819e82d46fb7\variant\variant.cpp.o
 .ARM.attributes
                0x000000e3       0x33 C:\Users\umar.hassan\AppData\Local\arduino15\packages\arduino\hardware\sam\1.6.11\variants\arduino_due_x/libsam_sam3x8e_gcc_rel.a(pio.o)
 .ARM.attributes
                0x00000116       0x33 C:\Users\umar.hassan\AppData\Local\arduino15\packages\arduino\hardware\sam\1.6.11\variants\arduino_due_x/libsam_sam3x8e_gcc_rel.a(pmc.o)
 .ARM.attributes
                0x00000149       0x33 C:\Users\umar.hassan\AppData\Local\arduino15\packages\arduino\hardware\sam\1.6.11\variants\arduino_due_x/libsam_sam3x8e_gcc_rel.a(twi.o)
 .ARM.attributes
                0x0000017c       0x33 C:\Users\umar.hassan\AppData\Local\arduino15\packages\arduino\hardware\sam\1.6.11\variants\arduino_due_x/libsam_sam3x8e_gcc_rel.a(system_sam3xa.o)
 .ARM.attributes
                0x000001af       0x33 C:\Users\umar.hassan\AppData\Local\arduino15\packages\arduino\hardware\sam\1.6.11\variants\arduino_due_x/libsam_sam3x8e_gcc_rel.a(startup_sam3xa.o)
 .ARM.attributes
                0x000001e2       0x33 C:\Users\umar.hassan\AppData\Local\arduino15\packages\arduino\hardware\sam\1.6.11\variants\arduino_due_x/libsam_sam3x8e_gcc_rel.a(adc.o)
 .ARM.attributes
                0x00000215       0x33 C:\Users\umar.hassan\AppData\Local\arduino15\packages\arduino\hardware\sam\1.6.11\variants\arduino_due_x/libsam_sam3x8e_gcc_rel.a(uotghs.o)
 .ARM.attributes
                0x00000248       0x33 C:\Users\umar.hassan\AppData\Local\Temp\VMBuilds\PhysLoggerFW\arduino_due_x_dbg\Release/core.a(cortex_handlers.c.o)
 .ARM.attributes
                0x0000027b       0x33 C:\Users\umar.hassan\AppData\Local\Temp\VMBuilds\PhysLoggerFW\arduino_due_x_dbg\Release/core.a(hooks.c.o)
 .ARM.attributes
                0x000002ae       0x33 C:\Users\umar.hassan\AppData\Local\Temp\VMBuilds\PhysLoggerFW\arduino_due_x_dbg\Release/core.a(syscalls_sam3.c.o)
 .ARM.attributes
                0x000002e1       0x33 C:\Users\umar.hassan\AppData\Local\Temp\VMBuilds\PhysLoggerFW\arduino_due_x_dbg\Release/core.a(wiring.c.o)
 .ARM.attributes
                0x00000314       0x33 C:\Users\umar.hassan\AppData\Local\Temp\VMBuilds\PhysLoggerFW\arduino_due_x_dbg\Release/core.a(wiring_analog.c.o)
 .ARM.attributes
                0x00000347       0x33 C:\Users\umar.hassan\AppData\Local\Temp\VMBuilds\PhysLoggerFW\arduino_due_x_dbg\Release/core.a(wiring_digital.c.o)
 .ARM.attributes
                0x0000037a       0x33 C:\Users\umar.hassan\AppData\Local\Temp\VMBuilds\PhysLoggerFW\arduino_due_x_dbg\Release/core.a(main.cpp.o)
 .ARM.attributes
                0x000003ad       0x33 C:\Users\umar.hassan\AppData\Local\Temp\VMBuilds\PhysLoggerFW\arduino_due_x_dbg\Release/core.a(Print.cpp.o)
 .ARM.attributes
                0x000003e0       0x33 C:\Users\umar.hassan\AppData\Local\Temp\VMBuilds\PhysLoggerFW\arduino_due_x_dbg\Release/core.a(Reset.cpp.o)
 .ARM.attributes
                0x00000413       0x33 C:\Users\umar.hassan\AppData\Local\Temp\VMBuilds\PhysLoggerFW\arduino_due_x_dbg\Release/core.a(RingBuffer.cpp.o)
 .ARM.attributes
                0x00000446       0x33 C:\Users\umar.hassan\AppData\Local\Temp\VMBuilds\PhysLoggerFW\arduino_due_x_dbg\Release/core.a(UARTClass.cpp.o)
 .ARM.attributes
                0x00000479       0x33 C:\Users\umar.hassan\AppData\Local\Temp\VMBuilds\PhysLoggerFW\arduino_due_x_dbg\Release/core.a(USARTClass.cpp.o)
 .ARM.attributes
                0x000004ac       0x33 C:\Users\umar.hassan\AppData\Local\Temp\VMBuilds\PhysLoggerFW\arduino_due_x_dbg\Release/core.a(watchdog.cpp.o)
 .ARM.attributes
                0x000004df       0x33 C:\Users\umar.hassan\AppData\Local\Temp\VMBuilds\PhysLoggerFW\arduino_due_x_dbg\Release/core.a(USBCore.cpp.o)
 .ARM.attributes
                0x00000512       0x33 C:\Users\umar.hassan\AppData\Local\Temp\VMBuilds\PhysLoggerFW\arduino_due_x_dbg\Release/core.a(CDC.cpp.o)
 .ARM.attributes
                0x00000545       0x33 C:\Users\umar.hassan\AppData\Local\Temp\VMBuilds\PhysLoggerFW\arduino_due_x_dbg\Release/core.a(PluggableUSB.cpp.o)
 .ARM.attributes
                0x00000578       0x33 C:\Users\umar.hassan\AppData\Local\arduino15\packages\arduino\hardware\sam\1.6.11\variants\arduino_due_x/libsam_sam3x8e_gcc_rel.a(timetick.o)
 .ARM.attributes
                0x000005ab       0x33 C:\Users\umar.hassan\AppData\Local\arduino15\packages\arduino\hardware\sam\1.6.11\variants\arduino_due_x/libsam_sam3x8e_gcc_rel.a(wdt.o)
 .ARM.attributes
                0x000005de       0x33 C:\Users\umar.hassan\AppData\Local\arduino15\packages\arduino\hardware\sam\1.6.11\variants\arduino_due_x/libsam_sam3x8e_gcc_rel.a(interrupt_sam_nvic.o)
 .ARM.attributes
                0x00000611       0x33 C:\Users\umar.hassan\AppData\Local\arduino15\packages\arduino\hardware\sam\1.6.11\variants\arduino_due_x/libsam_sam3x8e_gcc_rel.a(uotghs_device.o)
 .ARM.attributes
                0x00000644       0x2d c:/users/umar.hassan/appdata/local/arduino15/packages/arduino/tools/arm-none-eabi-gcc/4.8.3-2014q1/bin/../lib/gcc/arm-none-eabi/4.8.3/../../../../arm-none-eabi/lib/armv7-m\libg.a(lib_a-assert.o)
 .ARM.attributes
                0x00000671       0x2d c:/users/umar.hassan/appdata/local/arduino15/packages/arduino/tools/arm-none-eabi-gcc/4.8.3-2014q1/bin/../lib/gcc/arm-none-eabi/4.8.3/../../../../arm-none-eabi/lib/armv7-m\libg.a(lib_a-fiprintf.o)
 .ARM.attributes
                0x0000069e       0x2d c:/users/umar.hassan/appdata/local/arduino15/packages/arduino/tools/arm-none-eabi-gcc/4.8.3-2014q1/bin/../lib/gcc/arm-none-eabi/4.8.3/../../../../arm-none-eabi/lib/armv7-m\libg.a(lib_a-impure.o)
 .ARM.attributes
                0x000006cb       0x2d c:/users/umar.hassan/appdata/local/arduino15/packages/arduino/tools/arm-none-eabi-gcc/4.8.3-2014q1/bin/../lib/gcc/arm-none-eabi/4.8.3/../../../../arm-none-eabi/lib/armv7-m\libg.a(lib_a-init.o)
 .ARM.attributes
                0x000006f8       0x2d c:/users/umar.hassan/appdata/local/arduino15/packages/arduino/tools/arm-none-eabi-gcc/4.8.3-2014q1/bin/../lib/gcc/arm-none-eabi/4.8.3/../../../../arm-none-eabi/lib/armv7-m\libg.a(lib_a-iprintf.o)
 .ARM.attributes
                0x00000725       0x2d c:/users/umar.hassan/appdata/local/arduino15/packages/arduino/tools/arm-none-eabi-gcc/4.8.3-2014q1/bin/../lib/gcc/arm-none-eabi/4.8.3/../../../../arm-none-eabi/lib/armv7-m\libg.a(lib_a-malloc.o)
 .ARM.attributes
                0x00000752       0x2d c:/users/umar.hassan/appdata/local/arduino15/packages/arduino/tools/arm-none-eabi-gcc/4.8.3-2014q1/bin/../lib/gcc/arm-none-eabi/4.8.3/../../../../arm-none-eabi/lib/armv7-m\libg.a(lib_a-mallocr.o)
 .ARM.attributes
                0x0000077f       0x1b c:/users/umar.hassan/appdata/local/arduino15/packages/arduino/tools/arm-none-eabi-gcc/4.8.3-2014q1/bin/../lib/gcc/arm-none-eabi/4.8.3/../../../../arm-none-eabi/lib/armv7-m\libg.a(lib_a-memcpy.o)
 .ARM.attributes
                0x0000079a       0x2d c:/users/umar.hassan/appdata/local/arduino15/packages/arduino/tools/arm-none-eabi-gcc/4.8.3-2014q1/bin/../lib/gcc/arm-none-eabi/4.8.3/../../../../arm-none-eabi/lib/armv7-m\libg.a(lib_a-memmove.o)
 .ARM.attributes
                0x000007c7       0x2d c:/users/umar.hassan/appdata/local/arduino15/packages/arduino/tools/arm-none-eabi-gcc/4.8.3-2014q1/bin/../lib/gcc/arm-none-eabi/4.8.3/../../../../arm-none-eabi/lib/armv7-m\libg.a(lib_a-memset.o)
 .ARM.attributes
                0x000007f4       0x2d c:/users/umar.hassan/appdata/local/arduino15/packages/arduino/tools/arm-none-eabi-gcc/4.8.3-2014q1/bin/../lib/gcc/arm-none-eabi/4.8.3/../../../../arm-none-eabi/lib/armv7-m\libg.a(lib_a-mlock.o)
 .ARM.attributes
                0x00000821       0x2d c:/users/umar.hassan/appdata/local/arduino15/packages/arduino/tools/arm-none-eabi-gcc/4.8.3-2014q1/bin/../lib/gcc/arm-none-eabi/4.8.3/../../../../arm-none-eabi/lib/armv7-m\libg.a(lib_a-reallocr.o)
 .ARM.attributes
                0x0000084e       0x2d c:/users/umar.hassan/appdata/local/arduino15/packages/arduino/tools/arm-none-eabi-gcc/4.8.3-2014q1/bin/../lib/gcc/arm-none-eabi/4.8.3/../../../../arm-none-eabi/lib/armv7-m\libg.a(lib_a-sbrkr.o)
 .ARM.attributes