Archive member included because of file (symbol)

C:\Users\umar.hassan\AppData\Local\arduino15\packages\arduino\hardware\sam\1.6.11\variants\arduino_due_x/libsam_sam3x8e_gcc_rel.a(pio.o)
                              C:\Users\umar.hassan\AppData\Local\Temp\VMBuilds\PhysLoggerFW\arduino_due_x_dbg\Debug\variant\variant.cpp.o (PIO_Configure)
C:\Users\umar.hassan\AppData\Local\arduino15\packages\arduino\hardware\sam\1.6.11\variants\arduino_due_x/libsam_sam3x8e_gcc_rel.a(pmc.o)
                              C:\Users\umar.hassan\AppData\Local\Temp\VMBuilds\PhysLoggerFW\arduino_due_x_dbg\Debug\variant\variant.cpp.o (pmc_enable_periph_clk)
C:\Users\umar.hassan\AppData\Local\arduino15\packages\arduino\hardware\sam\1.6.11\variants\arduino_due_x/libsam_sam3x8e_gcc_rel.a(system_sam3xa.o)
                              C:\Users\umar.hassan\AppData\Local\Temp\VMBuilds\PhysLoggerFW\arduino_due_x_dbg\Debug\variant\variant.cpp.o (SystemInit)
C:\Users\umar.hassan\AppData\Local\arduino15\packages\arduino\hardware\sam\1.6.11\variants\arduino_due_x/libsam_sam3x8e_gcc_rel.a(startup_sam3xa.o)
                              (Reset_Handler)
C:\Users\umar.hassan\AppData\Local\arduino15\packages\arduino\hardware\sam\1.6.11\variants\arduino_due_x/libsam_sam3x8e_gcc_rel.a(adc.o)
                              C:\Users\umar.hassan\AppData\Local\Temp\VMBuilds\PhysLoggerFW\arduino_due_x_dbg\Debug\variant\variant.cpp.o (adc_init)
C:\Users\umar.hassan\AppData\Local\arduino15\packages\arduino\hardware\sam\1.6.11\variants\arduino_due_x/libsam_sam3x8e_gcc_rel.a(uotghs.o)
                              C:\Users\umar.hassan\AppData\Local\arduino15\packages\arduino\hardware\sam\1.6.11\variants\arduino_due_x/libsam_sam3x8e_gcc_rel.a(startup_sam3xa.o) (UOTGHS_Handler)
C:\Users\umar.hassan\AppData\Local\Temp\VMBuilds\PhysLoggerFW\arduino_due_x_dbg\Debug/core.a(cortex_handlers.c.o)
                              C:\Users\umar.hassan\AppData\Local\arduino15\packages\arduino\hardware\sam\1.6.11\variants\arduino_due_x/libsam_sam3x8e_gcc_rel.a(startup_sam3xa.o) (NMI_Handler)
C:\Users\umar.hassan\AppData\Local\Temp\VMBuilds\PhysLoggerFW\arduino_due_x_dbg\Debug/core.a(hooks.c.o)
                              C:\Users\umar.hassan\AppData\Local\Temp\VMBuilds\PhysLoggerFW\arduino_due_x_dbg\Debug/core.a(cortex_handlers.c.o) (sysTickHook)
C:\Users\umar.hassan\AppData\Local\Temp\VMBuilds\PhysLoggerFW\arduino_due_x_dbg\Debug/core.a(syscalls_sam3.c.o)
                              (_sbrk)
C:\Users\umar.hassan\AppData\Local\Temp\VMBuilds\PhysLoggerFW\arduino_due_x_dbg\Debug/core.a(wiring.c.o)
                              C:\Users\umar.hassan\AppData\Local\Temp\VMBuilds\PhysLoggerFW\arduino_due_x_dbg\Debug\PhysLoggerFW.cpp.o (millis)
C:\Users\umar.hassan\AppData\Local\Temp\VMBuilds\PhysLoggerFW\arduino_due_x_dbg\Debug/core.a(wiring_analog.c.o)
                              C:\Users\umar.hassan\AppData\Local\Temp\VMBuilds\PhysLoggerFW\arduino_due_x_dbg\Debug\PhysLoggerFW.cpp.o (analogRead)
C:\Users\umar.hassan\AppData\Local\Temp\VMBuilds\PhysLoggerFW\arduino_due_x_dbg\Debug/core.a(wiring_digital.c.o)
                              C:\Users\umar.hassan\AppData\Local\Temp\VMBuilds\PhysLoggerFW\arduino_due_x_dbg\Debug/core.a(wiring_analog.c.o) (pinMode)
C:\Users\umar.hassan\AppData\Local\Temp\VMBuilds\PhysLoggerFW\arduino_due_x_dbg\Debug/core.a(main.cpp.o)
                              c:/users/umar.hassan/appdata/local/arduino15/packages/arduino/tools/arm-none-eabi-gcc/4.8.3-2014q1/bin/../lib/gcc/arm-none-eabi/4.8.3/../../../../arm-none-eabi/lib/armv7-m/crt0.o (main)
C:\Users\umar.hassan\AppData\Local\Temp\VMBuilds\PhysLoggerFW\arduino_due_x_dbg\Debug/core.a(new.cpp.o)
                              C:\Users\umar.hassan\AppData\Local\Temp\VMBuilds\PhysLoggerFW\arduino_due_x_dbg\Debug\PacketCommands.cpp.o (operator new[](unsigned int))
C:\Users\umar.hassan\AppData\Local\Temp\VMBuilds\PhysLoggerFW\arduino_due_x_dbg\Debug/core.a(Print.cpp.o)
                              C:\Users\umar.hassan\AppData\Local\Temp\VMBuilds\PhysLoggerFW\arduino_due_x_dbg\Debug\commonMethods.cpp.o (Print::println(__FlashStringHelper const*))
C:\Users\umar.hassan\AppData\Local\Temp\VMBuilds\PhysLoggerFW\arduino_due_x_dbg\Debug/core.a(Reset.cpp.o)
                              C:\Users\umar.hassan\AppData\Local\Temp\VMBuilds\PhysLoggerFW\arduino_due_x_dbg\Debug/core.a(cortex_handlers.c.o) (tickReset)
C:\Users\umar.hassan\AppData\Local\Temp\VMBuilds\PhysLoggerFW\arduino_due_x_dbg\Debug/core.a(RingBuffer.cpp.o)
                              C:\Users\umar.hassan\AppData\Local\Temp\VMBuilds\PhysLoggerFW\arduino_due_x_dbg\Debug\variant\variant.cpp.o (RingBuffer::RingBuffer())
C:\Users\umar.hassan\AppData\Local\Temp\VMBuilds\PhysLoggerFW\arduino_due_x_dbg\Debug/core.a(Stream.cpp.o)
                              C:\Users\umar.hassan\AppData\Local\Temp\VMBuilds\PhysLoggerFW\arduino_due_x_dbg\Debug\PacketCommands.cpp.o (Stream::readBytes(char*, unsigned int))
[...]
Memory Configuration

Name             Origin             Length             Attributes
rom              0x00080000         0x00080000         xr
sram0            0x20000000         0x00010000         xrw
sram1            0x20080000         0x00008000         xrw
ram              0x20070000         0x00018000         xrw
*default*        0x00000000         0xffffffff

Linker script and memory map

LOAD c:/users/umar.hassan/appdata/local/arduino15/packages/arduino/tools/arm-none-eabi-gcc/4.8.3-2014q1/bin/../lib/gcc/arm-none-eabi/4.8.3/armv7-m/crti.o
LOAD c:/users/umar.hassan/appdata/local/arduino15/packages/arduino/tools/arm-none-eabi-gcc/4.8.3-2014q1/bin/../lib/gcc/arm-none-eabi/4.8.3/armv7-m/crtbegin.o
LOAD c:/users/umar.hassan/appdata/local/arduino15/packages/arduino/tools/arm-none-eabi-gcc/4.8.3-2014q1/bin/../lib/gcc/arm-none-eabi/4.8.3/../../../../arm-none-eabi/lib/armv7-m/crt0.o
START GROUP
LOAD C:\Users\umar.hassan\AppData\Local\Temp\VMBuilds\PhysLoggerFW\arduino_due_x_dbg\Debug\PhysLoggerFW.cpp.o
LOAD C:\Users\umar.hassan\AppData\Local\Temp\VMBuilds\PhysLoggerFW\arduino_due_x_dbg\Debug\commonMethods.cpp.o
LOAD C:\Users\umar.hassan\AppData\Local\Temp\VMBuilds\PhysLoggerFW\arduino_due_x_dbg\Debug\PacketCommands.cpp.o
LOAD C:\Users\umar.hassan\AppData\Local\Temp\VMBuilds\PhysLoggerFW\arduino_due_x_dbg\Debug\variant\variant.cpp.o
LOAD C:\Users\umar.hassan\AppData\Local\arduino15\packages\arduino\hardware\sam\1.6.11\variants\arduino_due_x/libsam_sam3x8e_gcc_rel.a
LOAD C:\Users\umar.hassan\AppData\Local\Temp\VMBuilds\PhysLoggerFW\arduino_due_x_dbg\Debug/core.a
END GROUP
LOAD c:/users/umar.hassan/appdata/local/arduino15/packages/arduino/tools/arm-none-eabi-gcc/4.8.3-2014q1/bin/../lib/gcc/arm-none-eabi/4.8.3/../../../../arm-none-eabi/lib/armv7-m\libm.a
START GROUP
LOAD c:/users/umar.hassan/appdata/local/arduino15/packages/arduino/tools/arm-none-eabi-gcc/4.8.3-2014q1/bin/../lib/gcc/arm-none-eabi/4.8.3/armv7-m\libgcc.a
LOAD c:/users/umar.hassan/appdata/local/arduino15/packages/arduino/tools/arm-none-eabi-gcc/4.8.3-2014q1/bin/../lib/gcc/arm-none-eabi/4.8.3/../../../../arm-none-eabi/lib/armv7-m\libg.a
LOAD c:/users/umar.hassan/appdata/local/arduino15/packages/arduino/tools/arm-none-eabi-gcc/4.8.3-2014q1/bin/../lib/gcc/arm-none-eabi/4.8.3/../../../../arm-none-eabi/lib/armv7-m\libc.a
END GROUP
LOAD c:/users/umar.hassan/appdata/local/arduino15/packages/arduino/tools/arm-none-eabi-gcc/4.8.3-2014q1/bin/../lib/gcc/arm-none-eabi/4.8.3/armv7-m/crtend.o
LOAD c:/users/umar.hassan/appdata/local/arduino15/packages/arduino/tools/arm-none-eabi-gcc/4.8.3-2014q1/bin/../lib/gcc/arm-none-eabi/4.8.3/armv7-m/crtn.o

.text           0x00080000     0x583c
                0x00080000                . = ALIGN (0x4)
                0x00080000                _sfixed = .
 *(.vectors .vectors.*)
 .vectors       0x00080000       0xf4 C:\Users\umar.hassan\AppData\Local\arduino15\packages\arduino\hardware\sam\1.6.11\variants\arduino_due_x/libsam_sam3x8e_gcc_rel.a(startup_sam3xa.o)
                0x00080000                exception_table
 *(.text .text.* .gnu.linkonce.t.*)
 .text          0x000800f4       0x54 c:/users/umar.hassan/appdata/local/arduino15/packages/arduino/tools/arm-none-eabi-gcc/4.8.3-2014q1/bin/../lib/gcc/arm-none-eabi/4.8.3/armv7-m/crtbegin.o
 .text.loop     0x00080148       0xe8 C:\Users\umar.hassan\AppData\Local\Temp\VMBuilds\PhysLoggerFW\arduino_due_x_dbg\Debug\PhysLoggerFW.cpp.o
                0x00080148                loop
 .text.setup    0x00080230       0x10 C:\Users\umar.hassan\AppData\Local\Temp\VMBuilds\PhysLoggerFW\arduino_due_x_dbg\Debug\PhysLoggerFW.cpp.o
                0x00080230                setup
 .text._ZN13PacketCommand11SendCommandER6Stream
                0x00080240       0x70 C:\Users\umar.hassan\AppData\Local\Temp\VMBuilds\PhysLoggerFW\arduino_due_x_dbg\Debug\PacketCommands.cpp.o
                0x00080240                PacketCommand::SendCommand(Stream&)
 .text._ZN13PacketCommandD2Ev
                0x000802b0        0xe C:\Users\umar.hassan\AppData\Local\Temp\VMBuilds\PhysLoggerFW\arduino_due_x_dbg\Debug\PacketCommands.cpp.o
                0x000802b0                PacketCommand::~PacketCommand()
                0x000802b0                PacketCommand::~PacketCommand()
 .text._ZN13PacketCommand13PayLoadLengthEt
                0x000802be       0x28 C:\Users\umar.hassan\AppData\Local\Temp\VMBuilds\PhysLoggerFW\arduino_due_x_dbg\Debug\PacketCommands.cpp.o
                0x000802be                PacketCommand::PayLoadLength(unsigned short)
 .text._ZN13PacketCommandC2Eh
                0x000802e6       0x26 C:\Users\umar.hassan\AppData\Local\Temp\VMBuilds\PhysLoggerFW\arduino_due_x_dbg\Debug\PacketCommands.cpp.o
                0x000802e6                PacketCommand::PacketCommand(unsigned char)
                0x000802e6                PacketCommand::PacketCommand(unsigned char)
 .text._ZN13PacketCommandC2Ehhh
                0x0008030c       0x14 C:\Users\umar.hassan\AppData\Local\Temp\VMBuilds\PhysLoggerFW\arduino_due_x_dbg\Debug\PacketCommands.cpp.o
                0x0008030c                PacketCommand::PacketCommand(unsigned char, unsigned char, unsigned char)
                0x0008030c                PacketCommand::PacketCommand(unsigned char, unsigned char, unsigned char)
 .text._ZN13PacketCommand7PayLoadEv
                0x00080320        0x4 C:\Users\umar.hassan\AppData\Local\Temp\VMBuilds\PhysLoggerFW\arduino_due_x_dbg\Debug\PacketCommands.cpp.o
                0x00080320                PacketCommand::PayLoad()
 .text._Z11serialEventv
                0x00080324        0x2 C:\Users\umar.hassan\AppData\Local\Temp\VMBuilds\PhysLoggerFW\arduino_due_x_dbg\Debug\variant\variant.cpp.o
                0x00080324                serialEvent()
 *fill*         0x00080326        0x2 
 .text.UART_Handler
                0x00080328        0xc C:\Users\umar.hassan\AppData\Local\Temp\VMBuilds\PhysLoggerFW\arduino_due_x_dbg\Debug\variant\variant.cpp.o
                0x00080328                UART_Handler
 .text._Z12serialEvent1v
                0x00080334        0x2 C:\Users\umar.hassan\AppData\Local\Temp\VMBuilds\PhysLoggerFW\arduino_due_x_dbg\Debug\variant\variant.cpp.o
                0x00080334                serialEvent1()
 .text._Z12serialEvent2v
                0x00080336        0x2 C:\Users\umar.hassan\AppData\Local\Temp\VMBuilds\PhysLoggerFW\arduino_due_x_dbg\Debug\variant\variant.cpp.o
                0x00080336                serialEvent2()
 .text._Z12serialEvent3v
                0x00080338        0x2 C:\Users\umar.hassan\AppData\Local\Temp\VMBuilds\PhysLoggerFW\arduino_due_x_dbg\Debug\variant\variant.cpp.o
                0x00080338                serialEvent3()
 *fill*         0x0008033a        0x2 
 .text.USART0_Handler
                0x0008033c        0xc C:\Users\umar.hassan\AppData\Local\Temp\VMBuilds\PhysLoggerFW\arduino_due_x_dbg\Debug\variant\variant.cpp.o
                0x0008033c                USART0_Handler
 .text.USART1_Handler
                0x00080348        0xc C:\Users\umar.hassan\AppData\Local\Temp\VMBuilds\PhysLoggerFW\arduino_due_x_dbg\Debug\variant\variant.cpp.o
                0x00080348                USART1_Handler
 .text.USART3_Handler
                0x00080354        0xc C:\Users\umar.hassan\AppData\Local\Temp\VMBuilds\PhysLoggerFW\arduino_due_x_dbg\Debug\variant\variant.cpp.o
                0x00080354                USART3_Handler
 .text.init     0x00080360      0x128 C:\Users\umar.hassan\AppData\Local\Temp\VMBuilds\PhysLoggerFW\arduino_due_x_dbg\Debug\variant\variant.cpp.o
                0x00080360                init
 .text.startup._GLOBAL__sub_I_g_APinDescription
                0x00080488       0xd4 C:\Users\umar.hassan\AppData\Local\Temp\VMBuilds\PhysLoggerFW\arduino_due_x_dbg\Debug\variant\variant.cpp.o
 .text._Z14serialEventRunv
                0x0008055c       0x44 C:\Users\umar.hassan\AppData\Local\Temp\VMBuilds\PhysLoggerFW\arduino_due_x_dbg\Debug\variant\variant.cpp.o
                0x0008055c                serialEventRun()
 .text.PIO_PullUp
                0x000805a0        0xa C:\Users\umar.hassan\AppData\Local\arduino15\packages\arduino\hardware\sam\1.6.11\variants\arduino_due_x/libsam_sam3x8e_gcc_rel.a(pio.o)
                0x000805a0                PIO_PullUp
 .text.PIO_SetPeripheral
                0x000805aa       0x26 C:\Users\umar.hassan\AppData\Local\arduino15\packages\arduino\hardware\sam\1.6.11\variants\arduino_due_x/libsam_sam3x8e_gcc_rel.a(pio.o)
                0x000805aa                PIO_SetPeripheral
 .text.PIO_SetInput
                0x000805d0       0x26 C:\Users\umar.hassan\AppData\Local\arduino15\packages\arduino\hardware\sam\1.6.11\variants\arduino_due_x/libsam_sam3x8e_gcc_rel.a(pio.o)
                0x000805d0                PIO_SetInput
 .text.PIO_SetOutput
                0x000805f6       0x24 C:\Users\umar.hassan\AppData\Local\arduino15\packages\arduino\hardware\sam\1.6.11\variants\arduino_due_x/libsam_sam3x8e_gcc_rel.a(pio.o)
                0x000805f6                PIO_SetOutput
 *fill*         0x0008061a        0x2 
 .text.PIO_Configure
                0x0008061c       0x64 C:\Users\umar.hassan\AppData\Local\arduino15\packages\arduino\hardware\sam\1.6.11\variants\arduino_due_x/libsam_sam3x8e_gcc_rel.a(pio.o)
                0x0008061c                PIO_Configure
 .text.PIO_GetOutputDataStatus
                0x00080680       0x14 C:\Users\umar.hassan\AppData\Local\arduino15\packages\arduino\hardware\sam\1.6.11\variants\arduino_due_x/libsam_sam3x8e_gcc_rel.a(pio.o)
                0x00080680                PIO_GetOutputDataStatus
 .text.pmc_enable_upll_clock
                0x00080694       0x14 C:\Users\umar.hassan\AppData\Local\arduino15\packages\arduino\hardware\sam\1.6.11\variants\arduino_due_x/libsam_sam3x8e_gcc_rel.a(pmc.o)
                0x00080694                pmc_enable_upll_clock
 .text.pmc_enable_periph_clk
                0x000806a8       0x44 C:\Users\umar.hassan\AppData\Local\arduino15\packages\arduino\hardware\sam\1.6.11\variants\arduino_due_x/libsam_sam3x8e_gcc_rel.a(pmc.o)
                0x000806a8                pmc_enable_periph_clk
 .text.pmc_disable_periph_clk
                0x000806ec       0x40 C:\Users\umar.hassan\AppData\Local\arduino15\packages\arduino\hardware\sam\1.6.11\variants\arduino_due_x/libsam_sam3x8e_gcc_rel.a(pmc.o)
                0x000806ec                pmc_disable_periph_clk
 .text.pmc_switch_udpck_to_upllck
                0x0008072c       0x14 C:\Users\umar.hassan\AppData\Local\arduino15\packages\arduino\hardware\sam\1.6.11\variants\arduino_due_x/libsam_sam3x8e_gcc_rel.a(pmc.o)
                0x0008072c                pmc_switch_udpck_to_upllck
 .text.pmc_enable_udpck
                0x00080740        0xc C:\Users\umar.hassan\AppData\Local\arduino15\packages\arduino\hardware\sam\1.6.11\variants\arduino_due_x/libsam_sam3x8e_gcc_rel.a(pmc.o)
                0x00080740                pmc_enable_udpck
 .text.SystemInit
                0x0008074c       0x88 C:\Users\umar.hassan\AppData\Local\arduino15\packages\arduino\hardware\sam\1.6.11\variants\arduino_due_x/libsam_sam3x8e_gcc_rel.a(system_sam3xa.o)
                0x0008074c                SystemInit
 .text.Reset_Handler
                0x000807d4       0x78 C:\Users\umar.hassan\AppData\Local\arduino15\packages\arduino\hardware\sam\1.6.11\variants\arduino_due_x/libsam_sam3x8e_gcc_rel.a(startup_sam3xa.o)
                0x000807d4                Reset_Handler
 .text.adc_init
                0x0008084c       0x98 C:\Users\umar.hassan\AppData\Local\arduino15\packages\arduino\hardware\sam\1.6.11\variants\arduino_due_x/libsam_sam3x8e_gcc_rel.a(adc.o)
                0x0008084c                adc_init
 .text.adc_configure_trigger
                0x000808e4        0xe C:\Users\umar.hassan\AppData\Local\arduino15\packages\arduino\hardware\sam\1.6.11\variants\arduino_due_x/libsam_sam3x8e_gcc_rel.a(adc.o)
                0x000808e4                adc_configure_trigger
 .text.adc_configure_timing
                0x000808f2       0x1a C:\Users\umar.hassan\AppData\Local\arduino15\packages\arduino\hardware\sam\1.6.11\variants\arduino_due_x/libsam_sam3x8e_gcc_rel.a(adc.o)
                0x000808f2                adc_configure_timing
 .text.adc_start
                0x0008090c        0x6 C:\Users\umar.hassan\AppData\Local\arduino15\packages\arduino\hardware\sam\1.6.11\variants\arduino_due_x/libsam_sam3x8e_gcc_rel.a(adc.o)
                0x0008090c                adc_start
 .text.adc_enable_channel
                0x00080912        0xa C:\Users\umar.hassan\AppData\Local\arduino15\packages\arduino\hardware\sam\1.6.11\variants\arduino_due_x/libsam_sam3x8e_gcc_rel.a(adc.o)
                0x00080912                adc_enable_channel
 .text.adc_disable_channel
                0x0008091c        0xa C:\Users\umar.hassan\AppData\Local\arduino15\packages\arduino\hardware\sam\1.6.11\variants\arduino_due_x/libsam_sam3x8e_gcc_rel.a(adc.o)
                0x0008091c                adc_disable_channel
 .text.adc_disable_all_channel
                0x00080926        0x8 C:\Users\umar.hassan\AppData\Local\arduino15\packages\arduino\hardware\sam\1.6.11\variants\arduino_due_x/libsam_sam3x8e_gcc_rel.a(adc.o)
                0x00080926                adc_disable_all_channel
 .text.adc_get_channel_status
                0x0008092e        0xa C:\Users\umar.hassan\AppData\Local\arduino15\packages\arduino\hardware\sam\1.6.11\variants\arduino_due_x/libsam_sam3x8e_gcc_rel.a(adc.o)
                0x0008092e                adc_get_channel_status
 .text.adc_get_latest_value
                0x00080938        0x4 C:\Users\umar.hassan\AppData\Local\arduino15\packages\arduino\hardware\sam\1.6.11\variants\arduino_due_x/libsam_sam3x8e_gcc_rel.a(adc.o)
                0x00080938                adc_get_latest_value
 .text.adc_disable_interrupt
                0x0008093c        0x4 C:\Users\umar.hassan\AppData\Local\arduino15\packages\arduino\hardware\sam\1.6.11\variants\arduino_due_x/libsam_sam3x8e_gcc_rel.a(adc.o)
                0x0008093c                adc_disable_interrupt
 .text.adc_get_status
                0x00080940        0x4 C:\Users\umar.hassan\AppData\Local\arduino15\packages\arduino\hardware\sam\1.6.11\variants\arduino_due_x/libsam_sam3x8e_gcc_rel.a(adc.o)
                0x00080940                adc_get_status
 .text.UOTGHS_Handler
                0x00080944       0x10 C:\Users\umar.hassan\AppData\Local\arduino15\packages\arduino\hardware\sam\1.6.11\variants\arduino_due_x/libsam_sam3x8e_gcc_rel.a(uotghs.o)
                0x00080944                UOTGHS_Handler
 .text.__halt   0x00080954        0x2 C:\Users\umar.hassan\AppData\Local\Temp\VMBuilds\PhysLoggerFW\arduino_due_x_dbg\Debug/core.a(cortex_handlers.c.o)
                0x00080954                DACC_Handler
                0x00080954                DebugMon_Handler
                0x00080954                DMAC_Handler
                0x00080954                TRNG_Handler
                0x00080954                HardFault_Handler
                0x00080954                TC2_Handler
                0x00080954                TWI1_Handler
                0x00080954                NMI_Handler
                0x00080954                TC7_Handler
                0x00080954                ADC_Handler
                0x00080954                SMC_Handler
                0x00080954                RTT_Handler
                0x00080954                EFC1_Handler
                0x00080954                PIOB_Handler
                0x00080954                RTC_Handler
                0x00080954                UsageFault_Handler
                0x00080954                TC6_Handler
                0x00080954                WDT_Handler
                0x00080954                CAN0_Handler
                0x00080954                TC4_Handler
                0x00080954                TC1_Handler
                0x00080954                HSMCI_Handler
                0x00080954                TC3_Handler
                0x00080954                TWI0_Handler
                0x00080954                PIOA_Handler
                0x00080954                SSC_Handler
                0x00080954                EFC0_Handler
                0x00080954                PMC_Handler
                0x00080954                PWM_Handler
                0x00080954                CAN1_Handler
                0x00080954                MemManage_Handler
                0x00080954                SUPC_Handler
                0x00080954                TC8_Handler
                0x00080954                USART2_Handler
                0x00080954                PIOD_Handler
                0x00080954                EMAC_Handler
                0x00080954                PIOC_Handler
                0x00080954                BusFault_Handler
                0x00080954                RSTC_Handler
                0x00080954                TC0_Handler
                0x00080954                TC5_Handler
                0x00080954                SPI0_Handler
 .text.SVC_Handler
                0x00080956        0x4 C:\Users\umar.hassan\AppData\Local\Temp\VMBuilds\PhysLoggerFW\arduino_due_x_dbg\Debug/core.a(cortex_handlers.c.o)
                0x00080956                SVC_Handler
 .text.PendSV_Handler
                0x0008095a        0x4 C:\Users\umar.hassan\AppData\Local\Temp\VMBuilds\PhysLoggerFW\arduino_due_x_dbg\Debug/core.a(cortex_handlers.c.o)
                0x0008095a                PendSV_Handler
 .text.SysTick_Handler
                0x0008095e       0x16 C:\Users\umar.hassan\AppData\Local\Temp\VMBuilds\PhysLoggerFW\arduino_due_x_dbg\Debug/core.a(cortex_handlers.c.o)
                0x0008095e                SysTick_Handler
 .text.__empty  0x00080974        0x2 C:\Users\umar.hassan\AppData\Local\Temp\VMBuilds\PhysLoggerFW\arduino_due_x_dbg\Debug/core.a(hooks.c.o)
                0x00080974                yield
 .text.__false  0x00080976        0x4 C:\Users\umar.hassan\AppData\Local\Temp\VMBuilds\PhysLoggerFW\arduino_due_x_dbg\Debug/core.a(hooks.c.o)
                0x00080976                sysTickHook
 .text.__halt   0x0008097a        0x2 C:\Users\umar.hassan\AppData\Local\Temp\VMBuilds\PhysLoggerFW\arduino_due_x_dbg\Debug/core.a(hooks.c.o)
                0x0008097a                svcHook
                0x0008097a                pendSVHook
 .text._sbrk    0x0008097c       0x1c C:\Users\umar.hassan\AppData\Local\Temp\VMBuilds\PhysLoggerFW\arduino_due_x_dbg\Debug/core.a(syscalls_sam3.c.o)
                0x0008097c                _sbrk
 .text.link     0x00080998        0x6 C:\Users\umar.hassan\AppData\Local\Temp\VMBuilds\PhysLoggerFW\arduino_due_x_dbg\Debug/core.a(syscalls_sam3.c.o)
                0x00080998                link
 .text._close   0x0008099e        0x6 C:\Users\umar.hassan\AppData\Local\Temp\VMBuilds\PhysLoggerFW\arduino_due_x_dbg\Debug/core.a(syscalls_sam3.c.o)
                0x0008099e                _close
 .text._fstat   0x000809a4        0xa C:\Users\umar.hassan\AppData\Local\Temp\VMBuilds\PhysLoggerFW\arduino_due_x_dbg\Debug/core.a(syscalls_sam3.c.o)
                0x000809a4                _fstat
 .text._isatty  0x000809ae        0x4 C:\Users\umar.hassan\AppData\Local\Temp\VMBuilds\PhysLoggerFW\arduino_due_x_dbg\Debug/core.a(syscalls_sam3.c.o)
                0x000809ae                _isatty
 .text._lseek   0x000809b2        0x4 C:\Users\umar.hassan\AppData\Local\Temp\VMBuilds\PhysLoggerFW\arduino_due_x_dbg\Debug/core.a(syscalls_sam3.c.o)
                0x000809b2                _lseek
 .text._read    0x000809b6        0x4 C:\Users\umar.hassan\AppData\Local\Temp\VMBuilds\PhysLoggerFW\arduino_due_x_dbg\Debug/core.a(syscalls_sam3.c.o)
                0x000809b6                _read
 *fill*         0x000809ba        0x2 
 .text._write   0x000809bc       0x24 C:\Users\umar.hassan\AppData\Local\Temp\VMBuilds\PhysLoggerFW\arduino_due_x_dbg\Debug/core.a(syscalls_sam3.c.o)
                0x000809bc                _write
 .text._exit    0x000809e0       0x10 C:\Users\umar.hassan\AppData\Local\Temp\VMBuilds\PhysLoggerFW\arduino_due_x_dbg\Debug/core.a(syscalls_sam3.c.o)
                0x000809e0                _exit
 .text._kill    0x000809f0        0x2 C:\Users\umar.hassan\AppData\Local\Temp\VMBuilds\PhysLoggerFW\arduino_due_x_dbg\Debug/core.a(syscalls_sam3.c.o)
                0x000809f0                _kill
 .text._getpid  0x000809f2        0x6 C:\Users\umar.hassan\AppData\Local\Temp\VMBuilds\PhysLoggerFW\arduino_due_x_dbg\Debug/core.a(syscalls_sam3.c.o)
                0x000809f2                _getpid
 .text.millis   0x000809f8        0x4 C:\Users\umar.hassan\AppData\Local\Temp\VMBuilds\PhysLoggerFW\arduino_due_x_dbg\Debug/core.a(wiring.c.o)
                0x000809f8                millis
 .text.delay    0x000809fc       0x1c C:\Users\umar.hassan\AppData\Local\Temp\VMBuilds\PhysLoggerFW\arduino_due_x_dbg\Debug/core.a(wiring.c.o)
                0x000809fc                delay
 .text.mapResolution
                0x00080a18       0x12 C:\Users\umar.hassan\AppData\Local\Temp\VMBuilds\PhysLoggerFW\arduino_due_x_dbg\Debug/core.a(wiring_analog.c.o)
 *fill*         0x00080a2a        0x2 
 .text.analogRead
                0x00080a2c       0x9c C:\Users\umar.hassan\AppData\Local\Temp\VMBuilds\PhysLoggerFW\arduino_due_x_dbg\Debug/core.a(wiring_analog.c.o)
                0x00080a2c                analogRead
 .text.analogOutputInit
                0x00080ac8        0x2 C:\Users\umar.hassan\AppData\Local\Temp\VMBuilds\PhysLoggerFW\arduino_due_x_dbg\Debug/core.a(wiring_analog.c.o)
                0x00080ac8                analogOutputInit
 *fill*         0x00080aca        0x2 
 .text.pinMode  0x00080acc      0x108 C:\Users\umar.hassan\AppData\Local\Temp\VMBuilds\PhysLoggerFW\arduino_due_x_dbg\Debug/core.a(wiring_digital.c.o)
                0x00080acc                pinMode
 .text.digitalWrite
                0x00080bd4       0x70 C:\Users\umar.hassan\AppData\Local\Temp\VMBuilds\PhysLoggerFW\arduino_due_x_dbg\Debug/core.a(wiring_digital.c.o)
                0x00080bd4                digitalWrite
 .text.initVariant
                0x00080c44        0x2 C:\Users\umar.hassan\AppData\Local\Temp\VMBuilds\PhysLoggerFW\arduino_due_x_dbg\Debug/core.a(main.cpp.o)
                0x00080c44                initVariant
 *fill*         0x00080c46        0x2 
 .text.startup.main
                0x00080c48       0x38 C:\Users\umar.hassan\AppData\Local\Temp\VMBuilds\PhysLoggerFW\arduino_due_x_dbg\Debug/core.a(main.cpp.o)
                0x00080c48                main
 .text._Znaj    0x00080c80        0x4 C:\Users\umar.hassan\AppData\Local\Temp\VMBuilds\PhysLoggerFW\arduino_due_x_dbg\Debug/core.a(new.cpp.o)
                0x00080c80                operator new[](unsigned int)
 .text._ZdlPv   0x00080c84        0x4 C:\Users\umar.hassan\AppData\Local\Temp\VMBuilds\PhysLoggerFW\arduino_due_x_dbg\Debug/core.a(new.cpp.o)
                0x00080c84                operator delete(void*)
 .text._ZN5Print5writeEPKhj
                0x00080c88       0x22 C:\Users\umar.hassan\AppData\Local\Temp\VMBuilds\PhysLoggerFW\arduino_due_x_dbg\Debug/core.a(Print.cpp.o)
                0x00080c88                Print::write(unsigned char const*, unsigned int)
 *fill*         0x00080caa        0x2 
 .text.initiateReset
                0x00080cac        0xc C:\Users\umar.hassan\AppData\Local\Temp\VMBuilds\PhysLoggerFW\arduino_due_x_dbg\Debug/core.a(Reset.cpp.o)
                0x00080cac                initiateReset
 .text.cancelReset
                0x00080cb8       0x10 C:\Users\umar.hassan\AppData\Local\Temp\VMBuilds\PhysLoggerFW\arduino_due_x_dbg\Debug/core.a(Reset.cpp.o)
                0x00080cb8                cancelReset
 .text.tickReset
                0x00080cc8       0x20 C:\Users\umar.hassan\AppData\Local\Temp\VMBuilds\PhysLoggerFW\arduino_due_x_dbg\Debug/core.a(Reset.cpp.o)
                0x00080cc8                tickReset
 .text._ZN10RingBufferC2Ev
                0x00080ce8       0x1a C:\Users\umar.hassan\AppData\Local\Temp\VMBuilds\PhysLoggerFW\arduino_due_x_dbg\Debug/core.a(RingBuffer.cpp.o)
                0x00080ce8                RingBuffer::RingBuffer()
                0x00080ce8                RingBuffer::RingBuffer()
 .text._ZN10RingBuffer10store_charEh
                0x00080d02       0x1e C:\Users\umar.hassan\AppData\Local\Temp\VMBuilds\PhysLoggerFW\arduino_due_x_dbg\Debug/core.a(RingBuffer.cpp.o)
                0x00080d02                RingBuffer::store_char(unsigned char)
 .text._ZN9UARTClasscvbEv
                0x00080d20        0x4 C:\Users\umar.hassan\AppData\Local\Temp\VMBuilds\PhysLoggerFW\arduino_due_x_dbg\Debug/core.a(UARTClass.cpp.o)
                0x00080d20                UARTClass::operator bool()
 .text._ZN9UARTClass9availableEv
                0x00080d24       0x12 C:\Users\umar.hassan\AppData\Local\Temp\VMBuilds\PhysLoggerFW\arduino_due_x_dbg\Debug/core.a(UARTClass.cpp.o)
                0x00080d24                UARTClass::available()
 .text._ZN9UARTClass4peekEv
                0x00080d36       0x1c C:\Users\umar.hassan\AppData\Local\Temp\VMBuilds\PhysLoggerFW\arduino_due_x_dbg\Debug/core.a(UARTClass.cpp.o)
                0x00080d36                UARTClass::peek()
 .text._ZN9UARTClass4readEv
                0x00080d52       0x2a C:\Users\umar.hassan\AppData\Local\Temp\VMBuilds\PhysLoggerFW\arduino_due_x_dbg\Debug/core.a(UARTClass.cpp.o)
                0x00080d52                UARTClass::read()
 .text._ZN9UARTClass5flushEv
                0x00080d7c       0x18 C:\Users\umar.hassan\AppData\Local\Temp\VMBuilds\PhysLoggerFW\arduino_due_x_dbg\Debug/core.a(UARTClass.cpp.o)
                0x00080d7c                UARTClass::flush()
 .text._ZN9UARTClass5writeEh
                0x00080d94       0x54 C:\Users\umar.hassan\AppData\Local\Temp\VMBuilds\PhysLoggerFW\arduino_due_x_dbg\Debug/core.a(UARTClass.cpp.o)
                0x00080d94                UARTClass::write(unsigned char)
 .text._ZN9UARTClass3endEv
                0x00080de8       0x3c C:\Users\umar.hassan\AppData\Local\Temp\VMBuilds\PhysLoggerFW\arduino_due_x_dbg\Debug/core.a(UARTClass.cpp.o)
                0x00080de8                UARTClass::end()
 .text._ZN9UARTClassC2EP4Uart4IRQnmP10RingBufferS4_
                0x00080e24       0x24 C:\Users\umar.hassan\AppData\Local\Temp\VMBuilds\PhysLoggerFW\arduino_due_x_dbg\Debug/core.a(UARTClass.cpp.o)
                0x00080e24                UARTClass::UARTClass(Uart*, IRQn, unsigned long, RingBuffer*, RingBuffer*)
                0x00080e24                UARTClass::UARTClass(Uart*, IRQn, unsigned long, RingBuffer*, RingBuffer*)
 .text._ZN9UARTClass4initEmm
                0x00080e48       0x70 C:\Users\umar.hassan\AppData\Local\Temp\VMBuilds\PhysLoggerFW\arduino_due_x_dbg\Debug/core.a(UARTClass.cpp.o)
                0x00080e48                UARTClass::init(unsigned long, unsigned long)
 .text._ZN9UARTClass5beginEm
                0x00080eb8        0x8 C:\Users\umar.hassan\AppData\Local\Temp\VMBuilds\PhysLoggerFW\arduino_due_x_dbg\Debug/core.a(UARTClass.cpp.o)
                0x00080eb8                UARTClass::begin(unsigned long)
 .text._ZN9UARTClass10IrqHandlerEv
                0x00080ec0       0x5a C:\Users\umar.hassan\AppData\Local\Temp\VMBuilds\PhysLoggerFW\arduino_due_x_dbg\Debug/core.a(UARTClass.cpp.o)
                0x00080ec0                UARTClass::IrqHandler()
 .text._ZN10USARTClass5beginEm
                0x00080f1a        0x8 C:\Users\umar.hassan\AppData\Local\Temp\VMBuilds\PhysLoggerFW\arduino_due_x_dbg\Debug/core.a(USARTClass.cpp.o)
                0x00080f1a                USARTClass::begin(unsigned long)
 *fill*         0x00080f22        0x2 
 .text._ZN10USARTClassC2EP5Usart4IRQnmP10RingBufferS4_
                0x00080f24       0x24 C:\Users\umar.hassan\AppData\Local\Temp\VMBuilds\PhysLoggerFW\arduino_due_x_dbg\Debug/core.a(USARTClass.cpp.o)
                0x00080f24                USARTClass::USARTClass(Usart*, IRQn, unsigned long, RingBuffer*, RingBuffer*)
                0x00080f24                USARTClass::USARTClass(Usart*, IRQn, unsigned long, RingBuffer*, RingBuffer*)
 .text._watchdogDefaultSetup
                0x00080f48        0xc C:\Users\umar.hassan\AppData\Local\Temp\VMBuilds\PhysLoggerFW\arduino_due_x_dbg\Debug/core.a(watchdog.cpp.o)
                0x00080f48                _watchdogDefaultSetup
                0x00080f48                watchdogSetup()
 .text.unlikely._ZL11USB_SendZlpv
                0x00080f54       0x20 C:\Users\umar.hassan\AppData\Local\Temp\VMBuilds\PhysLoggerFW\arduino_due_x_dbg\Debug/core.a(USBCore.cpp.o)
 .text._Z14USBD_Availablem
                0x00080f74       0x2c C:\Users\umar.hassan\AppData\Local\Temp\VMBuilds\PhysLoggerFW\arduino_due_x_dbg\Debug/core.a(USBCore.cpp.o)
                0x00080f74                USBD_Available(unsigned long)
 .text._Z9USBD_RecvmPvm
                0x00080fa0       0x7c C:\Users\umar.hassan\AppData\Local\Temp\VMBuilds\PhysLoggerFW\arduino_due_x_dbg\Debug/core.a(USBCore.cpp.o)
                0x00080fa0                USBD_Recv(unsigned long, void*, unsigned long)
 .text._Z9USBD_Recvm
                0x0008101c       0x22 C:\Users\umar.hassan\AppData\Local\Temp\VMBuilds\PhysLoggerFW\arduino_due_x_dbg\Debug/core.a(USBCore.cpp.o)
                0x0008101c                USBD_Recv(unsigned long)
 *fill*         0x0008103e        0x2 
 .text._Z9USBD_SendmPKvm
                0x00081040       0x4c C:\Users\umar.hassan\AppData\Local\Temp\VMBuilds\PhysLoggerFW\arduino_due_x_dbg\Debug/core.a(USBCore.cpp.o)
                0x00081040                USBD_Send(unsigned long, void const*, unsigned long)
 .text._Z16USBD_SendControlhPKvm
                0x0008108c       0x40 C:\Users\umar.hassan\AppData\Local\Temp\VMBuilds\PhysLoggerFW\arduino_due_x_dbg\Debug/core.a(USBCore.cpp.o)
                0x0008108c                USBD_SendControl(unsigned char, void const*, unsigned long)
 .text.unlikely._ZL24USB_SendStringDescriptorPKhi
                0x000810cc       0x64 C:\Users\umar.hassan\AppData\Local\Temp\VMBuilds\PhysLoggerFW\arduino_due_x_dbg\Debug/core.a(USBCore.cpp.o)
 .text._Z16USBD_RecvControlPvm
                0x00081130       0x1c C:\Users\umar.hassan\AppData\Local\Temp\VMBuilds\PhysLoggerFW\arduino_due_x_dbg\Debug/core.a(USBCore.cpp.o)
                0x00081130                USBD_RecvControl(void*, unsigned long)
 .text._Z26USBD_ClassInterfaceRequestR8USBSetup
                0x0008114c       0x1e C:\Users\umar.hassan\AppData\Local\Temp\VMBuilds\PhysLoggerFW\arduino_due_x_dbg\Debug/core.a(USBCore.cpp.o)
                0x0008114c                USBD_ClassInterfaceRequest(USBSetup&)
 .text._Z19USBD_SendInterfacesv
                0x0008116a       0x22 C:\Users\umar.hassan\AppData\Local\Temp\VMBuilds\PhysLoggerFW\arduino_due_x_dbg\Debug/core.a(USBCore.cpp.o)
                0x0008116a                USBD_SendInterfaces()
 .text._Z24USBD_SendOtherInterfacesv
                0x0008118c       0x22 C:\Users\umar.hassan\AppData\Local\Temp\VMBuilds\PhysLoggerFW\arduino_due_x_dbg\Debug/core.a(USBCore.cpp.o)
                0x0008118c                USBD_SendOtherInterfaces()
 .text._Z10USBD_Flushm
                0x000811ae       0x16 C:\Users\umar.hassan\AppData\Local\Temp\VMBuilds\PhysLoggerFW\arduino_due_x_dbg\Debug/core.a(USBCore.cpp.o)
                0x000811ae                USBD_Flush(unsigned long)
 .text._ZN10USBDevice_C2Ev
                0x000811c4       0x24 C:\Users\umar.hassan\AppData\Local\Temp\VMBuilds\PhysLoggerFW\arduino_due_x_dbg\Debug/core.a(USBCore.cpp.o)
                0x000811c4                USBDevice_::USBDevice_()
                0x000811c4                USBDevice_::USBDevice_()
 .text._ZN10USBDevice_6attachEv
                0x000811e8       0x20 C:\Users\umar.hassan\AppData\Local\Temp\VMBuilds\PhysLoggerFW\arduino_due_x_dbg\Debug/core.a(USBCore.cpp.o)
                0x000811e8                USBDevice_::attach()
 .text.startup._GLOBAL__sub_I_EndPoints
                0x00081208        0xc C:\Users\umar.hassan\AppData\Local\Temp\VMBuilds\PhysLoggerFW\arduino_due_x_dbg\Debug/core.a(USBCore.cpp.o)
 .text._ZL7USB_ISRv
                0x00081214      0x454 C:\Users\umar.hassan\AppData\Local\Temp\VMBuilds\PhysLoggerFW\arduino_due_x_dbg\Debug/core.a(USBCore.cpp.o)
 .text._ZN7Serial_9availableEv
                0x00081668       0x18 C:\Users\umar.hassan\AppData\Local\Temp\VMBuilds\PhysLoggerFW\arduino_due_x_dbg\Debug/core.a(CDC.cpp.o)
                0x00081668                Serial_::available()
 .text._ZN7Serial_17availableForWriteEv
                0x00081680        0x6 C:\Users\umar.hassan\AppData\Local\Temp\VMBuilds\PhysLoggerFW\arduino_due_x_dbg\Debug/core.a(CDC.cpp.o)
                0x00081680                Serial_::availableForWrite()
 *fill*         0x00081686        0x2 
 .text._ZN7Serial_4peekEv
                0x00081688       0x20 C:\Users\umar.hassan\AppData\Local\Temp\VMBuilds\PhysLoggerFW\arduino_due_x_dbg\Debug/core.a(CDC.cpp.o)
                0x00081688                Serial_::peek()
 .text._ZN7Serial_5writeEh
                0x000816a8       0x16 C:\Users\umar.hassan\AppData\Local\Temp\VMBuilds\PhysLoggerFW\arduino_due_x_dbg\Debug/core.a(CDC.cpp.o)
                0x000816a8                Serial_::write(unsigned char)
 *fill*         0x000816be        0x2 
 .text._ZN7Serial_4readEv
                0x000816c0       0x44 C:\Users\umar.hassan\AppData\Local\Temp\VMBuilds\PhysLoggerFW\arduino_due_x_dbg\Debug/core.a(CDC.cpp.o)
                0x000816c0                Serial_::read()
 .text._ZN7Serial_5flushEv
                0x00081704        0x6 C:\Users\umar.hassan\AppData\Local\Temp\VMBuilds\PhysLoggerFW\arduino_due_x_dbg\Debug/core.a(CDC.cpp.o)
                0x00081704                Serial_::flush()
 *fill*         0x0008170a        0x2 
 .text._ZN7Serial_6acceptEv
                0x0008170c       0x70 C:\Users\umar.hassan\AppData\Local\Temp\VMBuilds\PhysLoggerFW\arduino_due_x_dbg\Debug/core.a(CDC.cpp.o)
                0x0008170c                Serial_::accept()
 .text._ZN7Serial_5writeEPKhj
                0x0008177c       0x2c C:\Users\umar.hassan\AppData\Local\Temp\VMBuilds\PhysLoggerFW\arduino_due_x_dbg\Debug/core.a(CDC.cpp.o)
                0x0008177c                Serial_::write(unsigned char const*, unsigned int)
 .text._Z16CDC_GetInterfacePh
                0x000817a8       0x14 C:\Users\umar.hassan\AppData\Local\Temp\VMBuilds\PhysLoggerFW\arduino_due_x_dbg\Debug/core.a(CDC.cpp.o)
                0x000817a8                CDC_GetInterface(unsigned char*)
 .text._Z21CDC_GetOtherInterfacePh
                0x000817bc       0x14 C:\Users\umar.hassan\AppData\Local\Temp\VMBuilds\PhysLoggerFW\arduino_due_x_dbg\Debug/core.a(CDC.cpp.o)
                0x000817bc                CDC_GetOtherInterface(unsigned char*)
 .text._Z9CDC_SetupR8USBSetup
                0x000817d0       0x78 C:\Users\umar.hassan\AppData\Local\Temp\VMBuilds\PhysLoggerFW\arduino_due_x_dbg\Debug/core.a(CDC.cpp.o)
                0x000817d0                CDC_Setup(USBSetup&)
 .text.startup._GLOBAL__sub_I_cdc_rx_buffer
                0x00081848       0x1c C:\Users\umar.hassan\AppData\Local\Temp\VMBuilds\PhysLoggerFW\arduino_due_x_dbg\Debug/core.a(CDC.cpp.o)
 .text._ZN13PluggableUSB_12getInterfaceEPh
                0x00081864       0x28 C:\Users\umar.hassan\AppData\Local\Temp\VMBuilds\PhysLoggerFW\arduino_due_x_dbg\Debug/core.a(PluggableUSB.cpp.o)
                0x00081864                PluggableUSB_::getInterface(unsigned char*)
 .text._ZN13PluggableUSB_13getDescriptorER8USBSetup
                0x0008188c       0x1c C:\Users\umar.hassan\AppData\Local\Temp\VMBuilds\PhysLoggerFW\arduino_due_x_dbg\Debug/core.a(PluggableUSB.cpp.o)
                0x0008188c                PluggableUSB_::getDescriptor(USBSetup&)
 .text._ZN13PluggableUSB_12getShortNameEPc
                0x000818a8       0x1c C:\Users\umar.hassan\AppData\Local\Temp\VMBuilds\PhysLoggerFW\arduino_due_x_dbg\Debug/core.a(PluggableUSB.cpp.o)
                0x000818a8                PluggableUSB_::getShortName(char*)
 .text._ZN13PluggableUSB_5setupER8USBSetup
                0x000818c4       0x20 C:\Users\umar.hassan\AppData\Local\Temp\VMBuilds\PhysLoggerFW\arduino_due_x_dbg\Debug/core.a(PluggableUSB.cpp.o)
                0x000818c4                PluggableUSB_::setup(USBSetup&)
 .text._Z12PluggableUSBv
                0x000818e4       0x28 C:\Users\umar.hassan\AppData\Local\Temp\VMBuilds\PhysLoggerFW\arduino_due_x_dbg\Debug/core.a(PluggableUSB.cpp.o)
                0x000818e4                PluggableUSB()
 .text.TimeTick_Increment
                0x0008190c       0x10 C:\Users\umar.hassan\AppData\Local\arduino15\packages\arduino\hardware\sam\1.6.11\variants\arduino_due_x/libsam_sam3x8e_gcc_rel.a(timetick.o)
                0x0008190c                TimeTick_Increment
 .text.GetTickCount
                0x0008191c        0xc C:\Users\umar.hassan\AppData\Local\arduino15\packages\arduino\hardware\sam\1.6.11\variants\arduino_due_x/libsam_sam3x8e_gcc_rel.a(timetick.o)
                0x0008191c                GetTickCount
 .text.WDT_Disable
                0x00081928        0x8 C:\Users\umar.hassan\AppData\Local\arduino15\packages\arduino\hardware\sam\1.6.11\variants\arduino_due_x/libsam_sam3x8e_gcc_rel.a(wdt.o)
                0x00081928                WDT_Disable
 .text.UDD_SetStack
                0x00081930        0xc C:\Users\umar.hassan\AppData\Local\arduino15\packages\arduino\hardware\sam\1.6.11\variants\arduino_due_x/libsam_sam3x8e_gcc_rel.a(uotghs_device.o)
                0x00081930                UDD_SetStack
 .text.UDD_Init
                0x0008193c       0xd0 C:\Users\umar.hassan\AppData\Local\arduino15\packages\arduino\hardware\sam\1.6.11\variants\arduino_due_x/libsam_sam3x8e_gcc_rel.a(uotghs_device.o)
                0x0008193c                UDD_Init
 .text.UDD_Attach
                0x00081a0c       0x50 C:\Users\umar.hassan\AppData\Local\arduino15\packages\arduino\hardware\sam\1.6.11\variants\arduino_due_x/libsam_sam3x8e_gcc_rel.a(uotghs_device.o)
                0x00081a0c                UDD_Attach
 .text.UDD_InitEP
                0x00081a5c       0x2c C:\Users\umar.hassan\AppData\Local\arduino15\packages\arduino\hardware\sam\1.6.11\variants\arduino_due_x/libsam_sam3x8e_gcc_rel.a(uotghs_device.o)
                0x00081a5c                UDD_InitEP
 .text.UDD_InitEndpoints
                0x00081a88       0x3c C:\Users\umar.hassan\AppData\Local\arduino15\packages\arduino\hardware\sam\1.6.11\variants\arduino_due_x/libsam_sam3x8e_gcc_rel.a(uotghs_device.o)
                0x00081a88                UDD_InitEndpoints
 .text.UDD_WaitIN
                0x00081ac4       0x10 C:\Users\umar.hassan\AppData\Local\arduino15\packages\arduino\hardware\sam\1.6.11\variants\arduino_due_x/libsam_sam3x8e_gcc_rel.a(uotghs_device.o)
                0x00081ac4                UDD_WaitIN
 .text.UDD_WaitOUT
                0x00081ad4       0x10 C:\Users\umar.hassan\AppData\Local\arduino15\packages\arduino\hardware\sam\1.6.11\variants\arduino_due_x/libsam_sam3x8e_gcc_rel.a(uotghs_device.o)
                0x00081ad4                UDD_WaitOUT
 .text.UDD_ClearIN
                0x00081ae4       0x18 C:\Users\umar.hassan\AppData\Local\arduino15\packages\arduino\hardware\sam\1.6.11\variants\arduino_due_x/libsam_sam3x8e_gcc_rel.a(uotghs_device.o)
                0x00081ae4                UDD_ClearIN
 .text.UDD_ClearOUT
                0x00081afc       0x18 C:\Users\umar.hassan\AppData\Local\arduino15\packages\arduino\hardware\sam\1.6.11\variants\arduino_due_x/libsam_sam3x8e_gcc_rel.a(uotghs_device.o)
                0x00081afc                UDD_ClearOUT
 .text.UDD_ReceivedSetupInt
                0x00081b14       0x10 C:\Users\umar.hassan\AppData\Local\arduino15\packages\arduino\hardware\sam\1.6.11\variants\arduino_due_x/libsam_sam3x8e_gcc_rel.a(uotghs_device.o)
                0x00081b14                UDD_ReceivedSetupInt
 .text.UDD_ClearSetupInt
                0x00081b24       0x10 C:\Users\umar.hassan\AppData\Local\arduino15\packages\arduino\hardware\sam\1.6.11\variants\arduino_due_x/libsam_sam3x8e_gcc_rel.a(uotghs_device.o)
                0x00081b24                UDD_ClearSetupInt
 .text.UDD_Send
                0x00081b34       0x88 C:\Users\umar.hassan\AppData\Local\arduino15\packages\arduino\hardware\sam\1.6.11\variants\arduino_due_x/libsam_sam3x8e_gcc_rel.a(uotghs_device.o)
                0x00081b34                UDD_Send
 .text.UDD_Send8
                0x00081bbc       0x24 C:\Users\umar.hassan\AppData\Local\arduino15\packages\arduino\hardware\sam\1.6.11\variants\arduino_due_x/libsam_sam3x8e_gcc_rel.a(uotghs_device.o)
                0x00081bbc                UDD_Send8
 .text.UDD_Recv8
                0x00081be0       0x28 C:\Users\umar.hassan\AppData\Local\arduino15\packages\arduino\hardware\sam\1.6.11\variants\arduino_due_x/libsam_sam3x8e_gcc_rel.a(uotghs_device.o)
                0x00081be0                UDD_Recv8
 .text.UDD_Recv
                0x00081c08       0x34 C:\Users\umar.hassan\AppData\Local\arduino15\packages\arduino\hardware\sam\1.6.11\variants\arduino_due_x/libsam_sam3x8e_gcc_rel.a(uotghs_device.o)
                0x00081c08                UDD_Recv
 .text.UDD_Stall
                0x00081c3c       0x14 C:\Users\umar.hassan\AppData\Local\arduino15\packages\arduino\hardware\sam\1.6.11\variants\arduino_due_x/libsam_sam3x8e_gcc_rel.a(uotghs_device.o)
                0x00081c3c                UDD_Stall
 .text.UDD_FifoByteCount
                0x00081c50       0x14 C:\Users\umar.hassan\AppData\Local\arduino15\packages\arduino\hardware\sam\1.6.11\variants\arduino_due_x/libsam_sam3x8e_gcc_rel.a(uotghs_device.o)
                0x00081c50                UDD_FifoByteCount
 .text.UDD_ReleaseRX
                0x00081c64       0x28 C:\Users\umar.hassan\AppData\Local\arduino15\packages\arduino\hardware\sam\1.6.11\variants\arduino_due_x/libsam_sam3x8e_gcc_rel.a(uotghs_device.o)
                0x00081c64                UDD_ReleaseRX
 .text.UDD_ReleaseTX
                0x00081c8c       0x28 C:\Users\umar.hassan\AppData\Local\arduino15\packages\arduino\hardware\sam\1.6.11\variants\arduino_due_x/libsam_sam3x8e_gcc_rel.a(uotghs_device.o)
                0x00081c8c                UDD_ReleaseTX
 .text.UDD_SetAddress
                0x00081cb4       0x20 C:\Users\umar.hassan\AppData\Local\arduino15\packages\arduino\hardware\sam\1.6.11\variants\arduino_due_x/libsam_sam3x8e_gcc_rel.a(uotghs_device.o)
                0x00081cb4                UDD_SetAddress
 .text.__libc_init_array
                0x00081cd4       0x50 c:/users/umar.hassan/appdata/local/arduino15/packages/arduino/tools/arm-none-eabi-gcc/4.8.3-2014q1/bin/../lib/gcc/arm-none-eabi/4.8.3/../../../../arm-none-eabi/lib/armv7-m\libg.a(lib_a-init.o)
                0x00081cd4                __libc_init_array
 .text.iprintf  0x00081d24       0x28 c:/users/umar.hassan/appdata/local/arduino15/packages/arduino/tools/arm-none-eabi-gcc/4.8.3-2014q1/bin/../lib/gcc/arm-none-eabi/4.8.3/../../../../arm-none-eabi/lib/armv7-m\libg.a(lib_a-iprintf.o)
                0x00081d24                iprintf
 .text.malloc   0x00081d4c       0x10 c:/users/umar.hassan/appdata/local/arduino15/packages/arduino/tools/arm-none-eabi-gcc/4.8.3-2014q1/bin/../lib/gcc/arm-none-eabi/4.8.3/../../../../arm-none-eabi/lib/armv7-m\libg.a(lib_a-malloc.o)
                0x00081d4c                malloc
 .text.free     0x00081d5c       0x10 c:/users/umar.hassan/appdata/local/arduino15/packages/arduino/tools/arm-none-eabi-gcc/4.8.3-2014q1/bin/../lib/gcc/arm-none-eabi/4.8.3/../../../../arm-none-eabi/lib/armv7-m\libg.a(lib_a-malloc.o)
                0x00081d5c                free
 .text._malloc_r
                0x00081d6c      0x538 c:/users/umar.hassan/appdata/local/arduino15/packages/arduino/tools/arm-none-eabi-gcc/4.8.3-2014q1/bin/../lib/gcc/arm-none-eabi/4.8.3/../../../../arm-none-eabi/lib/armv7-m\libg.a(lib_a-mallocr.o)
                0x00081d6c                _malloc_r
 .text          0x000822a4       0xec c:/users/umar.hassan/appdata/local/arduino15/packages/arduino/tools/arm-none-eabi-gcc/4.8.3-2014q1/bin/../lib/gcc/arm-none-eabi/4.8.3/../../../../arm-none-eabi/lib/armv7-m\libg.a(lib_a-memcpy.o)
                0x000822a4                memcpy
 .text.memmove  0x00082390       0xcc c:/users/umar.hassan/appdata/local/arduino15/packages/arduino/tools/arm-none-eabi-gcc/4.8.3-2014q1/bin/../lib/gcc/arm-none-eabi/4.8.3/../../../../arm-none-eabi/lib/armv7-m\libg.a(lib_a-memmove.o)
                0x00082390                memmove
 .text.memset   0x0008245c       0x94 c:/users/umar.hassan/appdata/local/arduino15/packages/arduino/tools/arm-none-eabi-gcc/4.8.3-2014q1/bin/../lib/gcc/arm-none-eabi/4.8.3/../../../../arm-none-eabi/lib/armv7-m\libg.a(lib_a-memset.o)
                0x0008245c                memset
 .text.__malloc_lock
                0x000824f0        0x4 c:/users/umar.hassan/appdata/local/arduino15/packages/arduino/tools/arm-none-eabi-gcc/4.8.3-2014q1/bin/../lib/gcc/arm-none-eabi/4.8.3/../../../../arm-none-eabi/lib/armv7-m\libg.a(lib_a-mlock.o)
                0x000824f0                __malloc_lock
 .text.__malloc_unlock
                0x000824f4        0x4 c:/users/umar.hassan/appdata/local/arduino15/packages/arduino/tools/arm-none-eabi-gcc/4.8.3-2014q1/bin/../lib/gcc/arm-none-eabi/4.8.3/../../../../arm-none-eabi/lib/armv7-m\libg.a(lib_a-mlock.o)
                0x000824f4                __malloc_unlock
 .text._realloc_r
                0x000824f8      0x3c0 c:/users/umar.hassan/appdata/local/arduino15/packages/arduino/tools/arm-none-eabi-gcc/4.8.3-2014q1/bin/../lib/gcc/arm-none-eabi/4.8.3/../../../../arm-none-eabi/lib/armv7-m\libg.a(lib_a-reallocr.o)
                0x000824f8                _realloc_r
 .text._sbrk_r  0x000828b8       0x24 c:/users/umar.hassan/appdata/local/arduino15/packages/arduino/tools/arm-none-eabi-gcc/4.8.3-2014q1/bin/../lib/gcc/arm-none-eabi/4.8.3/../../../../arm-none-eabi/lib/armv7-m\libg.a(lib_a-sbrkr.o)
                0x000828b8                _sbrk_r
 .text.strlen   0x000828dc       0x60 c:/users/umar.hassan/appdata/local/arduino15/packages/arduino/tools/arm-none-eabi-gcc/4.8.3-2014q1/bin/../lib/gcc/arm-none-eabi/4.8.3/../../../../arm-none-eabi/lib/armv7-m\libg.a(lib_a-strlen.o)
                0x000828dc                strlen
 .text.kill     0x0008293c       0x10 c:/users/umar.hassan/appdata/local/arduino15/packages/arduino/tools/arm-none-eabi-gcc/4.8.3-2014q1/bin/../lib/gcc/arm-none-eabi/4.8.3/../../../../arm-none-eabi/lib/armv7-m\libg.a(lib_a-syskill.o)
                0x0008293c                kill
 .text.__sprint_r.part.0
                0x0008294c       0x78 c:/users/umar.hassan/appdata/local/arduino15/packages/arduino/tools/arm-none-eabi-gcc/4.8.3-2014q1/bin/../lib/gcc/arm-none-eabi/4.8.3/../../../../arm-none-eabi/lib/armv7-m\libg.a(lib_a-vfiprintf.o)
 .text._vfiprintf_r
                0x000829c4      0xc54 c:/users/umar.hassan/appdata/local/arduino15/packages/arduino/tools/arm-none-eabi-gcc/4.8.3-2014q1/bin/../lib/gcc/arm-none-eabi/4.8.3/../../../../arm-none-eabi/lib/armv7-m\libg.a(lib_a-vfiprintf.o)
                0x000829c4                _vfiprintf_r
 .text.__sbprintf
                0x00083618       0x7c c:/users/umar.hassan/appdata/local/arduino15/packages/arduino/tools/arm-none-eabi-gcc/4.8.3-2014q1/bin/../lib/gcc/arm-none-eabi/4.8.3/../../../../arm-none-eabi/lib/armv7-m\libg.a(lib_a-vfiprintf.o)
 .text.__swsetup_r
                0x00083694       0xc4 c:/users/umar.hassan/appdata/local/arduino15/packages/arduino/tools/arm-none-eabi-gcc/4.8.3-2014q1/bin/../lib/gcc/arm-none-eabi/4.8.3/../../../../arm-none-eabi/lib/armv7-m\libg.a(lib_a-wsetup.o)
                0x00083694                __swsetup_r
 .text.startup.register_fini
                0x00083758       0x14 c:/users/umar.hassan/appdata/local/arduino15/packages/arduino/tools/arm-none-eabi-gcc/4.8.3-2014q1/bin/../lib/gcc/arm-none-eabi/4.8.3/../../../../arm-none-eabi/lib/armv7-m\libg.a(lib_a-__call_atexit.o)
 .text.atexit   0x0008376c        0xc c:/users/umar.hassan/appdata/local/arduino15/packages/arduino/tools/arm-none-eabi-gcc/4.8.3-2014q1/bin/../lib/gcc/arm-none-eabi/4.8.3/../../../../arm-none-eabi/lib/armv7-m\libg.a(lib_a-atexit.o)
                0x0008376c                atexit
 .text.__sflush_r
                0x00083778      0x148 c:/users/umar.hassan/appdata/local/arduino15/packages/arduino/tools/arm-none-eabi-gcc/4.8.3-2014q1/bin/../lib/gcc/arm-none-eabi/4.8.3/../../../../arm-none-eabi/lib/armv7-m\libg.a(lib_a-fflush.o)
                0x00083778                __sflush_r
 .text._fflush_r
                0x000838c0       0x2c c:/users/umar.hassan/appdata/local/arduino15/packages/arduino/tools/arm-none-eabi-gcc/4.8.3-2014q1/bin/../lib/gcc/arm-none-eabi/4.8.3/../../../../arm-none-eabi/lib/armv7-m\libg.a(lib_a-fflush.o)
                0x000838c0                _fflush_r
 .text._cleanup_r
                0x000838ec        0xc c:/users/umar.hassan/appdata/local/arduino15/packages/arduino/tools/arm-none-eabi-gcc/4.8.3-2014q1/bin/../lib/gcc/arm-none-eabi/4.8.3/../../../../arm-none-eabi/lib/armv7-m\libg.a(lib_a-findfp.o)
                0x000838ec                _cleanup_r
 .text.__sinit  0x000838f8       0xf4 c:/users/umar.hassan/appdata/local/arduino15/packages/arduino/tools/arm-none-eabi-gcc/4.8.3-2014q1/bin/../lib/gcc/arm-none-eabi/4.8.3/../../../../arm-none-eabi/lib/armv7-m\libg.a(lib_a-findfp.o)
                0x000838f8                __sinit
 .text.__sfp_lock_acquire
                0x000839ec        0x4 c:/users/umar.hassan/appdata/local/arduino15/packages/arduino/tools/arm-none-eabi-gcc/4.8.3-2014q1/bin/../lib/gcc/arm-none-eabi/4.8.3/../../../../arm-none-eabi/lib/armv7-m\libg.a(lib_a-findfp.o)
                0x000839ec                __sfp_lock_acquire
 .text.__sfp_lock_release
                0x000839f0        0x4 c:/users/umar.hassan/appdata/local/arduino15/packages/arduino/tools/arm-none-eabi-gcc/4.8.3-2014q1/bin/../lib/gcc/arm-none-eabi/4.8.3/../../../../arm-none-eabi/lib/armv7-m\libg.a(lib_a-findfp.o)
                0x000839f0                __sfp_lock_release
 .text.__libc_fini_array
                0x000839f4       0x30 c:/users/umar.hassan/appdata/local/arduino15/packages/arduino/tools/arm-none-eabi-gcc/4.8.3-2014q1/bin/../lib/gcc/arm-none-eabi/4.8.3/../../../../arm-none-eabi/lib/armv7-m\libg.a(lib_a-fini.o)
                0x000839f4                __libc_fini_array
 .text._fputwc_r
                0x00083a24       0xc0 c:/users/umar.hassan/appdata/local/arduino15/packages/arduino/tools/arm-none-eabi-gcc/4.8.3-2014q1/bin/../lib/gcc/arm-none-eabi/4.8.3/../../../../arm-none-eabi/lib/armv7-m\libg.a(lib_a-fputwc.o)
                0x00083a24                _fputwc_r
 .text._malloc_trim_r
                0x00083ae4       0x9c c:/users/umar.hassan/appdata/local/arduino15/packages/arduino/tools/arm-none-eabi-gcc/4.8.3-2014q1/bin/../lib/gcc/arm-none-eabi/4.8.3/../../../../arm-none-eabi/lib/armv7-m\libg.a(lib_a-freer.o)
                0x00083ae4                _malloc_trim_r
 .text._free_r  0x00083b80      0x198 c:/users/umar.hassan/appdata/local/arduino15/packages/arduino/tools/arm-none-eabi-gcc/4.8.3-2014q1/bin/../lib/gcc/arm-none-eabi/4.8.3/../../../../arm-none-eabi/lib/armv7-m\libg.a(lib_a-freer.o)
                0x00083b80                _free_r
 .text.__sfvwrite_r
                0x00083d18      0x314 c:/users/umar.hassan/appdata/local/arduino15/packages/arduino/tools/arm-none-eabi-gcc/4.8.3-2014q1/bin/../lib/gcc/arm-none-eabi/4.8.3/../../../../arm-none-eabi/lib/armv7-m\libg.a(lib_a-fvwrite.o)
                0x00083d18                __sfvwrite_r
 .text._fwalk   0x0008402c       0x48 c:/users/umar.hassan/appdata/local/arduino15/packages/arduino/tools/arm-none-eabi-gcc/4.8.3-2014q1/bin/../lib/gcc/arm-none-eabi/4.8.3/../../../../arm-none-eabi/lib/armv7-m\libg.a(lib_a-fwalk.o)
                0x0008402c                _fwalk
 .text.__locale_charset
                0x00084074        0x8 c:/users/umar.hassan/appdata/local/arduino15/packages/arduino/tools/arm-none-eabi-gcc/4.8.3-2014q1/bin/../lib/gcc/arm-none-eabi/4.8.3/../../../../arm-none-eabi/lib/armv7-m\libg.a(lib_a-locale.o)
                0x00084074                __locale_charset
 .text.__locale_mb_cur_max
                0x0008407c        0xc c:/users/umar.hassan/appdata/local/arduino15/packages/arduino/tools/arm-none-eabi-gcc/4.8.3-2014q1/bin/../lib/gcc/arm-none-eabi/4.8.3/../../../../arm-none-eabi/lib/armv7-m\libg.a(lib_a-locale.o)
                0x0008407c                __locale_mb_cur_max
 .text.__smakebuf_r
                0x00084088       0xe0 c:/users/umar.hassan/appdata/local/arduino15/packages/arduino/tools/arm-none-eabi-gcc/4.8.3-2014q1/bin/../lib/gcc/arm-none-eabi/4.8.3/../../../../arm-none-eabi/lib/armv7-m\libg.a(lib_a-makebuf.o)
                0x00084088                __smakebuf_r
 .text.memchr   0x00084168       0x94 c:/users/umar.hassan/appdata/local/arduino15/packages/arduino/tools/arm-none-eabi-gcc/4.8.3-2014q1/bin/../lib/gcc/arm-none-eabi/4.8.3/../../../../arm-none-eabi/lib/armv7-m\libg.a(lib_a-memchr-stub.o)
                0x00084168                memchr
 .text._kill_r  0x000841fc       0x28 c:/users/umar.hassan/appdata/local/arduino15/packages/arduino/tools/arm-none-eabi-gcc/4.8.3-2014q1/bin/../lib/gcc/arm-none-eabi/4.8.3/../../../../arm-none-eabi/lib/armv7-m\libg.a(lib_a-signalr.o)
                0x000841fc                _kill_r
 .text.__sread  0x00084224       0x24 c:/users/umar.hassan/appdata/local/arduino15/packages/arduino/tools/arm-none-eabi-gcc/4.8.3-2014q1/bin/../lib/gcc/arm-none-eabi/4.8.3/../../../../arm-none-eabi/lib/armv7-m\libg.a(lib_a-stdio.o)
                0x00084224                __sread
 .text.__swrite
                0x00084248       0x38 c:/users/umar.hassan/appdata/local/arduino15/packages/arduino/tools/arm-none-eabi-gcc/4.8.3-2014q1/bin/../lib/gcc/arm-none-eabi/4.8.3/../../../../arm-none-eabi/lib/armv7-m\libg.a(lib_a-stdio.o)
                0x00084248                __swrite
 .text.__sseek  0x00084280       0x20 c:/users/umar.hassan/appdata/local/arduino15/packages/arduino/tools/arm-none-eabi-gcc/4.8.3-2014q1/bin/../lib/gcc/arm-none-eabi/4.8.3/../../../../arm-none-eabi/lib/armv7-m\libg.a(lib_a-stdio.o)
                0x00084280                __sseek
 .text.__sclose
                0x000842a0        0x8 c:/users/umar.hassan/appdata/local/arduino15/packages/arduino/tools/arm-none-eabi-gcc/4.8.3-2014q1/bin/../lib/gcc/arm-none-eabi/4.8.3/../../../../arm-none-eabi/lib/armv7-m\libg.a(lib_a-stdio.o)
                0x000842a0                __sclose
 .text.__swbuf_r
                0x000842a8       0xa8 c:/users/umar.hassan/appdata/local/arduino15/packages/arduino/tools/arm-none-eabi-gcc/4.8.3-2014q1/bin/../lib/gcc/arm-none-eabi/4.8.3/../../../../arm-none-eabi/lib/armv7-m\libg.a(lib_a-wbuf.o)
                0x000842a8                __swbuf_r
 .text._wcrtomb_r
                0x00084350       0x50 c:/users/umar.hassan/appdata/local/arduino15/packages/arduino/tools/arm-none-eabi-gcc/4.8.3-2014q1/bin/../lib/gcc/arm-none-eabi/4.8.3/../../../../arm-none-eabi/lib/armv7-m\libg.a(lib_a-wcrtomb.o)
                0x00084350                _wcrtomb_r
 .text.__ascii_wctomb
                0x000843a0       0x1c c:/users/umar.hassan/appdata/local/arduino15/packages/arduino/tools/arm-none-eabi-gcc/4.8.3-2014q1/bin/../lib/gcc/arm-none-eabi/4.8.3/../../../../arm-none-eabi/lib/armv7-m\libg.a(lib_a-wctomb_r.o)
                0x000843a0                __ascii_wctomb
 .text._write_r
                0x000843bc       0x28 c:/users/umar.hassan/appdata/local/arduino15/packages/arduino/tools/arm-none-eabi-gcc/4.8.3-2014q1/bin/../lib/gcc/arm-none-eabi/4.8.3/../../../../arm-none-eabi/lib/armv7-m\libg.a(lib_a-writer.o)
                0x000843bc                _write_r
 .text.__register_exitproc
                0x000843e4       0xa8 c:/users/umar.hassan/appdata/local/arduino15/packages/arduino/tools/arm-none-eabi-gcc/4.8.3-2014q1/bin/../lib/gcc/arm-none-eabi/4.8.3/../../../../arm-none-eabi/lib/armv7-m\libg.a(lib_a-__atexit.o)
                0x000843e4                __register_exitproc
 .text._close_r
                0x0008448c       0x24 c:/users/umar.hassan/appdata/local/arduino15/packages/arduino/tools/arm-none-eabi-gcc/4.8.3-2014q1/bin/../lib/gcc/arm-none-eabi/4.8.3/../../../../arm-none-eabi/lib/armv7-m\libg.a(lib_a-closer.o)
                0x0008448c                _close_r
 .text._fclose_r
                0x000844b0       0x80 c:/users/umar.hassan/appdata/local/arduino15/packages/arduino/tools/arm-none-eabi-gcc/4.8.3-2014q1/bin/../lib/gcc/arm-none-eabi/4.8.3/../../../../arm-none-eabi/lib/armv7-m\libg.a(lib_a-fclose.o)
                0x000844b0                _fclose_r
 .text.fclose   0x00084530       0x10 c:/users/umar.hassan/appdata/local/arduino15/packages/arduino/tools/arm-none-eabi-gcc/4.8.3-2014q1/bin/../lib/gcc/arm-none-eabi/4.8.3/../../../../arm-none-eabi/lib/armv7-m\libg.a(lib_a-fclose.o)
                0x00084530                fclose
 .text._fstat_r
                0x00084540       0x28 c:/users/umar.hassan/appdata/local/arduino15/packages/arduino/tools/arm-none-eabi-gcc/4.8.3-2014q1/bin/../lib/gcc/arm-none-eabi/4.8.3/../../../../arm-none-eabi/lib/armv7-m\libg.a(lib_a-fstatr.o)
                0x00084540                _fstat_r
 .text._isatty_r
                0x00084568       0x24 c:/users/umar.hassan/appdata/local/arduino15/packages/arduino/tools/arm-none-eabi-gcc/4.8.3-2014q1/bin/../lib/gcc/arm-none-eabi/4.8.3/../../../../arm-none-eabi/lib/armv7-m\libg.a(lib_a-isattyr.o)
                0x00084568                _isatty_r
 .text._lseek_r
                0x0008458c       0x28 c:/users/umar.hassan/appdata/local/arduino15/packages/arduino/tools/arm-none-eabi-gcc/4.8.3-2014q1/bin/../lib/gcc/arm-none-eabi/4.8.3/../../../../arm-none-eabi/lib/armv7-m\libg.a(lib_a-lseekr.o)
                0x0008458c                _lseek_r
 .text._read_r  0x000845b4       0x28 c:/users/umar.hassan/appdata/local/arduino15/packages/arduino/tools/arm-none-eabi-gcc/4.8.3-2014q1/bin/../lib/gcc/arm-none-eabi/4.8.3/../../../../arm-none-eabi/lib/armv7-m\libg.a(lib_a-readr.o)
                0x000845b4                _read_r
 .text          0x000845dc       0x2c c:/users/umar.hassan/appdata/local/arduino15/packages/arduino/tools/arm-none-eabi-gcc/4.8.3-2014q1/bin/../lib/gcc/arm-none-eabi/4.8.3/armv7-m\libgcc.a(_aeabi_uldivmod.o)
                0x000845dc                __aeabi_uldivmod
 .text          0x00084608       0x60 c:/users/umar.hassan/appdata/local/arduino15/packages/arduino/tools/arm-none-eabi-gcc/4.8.3-2014q1/bin/../lib/gcc/arm-none-eabi/4.8.3/armv7-m\libgcc.a(bpabi.o)
                0x00084608                __gnu_ldivmod_helper
                0x00084638                __gnu_uldivmod_helper
 .text          0x00084668        0x4 c:/users/umar.hassan/appdata/local/arduino15/packages/arduino/tools/arm-none-eabi-gcc/4.8.3-2014q1/bin/../lib/gcc/arm-none-eabi/4.8.3/armv7-m\libgcc.a(_dvmd_tls.o)
                0x00084668                __aeabi_idiv0
                0x00084668                __aeabi_ldiv0
 .text          0x0008466c      0x2a0 c:/users/umar.hassan/appdata/local/arduino15/packages/arduino/tools/arm-none-eabi-gcc/4.8.3-2014q1/bin/../lib/gcc/arm-none-eabi/4.8.3/armv7-m\libgcc.a(_divdi3.o)
                0x0008466c                __divdi3
 .text          0x0008490c      0x290 c:/users/umar.hassan/appdata/local/arduino15/packages/arduino/tools/arm-none-eabi-gcc/4.8.3-2014q1/bin/../lib/gcc/arm-none-eabi/4.8.3/armv7-m\libgcc.a(_udivdi3.o)
                0x0008490c                __udivdi3
 *(.glue_7t)
 .glue_7t       0x00000000        0x0 linker stubs
 *(.glue_7)
 .glue_7        0x00000000        0x0 linker stubs
 *(.rodata .rodata* .gnu.linkonce.r.*)
 .rodata.g_APinDescription
                0x00084b9c      0xa2c C:\Users\umar.hassan\AppData\Local\Temp\VMBuilds\PhysLoggerFW\arduino_due_x_dbg\Debug\variant\variant.cpp.o
                0x00084b9c                g_APinDescription
 .rodata        0x000855c8       0x40 C:\Users\umar.hassan\AppData\Local\arduino15\packages\arduino\hardware\sam\1.6.11\variants\arduino_due_x/libsam_sam3x8e_gcc_rel.a(adc.o)
 .rodata.str1.1
                0x00085608       0x19 C:\Users\umar.hassan\AppData\Local\Temp\VMBuilds\PhysLoggerFW\arduino_due_x_dbg\Debug/core.a(syscalls_sam3.c.o)
 *fill*         0x00085621        0x7 
 .rodata._ZTV9UARTClass
                0x00085628       0x30 C:\Users\umar.hassan\AppData\Local\Temp\VMBuilds\PhysLoggerFW\arduino_due_x_dbg\Debug/core.a(UARTClass.cpp.o)
                0x00085628                vtable for UARTClass
 .rodata._ZTV10USARTClass
                0x00085658       0x30 C:\Users\umar.hassan\AppData\Local\Temp\VMBuilds\PhysLoggerFW\arduino_due_x_dbg\Debug/core.a(USARTClass.cpp.o)
                0x00085658                vtable for USARTClass
 .rodata.STRING_PRODUCT
                0x00085688        0xc C:\Users\umar.hassan\AppData\Local\Temp\VMBuilds\PhysLoggerFW\arduino_due_x_dbg\Debug/core.a(USBCore.cpp.o)
                0x00085688                STRING_PRODUCT
 .rodata.USB_DeviceDescriptor
                0x00085694       0x12 C:\Users\umar.hassan\AppData\Local\Temp\VMBuilds\PhysLoggerFW\arduino_due_x_dbg\Debug/core.a(USBCore.cpp.o)
                0x00085694                USB_DeviceDescriptor
 .rodata.STRING_LANGUAGE
                0x000856a6        0x4 C:\Users\umar.hassan\AppData\Local\Temp\VMBuilds\PhysLoggerFW\arduino_due_x_dbg\Debug/core.a(USBCore.cpp.o)
                0x000856a6                STRING_LANGUAGE
 .rodata._ZL18test_packet_buffer
                0x000856aa       0x35 C:\Users\umar.hassan\AppData\Local\Temp\VMBuilds\PhysLoggerFW\arduino_due_x_dbg\Debug/core.a(USBCore.cpp.o)
 .rodata.STRING_MANUFACTURER
                0x000856df        0xc C:\Users\umar.hassan\AppData\Local\Temp\VMBuilds\PhysLoggerFW\arduino_due_x_dbg\Debug/core.a(USBCore.cpp.o)
                0x000856df                STRING_MANUFACTURER
 .rodata.USB_DeviceDescriptorA
                0x000856eb       0x12 C:\Users\umar.hassan\AppData\Local\Temp\VMBuilds\PhysLoggerFW\arduino_due_x_dbg\Debug/core.a(USBCore.cpp.o)
                0x000856eb                USB_DeviceDescriptorA
 .rodata._ZL19USB_DeviceQualifier
                0x000856fd        0x9 C:\Users\umar.hassan\AppData\Local\Temp\VMBuilds\PhysLoggerFW\arduino_due_x_dbg\Debug/core.a(USBCore.cpp.o)
 *fill*         0x00085706        0x2 
 .rodata._ZTV7Serial_
                0x00085708       0x28 C:\Users\umar.hassan\AppData\Local\Temp\VMBuilds\PhysLoggerFW\arduino_due_x_dbg\Debug/core.a(CDC.cpp.o)
                0x00085708                vtable for Serial_
 .rodata._ZL18_cdcOtherInterface
                0x00085730       0x42 C:\Users\umar.hassan\AppData\Local\Temp\VMBuilds\PhysLoggerFW\arduino_due_x_dbg\Debug/core.a(CDC.cpp.o)
 .rodata._ZL13_cdcInterface
                0x00085772       0x42 C:\Users\umar.hassan\AppData\Local\Temp\VMBuilds\PhysLoggerFW\arduino_due_x_dbg\Debug/core.a(CDC.cpp.o)
 .rodata.str1.4
                0x000857b4        0x2 c:/users/umar.hassan/appdata/local/arduino15/packages/arduino/tools/arm-none-eabi-gcc/4.8.3-2014q1/bin/../lib/gcc/arm-none-eabi/4.8.3/../../../../arm-none-eabi/lib/armv7-m\libg.a(lib_a-impure.o)
                                  0x4 (size before relaxing)
 *fill*         0x000857b6        0x2 
 .rodata._global_impure_ptr
                0x000857b8        0x4 c:/users/umar.hassan/appdata/local/arduino15/packages/arduino/tools/arm-none-eabi-gcc/4.8.3-2014q1/bin/../lib/gcc/arm-none-eabi/4.8.3/../../../../arm-none-eabi/lib/armv7-m\libg.a(lib_a-impure.o)
                0x000857b8                _global_impure_ptr
 .rodata.blanks.6717
                0x000857bc       0x10 c:/users/umar.hassan/appdata/local/arduino15/packages/arduino/tools/arm-none-eabi-gcc/4.8.3-2014q1/bin/../lib/gcc/arm-none-eabi/4.8.3/../../../../arm-none-eabi/lib/armv7-m\libg.a(lib_a-vfiprintf.o)
 .rodata.str1.4
                0x000857cc       0x30 c:/users/umar.hassan/appdata/local/arduino15/packages/arduino/tools/arm-none-eabi-gcc/4.8.3-2014q1/bin/../lib/gcc/arm-none-eabi/4.8.3/../../../../arm-none-eabi/lib/armv7-m\libg.a(lib_a-vfiprintf.o)
 .rodata.zeroes.6718
                0x000857fc       0x10 c:/users/umar.hassan/appdata/local/arduino15/packages/arduino/tools/arm-none-eabi-gcc/4.8.3-2014q1/bin/../lib/gcc/arm-none-eabi/4.8.3/../../../../arm-none-eabi/lib/armv7-m\libg.a(lib_a-vfiprintf.o)
 *(.ARM.extab* .gnu.linkonce.armextab.*)
                0x0008580c                . = ALIGN (0x4)
 *(.init)
 .init          0x0008580c        0x4 c:/users/umar.hassan/appdata/local/arduino15/packages/arduino/tools/arm-none-eabi-gcc/4.8.3-2014q1/bin/../lib/gcc/arm-none-eabi/4.8.3/armv7-m/crti.o
                0x0008580c                _init
 .init          0x00085810        0x8 c:/users/umar.hassan/appdata/local/arduino15/packages/arduino/tools/arm-none-eabi-gcc/4.8.3-2014q1/bin/../lib/gcc/arm-none-eabi/4.8.3/armv7-m/crtn.o
                0x00085818                . = ALIGN (0x4)
                0x00085818                __preinit_array_start = .
 *(.preinit_array)
                0x00085818                __preinit_array_end = .
                0x00085818                . = ALIGN (0x4)
                0x00085818                __init_array_start = .
 *(SORT(.init_array.*))
 .init_array.00000
                0x00085818        0x4 c:/users/umar.hassan/appdata/local/arduino15/packages/arduino/tools/arm-none-eabi-gcc/4.8.3-2014q1/bin/../lib/gcc/arm-none-eabi/4.8.3/../../../../arm-none-eabi/lib/armv7-m\libg.a(lib_a-__call_atexit.o)
 *(.init_array)
 .init_array    0x0008581c        0x4 c:/users/umar.hassan/appdata/local/arduino15/packages/arduino/tools/arm-none-eabi-gcc/4.8.3-2014q1/bin/../lib/gcc/arm-none-eabi/4.8.3/armv7-m/crtbegin.o
 .init_array    0x00085820        0x4 C:\Users\umar.hassan\AppData\Local\Temp\VMBuilds\PhysLoggerFW\arduino_due_x_dbg\Debug\variant\variant.cpp.o
 .init_array    0x00085824        0x4 C:\Users\umar.hassan\AppData\Local\Temp\VMBuilds\PhysLoggerFW\arduino_due_x_dbg\Debug/core.a(USBCore.cpp.o)
 .init_array    0x00085828        0x4 C:\Users\umar.hassan\AppData\Local\Temp\VMBuilds\PhysLoggerFW\arduino_due_x_dbg\Debug/core.a(CDC.cpp.o)
                0x0008582c                __init_array_end = .
                0x0008582c                . = ALIGN (0x4)
 *crtbegin.o(.ctors)
 *(EXCLUDE_FILE(*crtend.o) .ctors)
 *(SORT(.ctors.*))
 *crtend.o(.ctors)
                0x0008582c                . = ALIGN (0x4)
 *(.fini)
 .fini          0x0008582c        0x4 c:/users/umar.hassan/appdata/local/arduino15/packages/arduino/tools/arm-none-eabi-gcc/4.8.3-2014q1/bin/../lib/gcc/arm-none-eabi/4.8.3/armv7-m/crti.o
                0x0008582c                _fini
 .fini          0x00085830        0x8 c:/users/umar.hassan/appdata/local/arduino15/packages/arduino/tools/arm-none-eabi-gcc/4.8.3-2014q1/bin/../lib/gcc/arm-none-eabi/4.8.3/armv7-m/crtn.o
                0x00085838                . = ALIGN (0x4)
                0x00085838                __fini_array_start = .
 *(.fini_array)
 .fini_array    0x00085838        0x4 c:/users/umar.hassan/appdata/local/arduino15/packages/arduino/tools/arm-none-eabi-gcc/4.8.3-2014q1/bin/../lib/gcc/arm-none-eabi/4.8.3/armv7-m/crtbegin.o
 *(SORT(.fini_array.*))
                0x0008583c                __fini_array_end = .
 *crtbegin.o(.dtors)
 *(EXCLUDE_FILE(*crtend.o) .dtors)
 *(SORT(.dtors.*))
 *crtend.o(.dtors)
                0x0008583c                . = ALIGN (0x4)
                0x0008583c                _efixed = .
                0x0008583c                PROVIDE (__exidx_start, .)

.vfp11_veneer   0x0008583c        0x0
 .vfp11_veneer  0x00000000        0x0 linker stubs

.v4_bx          0x0008583c        0x0
 .v4_bx         0x00000000        0x0 linker stubs

.iplt           0x0008583c        0x0
 .iplt          0x00000000        0x0 c:/users/umar.hassan/appdata/local/arduino15/packages/arduino/tools/arm-none-eabi-gcc/4.8.3-2014q1/bin/../lib/gcc/arm-none-eabi/4.8.3/armv7-m/crtbegin.o

.ARM.exidx      0x0008583c        0x8
 *(.ARM.exidx* .gnu.linkonce.armexidx.*)
 .ARM.exidx     0x0008583c        0x8 c:/users/umar.hassan/appdata/local/arduino15/packages/arduino/tools/arm-none-eabi-gcc/4.8.3-2014q1/bin/../lib/gcc/arm-none-eabi/4.8.3/armv7-m\libgcc.a(_divdi3.o)
 .ARM.exidx     0x00085844        0x0 c:/users/umar.hassan/appdata/local/arduino15/packages/arduino/tools/arm-none-eabi-gcc/4.8.3-2014q1/bin/../lib/gcc/arm-none-eabi/4.8.3/armv7-m\libgcc.a(_udivdi3.o)
                                  0x8 (size before relaxing)
                0x00085844                PROVIDE (__exidx_end, .)

.eh_frame       0x00085844        0x0
 .eh_frame      0x00085844        0x0 c:/users/umar.hassan/appdata/local/arduino15/packages/arduino/tools/arm-none-eabi-gcc/4.8.3-2014q1/bin/../lib/gcc/arm-none-eabi/4.8.3/armv7-m/crtbegin.o

.rel.dyn        0x00085844        0x0
 .rel.iplt      0x00000000        0x0 c:/users/umar.hassan/appdata/local/arduino15/packages/arduino/tools/arm-none-eabi-gcc/4.8.3-2014q1/bin/../lib/gcc/arm-none-eabi/4.8.3/armv7-m/crtbegin.o

.jcr            0x00085844        0x0
 .jcr           0x00085844        0x0 c:/users/umar.hassan/appdata/local/arduino15/packages/arduino/tools/arm-none-eabi-gcc/4.8.3-2014q1/bin/../lib/gcc/arm-none-eabi/4.8.3/armv7-m/crtbegin.o

.igot.plt       0x00085844        0x0
 .igot.plt      0x00000000        0x0 c:/users/umar.hassan/appdata/local/arduino15/packages/arduino/tools/arm-none-eabi-gcc/4.8.3-2014q1/bin/../lib/gcc/arm-none-eabi/4.8.3/armv7-m/crtbegin.o
                0x00085844                . = ALIGN (0x4)
                0x00085844                _etext = .

.relocate       0x20070000      0x8dc load address 0x00085844
                0x20070000                . = ALIGN (0x4)
                0x20070000                _srelocate = .
 *(.ramfunc .ramfunc.*)
 .ramfunc       0x20070000       0x2c C:\Users\umar.hassan\AppData\Local\Temp\VMBuilds\PhysLoggerFW\arduino_due_x_dbg\Debug/core.a(Reset.cpp.o)
                0x20070000                banzai
 *(.data .data.*)
 .data.samplingPeriod
                0x2007002c        0x1 C:\Users\umar.hassan\AppData\Local\Temp\VMBuilds\PhysLoggerFW\arduino_due_x_dbg\Debug\PhysLoggerFW.cpp.o
                0x2007002c                samplingPeriod
 *fill*         0x2007002d        0x3 
 .data.SystemCoreClock
                0x20070030        0x4 C:\Users\umar.hassan\AppData\Local\arduino15\packages\arduino\hardware\sam\1.6.11\variants\arduino_due_x/libsam_sam3x8e_gcc_rel.a(system_sam3xa.o)
                0x20070030                SystemCoreClock
 .data.latestSelectedChannel.9384
                0x20070034        0x4 C:\Users\umar.hassan\AppData\Local\Temp\VMBuilds\PhysLoggerFW\arduino_due_x_dbg\Debug/core.a(wiring_analog.c.o)
 .data._readResolution
                0x20070038        0x4 C:\Users\umar.hassan\AppData\Local\Temp\VMBuilds\PhysLoggerFW\arduino_due_x_dbg\Debug/core.a(wiring_analog.c.o)
 .data._ZL5ticks
                0x2007003c        0x4 C:\Users\umar.hassan\AppData\Local\Temp\VMBuilds\PhysLoggerFW\arduino_due_x_dbg\Debug/core.a(Reset.cpp.o)
 .data.EndPoints
                0x20070040       0x28 C:\Users\umar.hassan\AppData\Local\Temp\VMBuilds\PhysLoggerFW\arduino_due_x_dbg\Debug/core.a(USBCore.cpp.o)
                0x20070040                EndPoints
 .data._ZL10breakValue
                0x20070068        0x4 C:\Users\umar.hassan\AppData\Local\Temp\VMBuilds\PhysLoggerFW\arduino_due_x_dbg\Debug/core.a(CDC.cpp.o)
 .data._ZL12_usbLineInfo
                0x2007006c        0x8 C:\Users\umar.hassan\AppData\Local\Temp\VMBuilds\PhysLoggerFW\arduino_due_x_dbg\Debug/core.a(CDC.cpp.o)
 .data.g_interrupt_enabled
                0x20070074        0x4 C:\Users\umar.hassan\AppData\Local\arduino15\packages\arduino\hardware\sam\1.6.11\variants\arduino_due_x/libsam_sam3x8e_gcc_rel.a(interrupt_sam_nvic.o)
                0x20070074                g_interrupt_enabled
 .data.impure_data
                0x20070078      0x428 c:/users/umar.hassan/appdata/local/arduino15/packages/arduino/tools/arm-none-eabi-gcc/4.8.3-2014q1/bin/../lib/gcc/arm-none-eabi/4.8.3/../../../../arm-none-eabi/lib/armv7-m\libg.a(lib_a-impure.o)
 .data._impure_ptr
                0x200704a0        0x4 c:/users/umar.hassan/appdata/local/arduino15/packages/arduino/tools/arm-none-eabi-gcc/4.8.3-2014q1/bin/../lib/gcc/arm-none-eabi/4.8.3/../../../../arm-none-eabi/lib/armv7-m\libg.a(lib_a-impure.o)
                0x200704a0                _impure_ptr
 .data.__malloc_av_
                0x200704a4      0x408 c:/users/umar.hassan/appdata/local/arduino15/packages/arduino/tools/arm-none-eabi-gcc/4.8.3-2014q1/bin/../lib/gcc/arm-none-eabi/4.8.3/../../../../arm-none-eabi/lib/armv7-m\libg.a(lib_a-mallocr.o)
                0x200704a4                __malloc_av_
 .data.__malloc_trim_threshold
                0x200708ac        0x4 c:/users/umar.hassan/appdata/local/arduino15/packages/arduino/tools/arm-none-eabi-gcc/4.8.3-2014q1/bin/../lib/gcc/arm-none-eabi/4.8.3/../../../../arm-none-eabi/lib/armv7-m\libg.a(lib_a-mallocr.o)
                0x200708ac                __malloc_trim_threshold
 .data.__malloc_sbrk_base
                0x200708b0        0x4 c:/users/umar.hassan/appdata/local/arduino15/packages/arduino/tools/arm-none-eabi-gcc/4.8.3-2014q1/bin/../lib/gcc/arm-none-eabi/4.8.3/../../../../arm-none-eabi/lib/armv7-m\libg.a(lib_a-mallocr.o)
                0x200708b0                __malloc_sbrk_base
 .data.lc_ctype_charset
                0x200708b4       0x20 c:/users/umar.hassan/appdata/local/arduino15/packages/arduino/tools/arm-none-eabi-gcc/4.8.3-2014q1/bin/../lib/gcc/arm-none-eabi/4.8.3/../../../../arm-none-eabi/lib/armv7-m\libg.a(lib_a-locale.o)
 .data.__mb_cur_max
                0x200708d4        0x4 c:/users/umar.hassan/appdata/local/arduino15/packages/arduino/tools/arm-none-eabi-gcc/4.8.3-2014q1/bin/../lib/gcc/arm-none-eabi/4.8.3/../../../../arm-none-eabi/lib/armv7-m\libg.a(lib_a-locale.o)
                0x200708d4                __mb_cur_max
 .data.__wctomb
                0x200708d8        0x4 c:/users/umar.hassan/appdata/local/arduino15/packages/arduino/tools/arm-none-eabi-gcc/4.8.3-2014q1/bin/../lib/gcc/arm-none-eabi/4.8.3/../../../../arm-none-eabi/lib/armv7-m\libg.a(lib_a-wctomb_r.o)
                0x200708d8                __wctomb
                0x200708dc                . = ALIGN (0x4)
                0x200708dc                _erelocate = .

.bss            0x200708dc      0x830 load address 0x00086120
                0x200708dc                . = ALIGN (0x4)
                0x200708dc                _sbss = .
                0x200708dc                _szero = .
 *(.bss .bss.*)
 .bss           0x200708dc       0x1c c:/users/umar.hassan/appdata/local/arduino15/packages/arduino/tools/arm-none-eabi-gcc/4.8.3-2014q1/bin/../lib/gcc/arm-none-eabi/4.8.3/armv7-m/crtbegin.o
 .bss.lastMillis
                0x200708f8        0x4 C:\Users\umar.hassan\AppData\Local\Temp\VMBuilds\PhysLoggerFW\arduino_due_x_dbg\Debug\PhysLoggerFW.cpp.o
                0x200708f8                lastMillis
 .bss.TimeSinceLastSample
                0x200708fc        0x4 C:\Users\umar.hassan\AppData\Local\Temp\VMBuilds\PhysLoggerFW\arduino_due_x_dbg\Debug\PhysLoggerFW.cpp.o
                0x200708fc                TimeSinceLastSample
 .bss.tx_buffer2
                0x20070900       0x88 C:\Users\umar.hassan\AppData\Local\Temp\VMBuilds\PhysLoggerFW\arduino_due_x_dbg\Debug\variant\variant.cpp.o
                0x20070900                tx_buffer2
 .bss.tx_buffer1
                0x20070988       0x88 C:\Users\umar.hassan\AppData\Local\Temp\VMBuilds\PhysLoggerFW\arduino_due_x_dbg\Debug\variant\variant.cpp.o
                0x20070988                tx_buffer1
 .bss.Serial    0x20070a10       0x24 C:\Users\umar.hassan\AppData\Local\Temp\VMBuilds\PhysLoggerFW\arduino_due_x_dbg\Debug\variant\variant.cpp.o
                0x20070a10                Serial
 .bss.rx_buffer1
                0x20070a34       0x88 C:\Users\umar.hassan\AppData\Local\Temp\VMBuilds\PhysLoggerFW\arduino_due_x_dbg\Debug\variant\variant.cpp.o
                0x20070a34                rx_buffer1
 .bss.Serial1   0x20070abc       0x28 C:\Users\umar.hassan\AppData\Local\Temp\VMBuilds\PhysLoggerFW\arduino_due_x_dbg\Debug\variant\variant.cpp.o
                0x20070abc                Serial1
 .bss.Serial2   0x20070ae4       0x28 C:\Users\umar.hassan\AppData\Local\Temp\VMBuilds\PhysLoggerFW\arduino_due_x_dbg\Debug\variant\variant.cpp.o
                0x20070ae4                Serial2
 .bss.Serial3   0x20070b0c       0x28 C:\Users\umar.hassan\AppData\Local\Temp\VMBuilds\PhysLoggerFW\arduino_due_x_dbg\Debug\variant\variant.cpp.o
                0x20070b0c                Serial3
 .bss.tx_buffer3
                0x20070b34       0x88 C:\Users\umar.hassan\AppData\Local\Temp\VMBuilds\PhysLoggerFW\arduino_due_x_dbg\Debug\variant\variant.cpp.o
                0x20070b34                tx_buffer3
 .bss.tx_buffer4
                0x20070bbc       0x88 C:\Users\umar.hassan\AppData\Local\Temp\VMBuilds\PhysLoggerFW\arduino_due_x_dbg\Debug\variant\variant.cpp.o
                0x20070bbc                tx_buffer4
 .bss.g_pinStatus
                0x20070c44       0x4f C:\Users\umar.hassan\AppData\Local\Temp\VMBuilds\PhysLoggerFW\arduino_due_x_dbg\Debug\variant\variant.cpp.o
                0x20070c44                g_pinStatus
 *fill*         0x20070c93        0x1 
 .bss.rx_buffer2
                0x20070c94       0x88 C:\Users\umar.hassan\AppData\Local\Temp\VMBuilds\PhysLoggerFW\arduino_due_x_dbg\Debug\variant\variant.cpp.o
                0x20070c94                rx_buffer2
 .bss.rx_buffer3
                0x20070d1c       0x88 C:\Users\umar.hassan\AppData\Local\Temp\VMBuilds\PhysLoggerFW\arduino_due_x_dbg\Debug\variant\variant.cpp.o
                0x20070d1c                rx_buffer3
 .bss.rx_buffer4
                0x20070da4       0x88 C:\Users\umar.hassan\AppData\Local\Temp\VMBuilds\PhysLoggerFW\arduino_due_x_dbg\Debug\variant\variant.cpp.o
                0x20070da4                rx_buffer4
 .bss.gpf_isr   0x20070e2c        0x4 C:\Users\umar.hassan\AppData\Local\arduino15\packages\arduino\hardware\sam\1.6.11\variants\arduino_due_x/libsam_sam3x8e_gcc_rel.a(uotghs.o)
                0x20070e2c                gpf_isr
 .bss.heap.6420
                0x20070e30        0x4 C:\Users\umar.hassan\AppData\Local\Temp\VMBuilds\PhysLoggerFW\arduino_due_x_dbg\Debug/core.a(syscalls_sam3.c.o)
 .bss._cmark    0x20070e34        0x2 C:\Users\umar.hassan\AppData\Local\Temp\VMBuilds\PhysLoggerFW\arduino_due_x_dbg\Debug/core.a(USBCore.cpp.o)
                0x20070e34                _cmark
 .bss._ZL14isEndpointHalt
                0x20070e36        0x1 C:\Users\umar.hassan\AppData\Local\Temp\VMBuilds\PhysLoggerFW\arduino_due_x_dbg\Debug/core.a(USBCore.cpp.o)
 *fill*         0x20070e37        0x1 
 .bss._cdcComposite
                0x20070e38        0x4 C:\Users\umar.hassan\AppData\Local\Temp\VMBuilds\PhysLoggerFW\arduino_due_x_dbg\Debug/core.a(USBCore.cpp.o)
                0x20070e38                _cdcComposite
 .bss._ZL21isRemoteWakeUpEnabled
                0x20070e3c        0x1 C:\Users\umar.hassan\AppData\Local\Temp\VMBuilds\PhysLoggerFW\arduino_due_x_dbg\Debug/core.a(USBCore.cpp.o)
 *fill*         0x20070e3d        0x3 
 .bss._usbInitialized
                0x20070e40        0x4 C:\Users\umar.hassan\AppData\Local\Temp\VMBuilds\PhysLoggerFW\arduino_due_x_dbg\Debug/core.a(USBCore.cpp.o)
                0x20070e40                _usbInitialized
 .bss.USBDevice
                0x20070e44        0x1 C:\Users\umar.hassan\AppData\Local\Temp\VMBuilds\PhysLoggerFW\arduino_due_x_dbg\Debug/core.a(USBCore.cpp.o)
                0x20070e44                USBDevice
 *fill*         0x20070e45        0x3 
 .bss._usbSetInterface
                0x20070e48        0x4 C:\Users\umar.hassan\AppData\Local\Temp\VMBuilds\PhysLoggerFW\arduino_due_x_dbg\Debug/core.a(USBCore.cpp.o)
                0x20070e48                _usbSetInterface
 .bss._cend     0x20070e4c        0x2 C:\Users\umar.hassan\AppData\Local\Temp\VMBuilds\PhysLoggerFW\arduino_due_x_dbg\Debug/core.a(USBCore.cpp.o)
                0x20070e4c                _cend
 *fill*         0x20070e4e        0x2 
 .bss._usbConfiguration
                0x20070e50        0x4 C:\Users\umar.hassan\AppData\Local\Temp\VMBuilds\PhysLoggerFW\arduino_due_x_dbg\Debug/core.a(USBCore.cpp.o)
                0x20070e50                _usbConfiguration
 .bss.cdc_rx_buffer
                0x20070e54      0x208 C:\Users\umar.hassan\AppData\Local\Temp\VMBuilds\PhysLoggerFW\arduino_due_x_dbg\Debug/core.a(CDC.cpp.o)
                0x20070e54                cdc_rx_buffer
 .bss._ZZN7Serial_6acceptEvE5guard
                0x2007105c        0x4 C:\Users\umar.hassan\AppData\Local\Temp\VMBuilds\PhysLoggerFW\arduino_due_x_dbg\Debug/core.a(CDC.cpp.o)
 .bss.SerialUSB
                0x20071060       0x14 C:\Users\umar.hassan\AppData\Local\Temp\VMBuilds\PhysLoggerFW\arduino_due_x_dbg\Debug/core.a(CDC.cpp.o)
                0x20071060                SerialUSB
 .bss._ZZ12PluggableUSBvE3obj
                0x20071074        0x8 C:\Users\umar.hassan\AppData\Local\Temp\VMBuilds\PhysLoggerFW\arduino_due_x_dbg\Debug/core.a(PluggableUSB.cpp.o)
 .bss._ZGVZ12PluggableUSBvE3obj
                0x2007107c        0x4 C:\Users\umar.hassan\AppData\Local\Temp\VMBuilds\PhysLoggerFW\arduino_due_x_dbg\Debug/core.a(PluggableUSB.cpp.o)
 .bss._dwTickCount
                0x20071080        0x4 C:\Users\umar.hassan\AppData\Local\arduino15\packages\arduino\hardware\sam\1.6.11\variants\arduino_due_x/libsam_sam3x8e_gcc_rel.a(timetick.o)
 .bss.ul_recv_fifo_ptr
                0x20071084       0x28 C:\Users\umar.hassan\AppData\Local\arduino15\packages\arduino\hardware\sam\1.6.11\variants\arduino_due_x/libsam_sam3x8e_gcc_rel.a(uotghs_device.o)
 .bss.ul_send_fifo_ptr
                0x200710ac       0x28 C:\Users\umar.hassan\AppData\Local\arduino15\packages\arduino\hardware\sam\1.6.11\variants\arduino_due_x/libsam_sam3x8e_gcc_rel.a(uotghs_device.o)
 .bss.__malloc_max_total_mem
                0x200710d4        0x4 c:/users/umar.hassan/appdata/local/arduino15/packages/arduino/tools/arm-none-eabi-gcc/4.8.3-2014q1/bin/../lib/gcc/arm-none-eabi/4.8.3/../../../../arm-none-eabi/lib/armv7-m\libg.a(lib_a-mallocr.o)
                0x200710d4                __malloc_max_total_mem
 .bss.__malloc_max_sbrked_mem
                0x200710d8        0x4 c:/users/umar.hassan/appdata/local/arduino15/packages/arduino/tools/arm-none-eabi-gcc/4.8.3-2014q1/bin/../lib/gcc/arm-none-eabi/4.8.3/../../../../arm-none-eabi/lib/armv7-m\libg.a(lib_a-mallocr.o)
                0x200710d8                __malloc_max_sbrked_mem
 .bss.__malloc_top_pad
                0x200710dc        0x4 c:/users/umar.hassan/appdata/local/arduino15/packages/arduino/tools/arm-none-eabi-gcc/4.8.3-2014q1/bin/../lib/gcc/arm-none-eabi/4.8.3/../../../../arm-none-eabi/lib/armv7-m\libg.a(lib_a-mallocr.o)
                0x200710dc                __malloc_top_pad
 .bss.__malloc_current_mallinfo
                0x200710e0       0x28 c:/users/umar.hassan/appdata/local/arduino15/packages/arduino/tools/arm-none-eabi-gcc/4.8.3-2014q1/bin/../lib/gcc/arm-none-eabi/4.8.3/../../../../arm-none-eabi/lib/armv7-m\libg.a(lib_a-mallocr.o)
                0x200710e0                __malloc_current_mallinfo
 *(COMMON)
 COMMON         0x20071108        0x4 c:/users/umar.hassan/appdata/local/arduino15/packages/arduino/tools/arm-none-eabi-gcc/4.8.3-2014q1/bin/../lib/gcc/arm-none-eabi/4.8.3/../../../../arm-none-eabi/lib/armv7-m\libg.a(lib_a-reent.o)
                0x20071108                errno
                0x2007110c                . = ALIGN (0x4)
                0x2007110c                _ebss = .
                0x2007110c                _ezero = .
                0x2007110c                . = ALIGN (0x4)
                0x2007110c                _end = .

.stack_dummy    0x2007110c        0x0
 *(.stack*)
                0x20088000                __StackTop = (ORIGIN (ram) + 0x18000)
                0x20088000                __StackLimit = (__StackTop - SIZEOF (.stack_dummy))
                0x20088000                PROVIDE (_sstack, __StackLimit)
                0x20088000                PROVIDE (_estack, __StackTop)
OUTPUT(C:\Users\umar.hassan\AppData\Local\Temp\VMBuilds\PhysLoggerFW\arduino_due_x_dbg\Debug/PhysLoggerFW.ino.elf elf32-littlearm)

.ARM.attributes
                0x00000000       0x29
 .ARM.attributes
                0x00000000       0x1d c:/users/umar.hassan/appdata/local/arduino15/packages/arduino/tools/arm-none-eabi-gcc/4.8.3-2014q1/bin/../lib/gcc/arm-none-eabi/4.8.3/armv7-m/crti.o
 .ARM.attributes
                0x0000001d       0x2d c:/users/umar.hassan/appdata/local/arduino15/packages/arduino/tools/arm-none-eabi-gcc/4.8.3-2014q1/bin/../lib/gcc/arm-none-eabi/4.8.3/armv7-m/crtbegin.o
 .ARM.attributes
                0x0000004a       0x33 C:\Users\umar.hassan\AppData\Local\Temp\VMBuilds\PhysLoggerFW\arduino_due_x_dbg\Debug\PhysLoggerFW.cpp.o
 .ARM.attributes
                0x0000007d       0x33 C:\Users\umar.hassan\AppData\Local\Temp\VMBuilds\PhysLoggerFW\arduino_due_x_dbg\Debug\PacketCommands.cpp.o
 .ARM.attributes
                0x000000b0       0x33 C:\Users\umar.hassan\AppData\Local\Temp\VMBuilds\PhysLoggerFW\arduino_due_x_dbg\Debug\variant\variant.cpp.o
 .ARM.attributes
                0x000000e3       0x33 C:\Users\umar.hassan\AppData\Local\arduino15\packages\arduino\hardware\sam\1.6.11\variants\arduino_due_x/libsam_sam3x8e_gcc_rel.a(pio.o)
 .ARM.attributes
                0x00000116       0x33 C:\Users\umar.hassan\AppData\Local\arduino15\packages\arduino\hardware\sam\1.6.11\variants\arduino_due_x/libsam_sam3x8e_gcc_rel.a(pmc.o)
 .ARM.attributes
                0x00000149       0x33 C:\Users\umar.hassan\AppData\Local\arduino15\packages\arduino\hardware\sam\1.6.11\variants\arduino_due_x/libsam_sam3x8e_gcc_rel.a(system_sam3xa.o)
 .ARM.attributes
                0x0000017c       0x33 C:\Users\umar.hassan\AppData\Local\arduino15\packages\arduino\hardware\sam\1.6.11\variants\arduino_due_x/libsam_sam3x8e_gcc_rel.a(startup_sam3xa.o)
 .ARM.attributes
                0x000001af       0x33 C:\Users\umar.hassan\AppData\Local\arduino15\packages\arduino\hardware\sam\1.6.11\variants\arduino_due_x/libsam_sam3x8e_gcc_rel.a(adc.o)
 .ARM.attributes
                0x000001e2       0x33 C:\Users\umar.hassan\AppData\Local\arduino15\packages\arduino\hardware\sam\1.6.11\variants\arduino_due_x/libsam_sam3x8e_gcc_rel.a(uotghs.o)
 .ARM.attributes
                0x00000215       0x33 C:\Users\umar.hassan\AppData\Local\Temp\VMBuilds\PhysLoggerFW\arduino_due_x_dbg\Debug/core.a(cortex_handlers.c.o)
 .ARM.attributes
                0x00000248       0x33 C:\Users\umar.hassan\AppData\Local\Temp\VMBuilds\PhysLoggerFW\arduino_due_x_dbg\Debug/core.a(hooks.c.o)
 .ARM.attributes
                0x0000027b       0x33 C:\Users\umar.hassan\AppData\Local\Temp\VMBuilds\PhysLoggerFW\arduino_due_x_dbg\Debug/core.a(syscalls_sam3.c.o)
 .ARM.attributes
                0x000002ae       0x33 C:\Users\umar.hassan\AppData\Local\Temp\VMBuilds\PhysLoggerFW\arduino_due_x_dbg\Debug/core.a(wiring.c.o)
 .ARM.attributes
                0x000002e1       0x33 C:\Users\umar.hassan\AppData\Local\Temp\VMBuilds\PhysLoggerFW\arduino_due_x_dbg\Debug/core.a(wiring_analog.c.o)
 .ARM.attributes
                0x00000314       0x33 C:\Users\umar.hassan\AppData\Local\Temp\VMBuilds\PhysLoggerFW\arduino_due_x_dbg\Debug/core.a(wiring_digital.c.o)
 .ARM.attributes
                0x00000347       0x33 C:\Users\umar.hassan\AppData\Local\Temp\VMBuilds\PhysLoggerFW\arduino_due_x_dbg\Debug/core.a(main.cpp.o)
 .ARM.attributes
                0x0000037a       0x33 C:\Users\umar.hassan\AppData\Local\Temp\VMBuilds\PhysLoggerFW\arduino_due_x_dbg\Debug/core.a(new.cpp.o)
 .ARM.attributes
                0x000003ad       0x33 C:\Users\umar.hassan\AppData\Local\Temp\VMBuilds\PhysLoggerFW\arduino_due_x_dbg\Debug/core.a(Print.cpp.o)
 .ARM.attributes
                0x000003e0       0x33 C:\Users\umar.hassan\AppData\Local\Temp\VMBuilds\PhysLoggerFW\arduino_due_x_dbg\Debug/core.a(Reset.cpp.o)
 .ARM.attributes
                0x00000413       0x33 C:\Users\umar.hassan\AppData\Local\Temp\VMBuilds\PhysLoggerFW\arduino_due_x_dbg\Debug/core.a(RingBuffer.cpp.o)
 .ARM.attributes
                0x00000446       0x33 C:\Users\umar.hassan\AppData\Local\Temp\VMBuilds\PhysLoggerFW\arduino_due_x_dbg\Debug/core.a(UARTClass.cpp.o)
 .ARM.attributes
                0x00000479       0x33 C:\Users\umar.hassan\AppData\Local\Temp\VMBuilds\PhysLoggerFW\arduino_due_x_dbg\Debug/core.a(USARTClass.cpp.o)
 .ARM.attributes
                0x000004ac       0x33 C:\Users\umar.hassan\AppData\Local\Temp\VMBuilds\PhysLoggerFW\arduino_due_x_dbg\Debug/core.a(watchdog.cpp.o)
 .ARM.attributes
                0x000004df       0x33 C:\Users\umar.hassan\AppData\Local\Temp\VMBuilds\PhysLoggerFW\arduino_due_x_dbg\Debug/core.a(USBCore.cpp.o)
 .ARM.attributes
                0x00000512       0x33 C:\Users\umar.hassan\AppData\Local\Temp\VMBuilds\PhysLoggerFW\arduino_due_x_dbg\Debug/core.a(CDC.cpp.o)
 .ARM.attributes
                0x00000545       0x33 C:\Users\umar.hassan\AppData\Local\Temp\VMBuilds\PhysLoggerFW\arduino_due_x_dbg\Debug/core.a(PluggableUSB.cpp.o)
 .ARM.attributes
                0x00000578       0x33 C:\Users\umar.hassan\AppData\Local\arduino15\packages\arduino\hardware\sam\1.6.11\variants\arduino_due_x/libsam_sam3x8e_gcc_rel.a(timetick.o)
 .ARM.attributes
                0x000005ab       0x33 C:\Users\umar.hassan\AppData\Local\arduino15\packages\arduino\hardware\sam\1.6.11\variants\arduino_due_x/libsam_sam3x8e_gcc_rel.a(wdt.o)
 .ARM.attributes
                0x000005de       0x33 C:\Users\umar.hassan\AppData\Local\arduino15\packages\arduino\hardware\sam\1.6.11\variants\arduino_due_x/libsam_sam3x8e_gcc_rel.a(interrupt_sam_nvic.o)
 .ARM.attributes
                0x00000611       0x33 C:\Users\umar.hassan\AppData\Local\arduino15\packages\arduino\hardware\sam\1.6.11\variants\arduino_due_x/libsam_sam3x8e_gcc_rel.a(uotghs_device.o)
 .ARM.attributes
                0x00000644       0x2d c:/users/umar.hassan/appdata/local/arduino15/packages/arduino/tools/arm-none-eabi-gcc/4.8.3-2014q1/bin/../lib/gcc/arm-none-eabi/4.8.3/../../../../arm-none-eabi/lib/armv7-m\libg.a(lib_a-impure.o)
 .ARM.attributes
                0x00000671       0x2d c:/users/umar.hassan/appdata/local/arduino15/packages/arduino/tools/arm-none-eabi-gcc/4.8.3-2014q1/bin/../lib/gcc/arm-none-eabi/4.8.3/../../../../arm-none-eabi/lib/armv7-m\libg.a(lib_a-init.o)
 .ARM.attributes
                0x0000069e       0x2d c:/users/umar.hassan/appdata/local/arduino15/packages/arduino/tools/arm-none-eabi-gcc/4.8.3-2014q1/bin/../lib/gcc/arm-none-eabi/4.8.3/../../../../arm-none-eabi/lib/armv7-m\libg.a(lib_a-iprintf.o)
 .ARM.attributes
                0x000006cb       0x2d c:/users/umar.hassan/appdata/local/arduino15/packages/arduino/tools/arm-none-eabi-gcc/4.8.3-2014q1/bin/../lib/gcc/arm-none-eabi/4.8.3/../../../../arm-none-eabi/lib/armv7-m\libg.a(lib_a-malloc.o)
 .ARM.attributes
                0x000006f8       0x2d c:/users/umar.hassan/appdata/local/arduino15/packages/arduino/tools/arm-none-eabi-gcc/4.8.3-2014q1/bin/../lib/gcc/arm-none-eabi/4.8.3/../../../../arm-none-eabi/lib/armv7-m\libg.a(lib_a-mallocr.o)
 .ARM.attributes
                0x00000725       0x1b c:/users/umar.hassan/appdata/local/arduino15/packages/arduino/tools/arm-none-eabi-gcc/4.8.3-2014q1/bin/../lib/gcc/arm-none-eabi/4.8.3/../../../../arm-none-eabi/lib/armv7-m\libg.a(lib_a-memcpy.o)
 .ARM.attributes
                0x00000740       0x2d c:/users/umar.hassan/appdata/local/arduino15/packages/arduino/tools/arm-none-eabi-gcc/4.8.3-2014q1/bin/../lib/gcc/arm-none-eabi/4.8.3/../../../../arm-none-eabi/lib/armv7-m\libg.a(lib_a-memmove.o)
 .ARM.attributes
                0x0000076d       0x2d c:/users/umar.hassan/appdata/local/arduino15/packages/arduino/tools/arm-none-eabi-gcc/4.8.3-2014q1/bin/../lib/gcc/arm-none-eabi/4.8.3/../../../../arm-none-eabi/lib/armv7-m\libg.a(lib_a-memset.o)
 .ARM.attributes
                0x0000079a       0x2d c:/users/umar.hassan/appdata/local/arduino15/packages/arduino/tools/arm-none-eabi-gcc/4.8.3-2014q1/bin/../lib/gcc/arm-none-eabi/4.8.3/../../../../arm-none-eabi/lib/armv7-m\libg.a(lib_a-mlock.o)
 .ARM.attributes
                0x000007c7       0x2d c:/users/umar.hassan/appdata/local/arduino15/packages/arduino/tools/arm-none-eabi-gcc/4.8.3-2014q1/bin/../lib/gcc/arm-none-eabi/4.8.3/../../../../arm-none-eabi/lib/armv7-m\libg.a(lib_a-reallocr.o)
 .ARM.attributes
                0x000007f4       0x2d c:/users/umar.hassan/appdata/local/arduino15/packages/arduino/tools/arm-none-eabi-gcc/4.8.3-2014q1/bin/../lib/gcc/arm-none-eabi/4.8.3/../../../../arm-none-eabi/lib/armv7-m\libg.a(lib_a-sbrkr.o)
 .ARM.attributes
                0x00000821       0x2d c:/users/umar.hassan/appdata/local/arduino15/packages/arduino/tools/arm-none-eabi-gcc/4.8.3-2014q1/bin/../lib/gcc/arm-none-eabi/4.8.3/../../../../arm-none-eabi/lib/armv7-m\libg.a(lib_a-strlen.o)
 .ARM.attributes
                0x0000084e       0x2d c:/users/umar.hassan/appdata/local/arduino15/packages/arduino/tools/arm-none-eabi-gcc/4.8.3-2014q1/bin/../lib/gcc/arm-none-eabi/4.8.3/../../../../arm-none-eabi/lib/armv7-m\libg.a(lib_a-syskill.o)
 .ARM.attributes
                0x0000087b       0x2d c:/users/umar.hassan/appdata/local/arduino15/packages/arduino/tools/arm-none-eabi-gcc/4.8.3-2014q1/bin/../lib/gcc/arm-none-eabi/4.8.3/../../../../arm-none-eabi/lib/armv7-m\libg.a(lib_a-vfiprintf.o)
 .ARM.attributes
                0x000008a8       0x2d c:/users/umar.hassan/appdata/local/arduino15/packages/arduino/tools/arm-none-eabi-gcc/4.8.3-2014q1/bin/../lib/gcc/arm-none-eabi/4.8.3/../../../../arm-none-eabi/lib/armv7-m\libg.a(lib_a-wsetup.o)
 .ARM.attributes
                0x000008d5       0x2d c:/users/umar.hassan/appdata/local/arduino15/packages/arduino/tools/arm-none-eabi-gcc/4.8.3-2014q1/bin/../lib/gcc/arm-none-eabi/4.8.3/../../../../arm-none-eabi/lib/armv7-m\libg.a(lib_a-__call_atexit.o)
 .ARM.attributes
                0x00000902       0x2d c:/users/umar.hassan/appdata/local/arduino15/packages/arduino/tools/arm-none-eabi-gcc/4.8.3-2014q1/bin/../lib/gcc/arm-none-eabi/4.8.3/../../../../arm-none-eabi/lib/armv7-m\libg.a(lib_a-atexit.o)
 .ARM.attributes
                0x0000092f       0x2d c:/users/umar.hassan/appdata/local/arduino15/packages/arduino/tools/arm-none-eabi-gcc/4.8.3-2014q1/bin/../lib/gcc/arm-none-eabi/4.8.3/../../../../arm-none-eabi/lib/armv7-m\libg.a(lib_a-fflush.o)
 .ARM.attributes